DEBUG:paramiko.transport:starting thread (client mode): 0xda6dc760
DEBUG:paramiko.transport:Local version/idstring: SSH-2.0-paramiko_2.7.2
DEBUG:paramiko.transport:Remote version/idstring: SSH-2.0-Comware-7.1.070
INFO:paramiko.transport:Connected (version 2.0, client Comware-7.1.070)
DEBUG:paramiko.transport:kex algos:['ecdh-sha2-nistp256', 'ecdh-sha2-nistp384', 'diffie-hellman-group-exchange-sha1', 'diffie-hellman-group14-sha1', 'diffie-hellman-group1-sha1'] server key:['ssh-rsa'] client encrypt:['aes128-ctr', 'aes192-ctr', 'aes256-ctr', 'AEAD_AES_128_GCM', 'AEAD_AES_256_GCM', 'aes128-cbc', '3des-cbc', 'aes256-cbc', 'des-cbc'] server encrypt:['aes128-ctr', 'aes192-ctr', 'aes256-ctr', 'AEAD_AES_128_GCM', 'AEAD_AES_256_GCM', 'aes128-cbc', '3des-cbc', 'aes256-cbc', 'des-cbc'] client mac:['hmac-sha2-256', 'hmac-sha2-512', 'hmac-sha1', 'hmac-md5', 'hmac-sha1-96', 'hmac-md5-96'] server mac:['hmac-sha2-256', 'hmac-sha2-512', 'hmac-sha1', 'hmac-md5', 'hmac-sha1-96', 'hmac-md5-96'] client compress:['none', 'zlib', 'zlib@openssh.com'] server compress:['none', 'zlib', 'zlib@openssh.com'] client lang:[''] server lang:[''] kex follows?False
DEBUG:paramiko.transport:Kex agreed: ecdh-sha2-nistp256
DEBUG:paramiko.transport:HostKey agreed: ssh-rsa
DEBUG:paramiko.transport:Cipher agreed: aes128-ctr
DEBUG:paramiko.transport:MAC agreed: hmac-sha2-256
DEBUG:paramiko.transport:Compression agreed: none
DEBUG:paramiko.transport:kex engine KexNistp256 specified hash_algo <built-in function openssl_sha256>
DEBUG:paramiko.transport:Switch to new keys ...
DEBUG:paramiko.transport:Adding ssh-rsa host key for 192.168.136.1: b'91b6fba4d581f09405ec87eabef48312'
DEBUG:paramiko.transport:userauth is OK
INFO:paramiko.transport:Authentication (password) successful!
DEBUG:paramiko.transport:[chan 0] Max packet in: 32768 bytes
DEBUG:paramiko.transport:[chan 0] Max packet out: 32768 bytes
DEBUG:paramiko.transport:Secsh channel 0 opened.
DEBUG:paramiko.transport:[chan 0] Sesch channel 0 request ok
DEBUG:paramiko.transport:[chan 0] Sesch channel 0 request ok
DEBUG:netmiko:Pattern is: ((Change now|Please choose))|([\]>]\s*$)
DEBUG:netmiko:_read_channel_expect read_data: 
 
DEBUG:netmiko:_read_channel_expect read_data: ******************************************************************************
* Copyright (c) 2004-2019 New H3C Technologies Co., Ltd. All rights reserved.*
* Without the owner's prior written consent,                                 *
* no decompiling or reverse-engineering shall be allowed.                    *
******************************************************************************

 
DEBUG:netmiko:_read_channel_expect read_data: <core>
DEBUG:netmiko:Pattern found: ((Change now|Please choose))|([\]>]\s*$) 
 ******************************************************************************
* Copyright (c) 2004-2019 New H3C Technologies Co., Ltd. All rights reserved.*
* Without the owner's prior written consent,                                 *
* no decompiling or reverse-engineering shall be allowed.                    *
******************************************************************************

 <core>
DEBUG:netmiko:write_channel: b'N\n'
DEBUG:netmiko:read_channel: N
      ^
 % Unrecognized command found at '^' position.
<core>
DEBUG:netmiko:Clear buffer detects data in the channel
DEBUG:netmiko:read_channel: 
DEBUG:netmiko:Stripping ANSI escape codes
DEBUG:netmiko:new_output = 
DEBUG:netmiko:repr = ''
DEBUG:netmiko:read_channel: 
DEBUG:netmiko:Stripping ANSI escape codes
DEBUG:netmiko:new_output = 
DEBUG:netmiko:repr = ''
DEBUG:netmiko:read_channel: 
DEBUG:netmiko:write_channel: b'\n'
DEBUG:netmiko:Stripping ANSI escape codes
DEBUG:netmiko:new_output = 
<core>
DEBUG:netmiko:repr = '\r\r\n<core>'
DEBUG:netmiko:read_channel: 
<core>
DEBUG:netmiko:Stripping ANSI escape codes
DEBUG:netmiko:new_output = 
DEBUG:netmiko:repr = ''
DEBUG:netmiko:read_channel: 
DEBUG:netmiko:Stripping ANSI escape codes
DEBUG:netmiko:new_output = 
DEBUG:netmiko:repr = ''
DEBUG:netmiko:read_channel: 
DEBUG:netmiko:Stripping ANSI escape codes
DEBUG:netmiko:new_output = 
DEBUG:netmiko:repr = ''
DEBUG:netmiko:read_channel: 
DEBUG:netmiko:write_channel: b'\n'
DEBUG:netmiko:Stripping ANSI escape codes
DEBUG:netmiko:new_output = 
<core>
DEBUG:netmiko:repr = '\r\r\n<core>'
DEBUG:netmiko:read_channel: 
<core>
DEBUG:netmiko:prompt: core
DEBUG:netmiko:In disable_paging
DEBUG:netmiko:Command: screen-length 0 temporary

DEBUG:netmiko:write_channel: b'screen-length 0 temporary\n'
DEBUG:netmiko:Pattern is: screen\-length\ 0\ temporary
DEBUG:netmiko:Stripping ANSI escape codes
DEBUG:netmiko:new_output = screen-length 0 temporary

DEBUG:netmiko:repr = 'screen-length 0 temporary\r\r\n'
DEBUG:netmiko:_read_channel_expect read_data: screen-length 0 temporary

DEBUG:netmiko:Pattern found: screen\-length\ 0\ temporary screen-length 0 temporary

DEBUG:netmiko:screen-length 0 temporary

DEBUG:netmiko:Exiting disable_paging
DEBUG:netmiko:Stripping ANSI escape codes
DEBUG:netmiko:new_output =                     ^
 % Unrecognized command found at '^' position.
<core>
DEBUG:netmiko:repr = "                    ^\r\r\n % Unrecognized command found at '^' position.\r\r\n<core>"
DEBUG:netmiko:read_channel:                     ^
 % Unrecognized command found at '^' position.
<core>
DEBUG:netmiko:Clear buffer detects data in the channel
DEBUG:netmiko:Stripping ANSI escape codes
DEBUG:netmiko:new_output = 
DEBUG:netmiko:repr = ''
DEBUG:netmiko:read_channel: 
DEBUG:netmiko:Stripping ANSI escape codes
DEBUG:netmiko:new_output = 
DEBUG:netmiko:repr = ''
DEBUG:netmiko:read_channel: 
DEBUG:netmiko:write_channel: b'\n'
DEBUG:netmiko:Stripping ANSI escape codes
DEBUG:netmiko:new_output = 
<core>
DEBUG:netmiko:repr = '\r\r\n<core>'
DEBUG:netmiko:read_channel: 
<core>
DEBUG:netmiko:Stripping ANSI escape codes
DEBUG:netmiko:new_output = 
DEBUG:netmiko:repr = ''
DEBUG:netmiko:read_channel: 
DEBUG:netmiko:[find_prompt()]: prompt is <core>
DEBUG:netmiko:Stripping ANSI escape codes
DEBUG:netmiko:new_output = 
DEBUG:netmiko:repr = ''
DEBUG:netmiko:read_channel: 
DEBUG:netmiko:write_channel: b'save force\n'
DEBUG:netmiko:Pattern is: save\ force
DEBUG:netmiko:Stripping ANSI escape codes
DEBUG:netmiko:new_output = save force

DEBUG:netmiko:repr = 'save force\r\r\n'
DEBUG:netmiko:_read_channel_expect read_data: save force

DEBUG:netmiko:Pattern found: save\ force save force

DEBUG:netmiko:Stripping ANSI escape codes
DEBUG:netmiko:new_output = Validating file. Please wait...

DEBUG:netmiko:repr = 'Validating file. Please wait...\r\r\n'
DEBUG:netmiko:read_channel: Validating file. Please wait...

DEBUG:netmiko:Stripping ANSI escape codes
DEBUG:netmiko:new_output = 
DEBUG:netmiko:repr = ''
DEBUG:netmiko:read_channel: 
DEBUG:netmiko:Stripping ANSI escape codes
DEBUG:netmiko:new_output = 
DEBUG:netmiko:repr = ''
DEBUG:netmiko:read_channel: 
DEBUG:netmiko:Stripping ANSI escape codes
DEBUG:netmiko:new_output = 
DEBUG:netmiko:repr = ''
DEBUG:netmiko:read_channel: 
DEBUG:netmiko:Stripping ANSI escape codes
DEBUG:netmiko:new_output = 
DEBUG:netmiko:repr = ''
DEBUG:netmiko:read_channel: 
DEBUG:netmiko:Stripping ANSI escape codes
DEBUG:netmiko:new_output = 
DEBUG:netmiko:repr = ''
DEBUG:netmiko:read_channel: 
DEBUG:netmiko:Stripping ANSI escape codes
DEBUG:netmiko:new_output = 
DEBUG:netmiko:repr = ''
DEBUG:netmiko:read_channel: 
DEBUG:netmiko:Stripping ANSI escape codes
DEBUG:netmiko:new_output = 
DEBUG:netmiko:repr = ''
DEBUG:netmiko:read_channel: 
DEBUG:netmiko:Stripping ANSI escape codes
DEBUG:netmiko:new_output = 
DEBUG:netmiko:repr = ''
DEBUG:netmiko:read_channel: 
DEBUG:netmiko:Stripping ANSI escape codes
DEBUG:netmiko:new_output = 
DEBUG:netmiko:repr = ''
DEBUG:netmiko:read_channel: 
DEBUG:netmiko:Stripping ANSI escape codes
DEBUG:netmiko:new_output = 
DEBUG:netmiko:repr = ''
DEBUG:netmiko:read_channel: 
DEBUG:netmiko:Stripping ANSI escape codes
DEBUG:netmiko:new_output = 
DEBUG:netmiko:repr = ''
DEBUG:netmiko:read_channel: 
DEBUG:netmiko:Stripping ANSI escape codes
DEBUG:netmiko:new_output = 
DEBUG:netmiko:repr = ''
DEBUG:netmiko:read_channel: 
DEBUG:netmiko:Stripping ANSI escape codes
DEBUG:netmiko:new_output = 
DEBUG:netmiko:repr = ''
DEBUG:netmiko:read_channel: 
DEBUG:netmiko:Stripping ANSI escape codes
DEBUG:netmiko:new_output = 
DEBUG:netmiko:repr = ''
DEBUG:netmiko:read_channel: 
DEBUG:netmiko:Stripping ANSI escape codes
DEBUG:netmiko:new_output = 
DEBUG:netmiko:repr = ''
DEBUG:netmiko:read_channel: 
DEBUG:netmiko:Stripping ANSI escape codes
DEBUG:netmiko:new_output = 
DEBUG:netmiko:repr = ''
DEBUG:netmiko:read_channel: 
DEBUG:netmiko:Stripping ANSI escape codes
DEBUG:netmiko:new_output = Saved the current configuration to mainboard device successfully.
Slot 2:

DEBUG:netmiko:repr = 'Saved the current configuration to mainboard device successfully.\r\r\nSlot 2:\r\r\n'
DEBUG:netmiko:read_channel: Saved the current configuration to mainboard device successfully.
Slot 2:

DEBUG:netmiko:Stripping ANSI escape codes
DEBUG:netmiko:new_output = 
DEBUG:netmiko:repr = ''
DEBUG:netmiko:read_channel: 
DEBUG:netmiko:Stripping ANSI escape codes
DEBUG:netmiko:new_output = 
DEBUG:netmiko:repr = ''
DEBUG:netmiko:read_channel: 
DEBUG:netmiko:Stripping ANSI escape codes
DEBUG:netmiko:new_output = 
DEBUG:netmiko:repr = ''
DEBUG:netmiko:read_channel: 
DEBUG:netmiko:Stripping ANSI escape codes
DEBUG:netmiko:new_output = 
DEBUG:netmiko:repr = ''
DEBUG:netmiko:read_channel: 
DEBUG:netmiko:Stripping ANSI escape codes
DEBUG:netmiko:new_output = 
DEBUG:netmiko:repr = ''
DEBUG:netmiko:read_channel: 
DEBUG:netmiko:Stripping ANSI escape codes
DEBUG:netmiko:new_output = 
DEBUG:netmiko:repr = ''
DEBUG:netmiko:read_channel: 
DEBUG:netmiko:Stripping ANSI escape codes
DEBUG:netmiko:new_output = 
DEBUG:netmiko:repr = ''
DEBUG:netmiko:read_channel: 
DEBUG:netmiko:Stripping ANSI escape codes
DEBUG:netmiko:new_output = 
DEBUG:netmiko:repr = ''
DEBUG:netmiko:read_channel: 
DEBUG:netmiko:Stripping ANSI escape codes
DEBUG:netmiko:new_output = 
DEBUG:netmiko:repr = ''
DEBUG:netmiko:read_channel: 
DEBUG:netmiko:Stripping ANSI escape codes
DEBUG:netmiko:new_output = 
DEBUG:netmiko:repr = ''
DEBUG:netmiko:read_channel: 
DEBUG:netmiko:Stripping ANSI escape codes
DEBUG:netmiko:new_output = 
DEBUG:netmiko:repr = ''
DEBUG:netmiko:read_channel: 
DEBUG:netmiko:Stripping ANSI escape codes
DEBUG:netmiko:new_output = 
DEBUG:netmiko:repr = ''
DEBUG:netmiko:read_channel: 
DEBUG:netmiko:Stripping ANSI escape codes
DEBUG:netmiko:new_output = 
DEBUG:netmiko:repr = ''
DEBUG:netmiko:read_channel: 
DEBUG:netmiko:Stripping ANSI escape codes
DEBUG:netmiko:new_output = 
DEBUG:netmiko:repr = ''
DEBUG:netmiko:read_channel: 
DEBUG:netmiko:Stripping ANSI escape codes
DEBUG:netmiko:new_output = 
DEBUG:netmiko:repr = ''
DEBUG:netmiko:read_channel: 
DEBUG:netmiko:Stripping ANSI escape codes
DEBUG:netmiko:new_output = 
DEBUG:netmiko:repr = ''
DEBUG:netmiko:read_channel: 
DEBUG:netmiko:Stripping ANSI escape codes
DEBUG:netmiko:new_output = 
DEBUG:netmiko:repr = ''
DEBUG:netmiko:read_channel: 
DEBUG:netmiko:Stripping ANSI escape codes
DEBUG:netmiko:new_output = 
DEBUG:netmiko:repr = ''
DEBUG:netmiko:read_channel: 
DEBUG:netmiko:Stripping ANSI escape codes
DEBUG:netmiko:new_output = 
DEBUG:netmiko:repr = ''
DEBUG:netmiko:read_channel: 
DEBUG:netmiko:Stripping ANSI escape codes
DEBUG:netmiko:new_output = Save next configuration file successfully.
<core>
DEBUG:netmiko:repr = 'Save next configuration file successfully.\r\r\n<core>'
DEBUG:netmiko:read_channel: Save next configuration file successfully.
<core>
DEBUG:netmiko:write_channel: b'exit\n'
DEBUG:paramiko.transport:starting thread (client mode): 0xa980d760
DEBUG:paramiko.transport:Local version/idstring: SSH-2.0-paramiko_2.7.2
DEBUG:paramiko.transport:Remote version/idstring: SSH-2.0-Comware-7.1.070
INFO:paramiko.transport:Connected (version 2.0, client Comware-7.1.070)
DEBUG:paramiko.transport:kex algos:['ecdh-sha2-nistp256', 'ecdh-sha2-nistp384', 'diffie-hellman-group-exchange-sha1', 'diffie-hellman-group14-sha1', 'diffie-hellman-group1-sha1'] server key:['ssh-rsa'] client encrypt:['aes128-ctr', 'aes192-ctr', 'aes256-ctr', 'AEAD_AES_128_GCM', 'AEAD_AES_256_GCM', 'aes128-cbc', '3des-cbc', 'aes256-cbc', 'des-cbc'] server encrypt:['aes128-ctr', 'aes192-ctr', 'aes256-ctr', 'AEAD_AES_128_GCM', 'AEAD_AES_256_GCM', 'aes128-cbc', '3des-cbc', 'aes256-cbc', 'des-cbc'] client mac:['hmac-sha2-256', 'hmac-sha2-512', 'hmac-sha1', 'hmac-md5', 'hmac-sha1-96', 'hmac-md5-96'] server mac:['hmac-sha2-256', 'hmac-sha2-512', 'hmac-sha1', 'hmac-md5', 'hmac-sha1-96', 'hmac-md5-96'] client compress:['none', 'zlib', 'zlib@openssh.com'] server compress:['none', 'zlib', 'zlib@openssh.com'] client lang:[''] server lang:[''] kex follows?False
DEBUG:paramiko.transport:Kex agreed: ecdh-sha2-nistp256
DEBUG:paramiko.transport:HostKey agreed: ssh-rsa
DEBUG:paramiko.transport:Cipher agreed: aes128-ctr
DEBUG:paramiko.transport:MAC agreed: hmac-sha2-256
DEBUG:paramiko.transport:Compression agreed: none
DEBUG:paramiko.transport:kex engine KexNistp256 specified hash_algo <built-in function openssl_sha256>
DEBUG:paramiko.transport:Switch to new keys ...
DEBUG:paramiko.transport:Adding ssh-rsa host key for 192.168.136.1: b'91b6fba4d581f09405ec87eabef48312'
DEBUG:paramiko.transport:userauth is OK
INFO:paramiko.transport:Authentication (password) successful!
DEBUG:paramiko.transport:[chan 0] Max packet in: 32768 bytes
DEBUG:paramiko.transport:[chan 0] Max packet out: 32768 bytes
DEBUG:paramiko.transport:Secsh channel 0 opened.
DEBUG:paramiko.transport:[chan 0] Sesch channel 0 request ok
DEBUG:paramiko.transport:[chan 0] Sesch channel 0 request ok
DEBUG:netmiko:Pattern is: ((Change now|Please choose))|([\]>]\s*$)
DEBUG:netmiko:_read_channel_expect read_data: 
 
DEBUG:netmiko:_read_channel_expect read_data: ******************************************************************************
* Copyright (c) 2004-2019 New H3C Technologies Co., Ltd. All rights reserved.*
* Without the owner's prior written consent,                                 *
* no decompiling or reverse-engineering shall be allowed.                    *
******************************************************************************

 
DEBUG:netmiko:_read_channel_expect read_data: <core>
DEBUG:netmiko:Pattern found: ((Change now|Please choose))|([\]>]\s*$) 
 ******************************************************************************
* Copyright (c) 2004-2019 New H3C Technologies Co., Ltd. All rights reserved.*
* Without the owner's prior written consent,                                 *
* no decompiling or reverse-engineering shall be allowed.                    *
******************************************************************************

 <core>
DEBUG:netmiko:write_channel: b'N\n'
DEBUG:netmiko:read_channel: N
      ^
 % Unrecognized command found at '^' position.
<core>
DEBUG:netmiko:Clear buffer detects data in the channel
DEBUG:netmiko:read_channel: 
DEBUG:netmiko:Stripping ANSI escape codes
DEBUG:netmiko:new_output = 
DEBUG:netmiko:repr = ''
DEBUG:netmiko:read_channel: 
DEBUG:netmiko:Stripping ANSI escape codes
DEBUG:netmiko:new_output = 
DEBUG:netmiko:repr = ''
DEBUG:netmiko:read_channel: 
DEBUG:netmiko:write_channel: b'\n'
DEBUG:netmiko:Stripping ANSI escape codes
DEBUG:netmiko:new_output = 
<core>
DEBUG:netmiko:repr = '\r\r\n<core>'
DEBUG:netmiko:read_channel: 
<core>
DEBUG:netmiko:Stripping ANSI escape codes
DEBUG:netmiko:new_output = 
DEBUG:netmiko:repr = ''
DEBUG:netmiko:read_channel: 
DEBUG:netmiko:Stripping ANSI escape codes
DEBUG:netmiko:new_output = 
DEBUG:netmiko:repr = ''
DEBUG:netmiko:read_channel: 
DEBUG:netmiko:Stripping ANSI escape codes
DEBUG:netmiko:new_output = 
DEBUG:netmiko:repr = ''
DEBUG:netmiko:read_channel: 
DEBUG:netmiko:write_channel: b'\n'
DEBUG:netmiko:Stripping ANSI escape codes
DEBUG:netmiko:new_output = 
<core>
DEBUG:netmiko:repr = '\r\r\n<core>'
DEBUG:netmiko:read_channel: 
<core>
DEBUG:netmiko:prompt: core
DEBUG:netmiko:In disable_paging
DEBUG:netmiko:Command: screen-length 0 temporary

DEBUG:netmiko:write_channel: b'screen-length 0 temporary\n'
DEBUG:netmiko:Pattern is: screen\-length\ 0\ temporary
DEBUG:netmiko:Stripping ANSI escape codes
DEBUG:netmiko:new_output = screen-le
DEBUG:netmiko:repr = 'screen-le'
DEBUG:netmiko:_read_channel_expect read_data: screen-le
DEBUG:netmiko:Stripping ANSI escape codes
DEBUG:netmiko:new_output = ngth 0 temporary
                    ^
 % Unrecognized command found at '^' position.
<core>
DEBUG:netmiko:repr = "ngth 0 temporary\r\r\n                    ^\r\r\n % Unrecognized command found at '^' position.\r\r\n<core>"
DEBUG:netmiko:_read_channel_expect read_data: ngth 0 temporary
                    ^
 % Unrecognized command found at '^' position.
<core>
DEBUG:netmiko:Pattern found: screen\-length\ 0\ temporary screen-length 0 temporary
                    ^
 % Unrecognized command found at '^' position.
<core>
DEBUG:netmiko:screen-length 0 temporary
                    ^
 % Unrecognized command found at '^' position.
<core>
DEBUG:netmiko:Exiting disable_paging
DEBUG:netmiko:Stripping ANSI escape codes
DEBUG:netmiko:new_output = 
DEBUG:netmiko:repr = ''
DEBUG:netmiko:read_channel: 
DEBUG:netmiko:Stripping ANSI escape codes
DEBUG:netmiko:new_output = 
DEBUG:netmiko:repr = ''
DEBUG:netmiko:read_channel: 
DEBUG:netmiko:write_channel: b'\n'
DEBUG:netmiko:Stripping ANSI escape codes
DEBUG:netmiko:new_output = 
<core>
DEBUG:netmiko:repr = '\r\r\n<core>'
DEBUG:netmiko:read_channel: 
<core>
DEBUG:netmiko:Stripping ANSI escape codes
DEBUG:netmiko:new_output = 
DEBUG:netmiko:repr = ''
DEBUG:netmiko:read_channel: 
DEBUG:netmiko:[find_prompt()]: prompt is <core>
DEBUG:netmiko:Stripping ANSI escape codes
DEBUG:netmiko:new_output = 
DEBUG:netmiko:repr = ''
DEBUG:netmiko:read_channel: 
DEBUG:netmiko:write_channel: b'save force\n'
DEBUG:netmiko:Pattern is: save\ force
DEBUG:netmiko:Stripping ANSI escape codes
DEBUG:netmiko:new_output = save force

DEBUG:netmiko:repr = 'save force\r\r\n'
DEBUG:netmiko:_read_channel_expect read_data: save force

DEBUG:netmiko:Pattern found: save\ force save force

DEBUG:netmiko:Stripping ANSI escape codes
DEBUG:netmiko:new_output = Validating file. Please wait...

DEBUG:netmiko:repr = 'Validating file. Please wait...\r\r\n'
DEBUG:netmiko:read_channel: Validating file. Please wait...

DEBUG:netmiko:Stripping ANSI escape codes
DEBUG:netmiko:new_output = 
DEBUG:netmiko:repr = ''
DEBUG:netmiko:read_channel: 
DEBUG:netmiko:Stripping ANSI escape codes
DEBUG:netmiko:new_output = 
DEBUG:netmiko:repr = ''
DEBUG:netmiko:read_channel: 
DEBUG:netmiko:Stripping ANSI escape codes
DEBUG:netmiko:new_output = 
DEBUG:netmiko:repr = ''
DEBUG:netmiko:read_channel: 
DEBUG:netmiko:Stripping ANSI escape codes
DEBUG:netmiko:new_output = 
DEBUG:netmiko:repr = ''
DEBUG:netmiko:read_channel: 
DEBUG:netmiko:Stripping ANSI escape codes
DEBUG:netmiko:new_output = 
DEBUG:netmiko:repr = ''
DEBUG:netmiko:read_channel: 
DEBUG:netmiko:Stripping ANSI escape codes
DEBUG:netmiko:new_output = 
DEBUG:netmiko:repr = ''
DEBUG:netmiko:read_channel: 
DEBUG:netmiko:Stripping ANSI escape codes
DEBUG:netmiko:new_output = 
DEBUG:netmiko:repr = ''
DEBUG:netmiko:read_channel: 
DEBUG:netmiko:Stripping ANSI escape codes
DEBUG:netmiko:new_output = 
DEBUG:netmiko:repr = ''
DEBUG:netmiko:read_channel: 
DEBUG:netmiko:Stripping ANSI escape codes
DEBUG:netmiko:new_output = 
DEBUG:netmiko:repr = ''
DEBUG:netmiko:read_channel: 
DEBUG:netmiko:Stripping ANSI escape codes
DEBUG:netmiko:new_output = 
DEBUG:netmiko:repr = ''
DEBUG:netmiko:read_channel: 
DEBUG:netmiko:Stripping ANSI escape codes
DEBUG:netmiko:new_output = 
DEBUG:netmiko:repr = ''
DEBUG:netmiko:read_channel: 
DEBUG:netmiko:Stripping ANSI escape codes
DEBUG:netmiko:new_output = 
DEBUG:netmiko:repr = ''
DEBUG:netmiko:read_channel: 
DEBUG:netmiko:Stripping ANSI escape codes
DEBUG:netmiko:new_output = 
DEBUG:netmiko:repr = ''
DEBUG:netmiko:read_channel: 
DEBUG:netmiko:Stripping ANSI escape codes
DEBUG:netmiko:new_output = 
DEBUG:netmiko:repr = ''
DEBUG:netmiko:read_channel: 
DEBUG:netmiko:Stripping ANSI escape codes
DEBUG:netmiko:new_output = 
DEBUG:netmiko:repr = ''
DEBUG:netmiko:read_channel: 
DEBUG:netmiko:Stripping ANSI escape codes
DEBUG:netmiko:new_output = 
DEBUG:netmiko:repr = ''
DEBUG:netmiko:read_channel: 
DEBUG:netmiko:Stripping ANSI escape codes
DEBUG:netmiko:new_output = Saved the current configuration to mainboard device successfully.
Slot 2:

DEBUG:netmiko:repr = 'Saved the current configuration to mainboard device successfully.\r\r\nSlot 2:\r\r\n'
DEBUG:netmiko:read_channel: Saved the current configuration to mainboard device successfully.
Slot 2:

DEBUG:netmiko:Stripping ANSI escape codes
DEBUG:netmiko:new_output = 
DEBUG:netmiko:repr = ''
DEBUG:netmiko:read_channel: 
DEBUG:netmiko:Stripping ANSI escape codes
DEBUG:netmiko:new_output = 
DEBUG:netmiko:repr = ''
DEBUG:netmiko:read_channel: 
DEBUG:netmiko:Stripping ANSI escape codes
DEBUG:netmiko:new_output = 
DEBUG:netmiko:repr = ''
DEBUG:netmiko:read_channel: 
DEBUG:netmiko:Stripping ANSI escape codes
DEBUG:netmiko:new_output = 
DEBUG:netmiko:repr = ''
DEBUG:netmiko:read_channel: 
DEBUG:netmiko:Stripping ANSI escape codes
DEBUG:netmiko:new_output = 
DEBUG:netmiko:repr = ''
DEBUG:netmiko:read_channel: 
DEBUG:netmiko:Stripping ANSI escape codes
DEBUG:netmiko:new_output = 
DEBUG:netmiko:repr = ''
DEBUG:netmiko:read_channel: 
DEBUG:netmiko:Stripping ANSI escape codes
DEBUG:netmiko:new_output = 
DEBUG:netmiko:repr = ''
DEBUG:netmiko:read_channel: 
DEBUG:netmiko:Stripping ANSI escape codes
DEBUG:netmiko:new_output = 
DEBUG:netmiko:repr = ''
DEBUG:netmiko:read_channel: 
DEBUG:netmiko:Stripping ANSI escape codes
DEBUG:netmiko:new_output = 
DEBUG:netmiko:repr = ''
DEBUG:netmiko:read_channel: 
DEBUG:netmiko:Stripping ANSI escape codes
DEBUG:netmiko:new_output = 
DEBUG:netmiko:repr = ''
DEBUG:netmiko:read_channel: 
DEBUG:netmiko:Stripping ANSI escape codes
DEBUG:netmiko:new_output = 
DEBUG:netmiko:repr = ''
DEBUG:netmiko:read_channel: 
DEBUG:netmiko:Stripping ANSI escape codes
DEBUG:netmiko:new_output = 
DEBUG:netmiko:repr = ''
DEBUG:netmiko:read_channel: 
DEBUG:netmiko:Stripping ANSI escape codes
DEBUG:netmiko:new_output = 
DEBUG:netmiko:repr = ''
DEBUG:netmiko:read_channel: 
DEBUG:netmiko:Stripping ANSI escape codes
DEBUG:netmiko:new_output = 
DEBUG:netmiko:repr = ''
DEBUG:netmiko:read_channel: 
DEBUG:netmiko:Stripping ANSI escape codes
DEBUG:netmiko:new_output = 
DEBUG:netmiko:repr = ''
DEBUG:netmiko:read_channel: 
DEBUG:netmiko:Stripping ANSI escape codes
DEBUG:netmiko:new_output = 
DEBUG:netmiko:repr = ''
DEBUG:netmiko:read_channel: 
DEBUG:netmiko:Stripping ANSI escape codes
DEBUG:netmiko:new_output = 
DEBUG:netmiko:repr = ''
DEBUG:netmiko:read_channel: 
DEBUG:netmiko:Stripping ANSI escape codes
DEBUG:netmiko:new_output = 
DEBUG:netmiko:repr = ''
DEBUG:netmiko:read_channel: 
DEBUG:netmiko:Stripping ANSI escape codes
DEBUG:netmiko:new_output = 
DEBUG:netmiko:repr = ''
DEBUG:netmiko:read_channel: 
DEBUG:netmiko:Stripping ANSI escape codes
DEBUG:netmiko:new_output = 
DEBUG:netmiko:repr = ''
DEBUG:netmiko:read_channel: 
DEBUG:netmiko:Stripping ANSI escape codes
DEBUG:netmiko:new_output = Save next configuration file successfully.
<core>
DEBUG:netmiko:repr = 'Save next configuration file successfully.\r\r\n<core>'
DEBUG:netmiko:read_channel: Save next configuration file successfully.
<core>
DEBUG:netmiko:write_channel: b'exit\n'
DEBUG:paramiko.transport:starting thread (client mode): 0x94618910
DEBUG:paramiko.transport:Local version/idstring: SSH-2.0-paramiko_2.7.2
DEBUG:paramiko.transport:Remote version/idstring: SSH-2.0-Comware-7.1.070
INFO:paramiko.transport:Connected (version 2.0, client Comware-7.1.070)
DEBUG:paramiko.transport:kex algos:['ecdh-sha2-nistp256', 'ecdh-sha2-nistp384', 'diffie-hellman-group-exchange-sha1', 'diffie-hellman-group14-sha1', 'diffie-hellman-group1-sha1'] server key:['ssh-rsa'] client encrypt:['aes128-ctr', 'aes192-ctr', 'aes256-ctr', 'AEAD_AES_128_GCM', 'AEAD_AES_256_GCM', 'aes128-cbc', '3des-cbc', 'aes256-cbc', 'des-cbc'] server encrypt:['aes128-ctr', 'aes192-ctr', 'aes256-ctr', 'AEAD_AES_128_GCM', 'AEAD_AES_256_GCM', 'aes128-cbc', '3des-cbc', 'aes256-cbc', 'des-cbc'] client mac:['hmac-sha2-256', 'hmac-sha2-512', 'hmac-sha1', 'hmac-md5', 'hmac-sha1-96', 'hmac-md5-96'] server mac:['hmac-sha2-256', 'hmac-sha2-512', 'hmac-sha1', 'hmac-md5', 'hmac-sha1-96', 'hmac-md5-96'] client compress:['none', 'zlib', 'zlib@openssh.com'] server compress:['none', 'zlib', 'zlib@openssh.com'] client lang:[''] server lang:[''] kex follows?False
DEBUG:paramiko.transport:Kex agreed: ecdh-sha2-nistp256
DEBUG:paramiko.transport:HostKey agreed: ssh-rsa
DEBUG:paramiko.transport:Cipher agreed: aes128-ctr
DEBUG:paramiko.transport:MAC agreed: hmac-sha2-256
DEBUG:paramiko.transport:Compression agreed: none
DEBUG:paramiko.transport:kex engine KexNistp256 specified hash_algo <built-in function openssl_sha256>
DEBUG:paramiko.transport:Switch to new keys ...
DEBUG:paramiko.transport:Adding ssh-rsa host key for 192.168.136.1: b'91b6fba4d581f09405ec87eabef48312'
DEBUG:paramiko.transport:userauth is OK
INFO:paramiko.transport:Authentication (password) successful!
DEBUG:paramiko.transport:[chan 0] Max packet in: 32768 bytes
DEBUG:paramiko.transport:[chan 0] Max packet out: 32768 bytes
DEBUG:paramiko.transport:Secsh channel 0 opened.
DEBUG:paramiko.transport:[chan 0] Sesch channel 0 request ok
DEBUG:paramiko.transport:[chan 0] Sesch channel 0 request ok
DEBUG:netmiko:Pattern is: ((Change now|Please choose))|([\]>]\s*$)
DEBUG:netmiko:_read_channel_expect read_data: 
 
DEBUG:netmiko:_read_channel_expect read_data: ******************************************************************************
* Copyright (c) 2004-2019 New H3C Technologies Co., Ltd. All rights reserved.*
* Without the owner's prior written consent,                                 *
* no decompiling or reverse-engineering shall be allowed.                    *
******************************************************************************

 
DEBUG:netmiko:_read_channel_expect read_data: <core>
DEBUG:netmiko:Pattern found: ((Change now|Please choose))|([\]>]\s*$) 
 ******************************************************************************
* Copyright (c) 2004-2019 New H3C Technologies Co., Ltd. All rights reserved.*
* Without the owner's prior written consent,                                 *
* no decompiling or reverse-engineering shall be allowed.                    *
******************************************************************************

 <core>
DEBUG:netmiko:write_channel: b'N\n'
DEBUG:netmiko:read_channel: N
      ^
 % Unrecognized command found at '^' position.
<core>
DEBUG:netmiko:Clear buffer detects data in the channel
DEBUG:netmiko:read_channel: 
DEBUG:netmiko:Stripping ANSI escape codes
DEBUG:netmiko:new_output = 
DEBUG:netmiko:repr = ''
DEBUG:netmiko:read_channel: 
DEBUG:netmiko:Stripping ANSI escape codes
DEBUG:netmiko:new_output = 
DEBUG:netmiko:repr = ''
DEBUG:netmiko:read_channel: 
DEBUG:netmiko:write_channel: b'\n'
DEBUG:netmiko:Stripping ANSI escape codes
DEBUG:netmiko:new_output = 
<core>
DEBUG:netmiko:repr = '\r\r\n<core>'
DEBUG:netmiko:read_channel: 
<core>
DEBUG:netmiko:Stripping ANSI escape codes
DEBUG:netmiko:new_output = 
DEBUG:netmiko:repr = ''
DEBUG:netmiko:read_channel: 
DEBUG:netmiko:Stripping ANSI escape codes
DEBUG:netmiko:new_output = 
DEBUG:netmiko:repr = ''
DEBUG:netmiko:read_channel: 
DEBUG:netmiko:Stripping ANSI escape codes
DEBUG:netmiko:new_output = 
DEBUG:netmiko:repr = ''
DEBUG:netmiko:read_channel: 
DEBUG:netmiko:write_channel: b'\n'
DEBUG:netmiko:Stripping ANSI escape codes
DEBUG:netmiko:new_output = 
<core>
DEBUG:netmiko:repr = '\r\r\n<core>'
DEBUG:netmiko:read_channel: 
<core>
DEBUG:netmiko:prompt: core
DEBUG:netmiko:In disable_paging
DEBUG:netmiko:Command: screen-length 0 temporary

DEBUG:netmiko:write_channel: b'screen-length 0 temporary\n'
DEBUG:netmiko:Pattern is: screen\-length\ 0\ temporary
DEBUG:netmiko:Stripping ANSI escape codes
DEBUG:netmiko:new_output = screen-length 0 temporary

DEBUG:netmiko:repr = 'screen-length 0 temporary\r\r\n'
DEBUG:netmiko:_read_channel_expect read_data: screen-length 0 temporary

DEBUG:netmiko:Pattern found: screen\-length\ 0\ temporary screen-length 0 temporary

DEBUG:netmiko:screen-length 0 temporary

DEBUG:netmiko:Exiting disable_paging
DEBUG:netmiko:Stripping ANSI escape codes
DEBUG:netmiko:new_output =                     ^
 % Unrecognized command found at '^' position.
<core>
DEBUG:netmiko:repr = "                    ^\r\r\n % Unrecognized command found at '^' position.\r\r\n<core>"
DEBUG:netmiko:read_channel:                     ^
 % Unrecognized command found at '^' position.
<core>
DEBUG:netmiko:Clear buffer detects data in the channel
DEBUG:netmiko:Stripping ANSI escape codes
DEBUG:netmiko:new_output = 
DEBUG:netmiko:repr = ''
DEBUG:netmiko:read_channel: 
DEBUG:netmiko:Stripping ANSI escape codes
DEBUG:netmiko:new_output = 
DEBUG:netmiko:repr = ''
DEBUG:netmiko:read_channel: 
DEBUG:netmiko:write_channel: b'\n'
DEBUG:netmiko:Stripping ANSI escape codes
DEBUG:netmiko:new_output = 
<core>
DEBUG:netmiko:repr = '\r\r\n<core>'
DEBUG:netmiko:read_channel: 
<core>
DEBUG:netmiko:Stripping ANSI escape codes
DEBUG:netmiko:new_output = 
DEBUG:netmiko:repr = ''
DEBUG:netmiko:read_channel: 
DEBUG:netmiko:[find_prompt()]: prompt is <core>
DEBUG:netmiko:Stripping ANSI escape codes
DEBUG:netmiko:new_output = 
DEBUG:netmiko:repr = ''
DEBUG:netmiko:read_channel: 
DEBUG:netmiko:write_channel: b'dis current-configuration | include static-bind.*aaaa-bbbb-cccc\n'
DEBUG:netmiko:Pattern is: dis\ current\-configuration\ \|\ include\ static\-bind\.\*aaaa\-bbbb\-cccc
DEBUG:netmiko:Stripping ANSI escape codes
DEBUG:netmiko:new_output = dis current-configuration | include static-b
DEBUG:netmiko:repr = 'dis current-configuration | include static-b'
DEBUG:netmiko:_read_channel_expect read_data: dis current-configuration | include static-b
DEBUG:netmiko:Stripping ANSI escape codes
DEBUG:netmiko:new_output = ind.*aaaa-bbbb-cccc

DEBUG:netmiko:repr = 'ind.*aaaa-bbbb-cccc\r\r\n'
DEBUG:netmiko:_read_channel_expect read_data: ind.*aaaa-bbbb-cccc

DEBUG:netmiko:Pattern found: dis\ current\-configuration\ \|\ include\ static\-bind\.\*aaaa\-bbbb\-cccc dis current-configuration | include static-bind.*aaaa-bbbb-cccc

DEBUG:netmiko:Stripping ANSI escape codes
DEBUG:netmiko:new_output = 
DEBUG:netmiko:repr = ''
DEBUG:netmiko:read_channel: 
DEBUG:netmiko:Stripping ANSI escape codes
DEBUG:netmiko:new_output = 
DEBUG:netmiko:repr = ''
DEBUG:netmiko:read_channel: 
DEBUG:netmiko:Stripping ANSI escape codes
DEBUG:netmiko:new_output = 
DEBUG:netmiko:repr = ''
DEBUG:netmiko:read_channel: 
DEBUG:netmiko:Stripping ANSI escape codes
DEBUG:netmiko:new_output = 
DEBUG:netmiko:repr = ''
DEBUG:netmiko:read_channel: 
DEBUG:netmiko:Stripping ANSI escape codes
DEBUG:netmiko:new_output = 
DEBUG:netmiko:repr = ''
DEBUG:netmiko:read_channel: 
DEBUG:netmiko:Stripping ANSI escape codes
DEBUG:netmiko:new_output = 
DEBUG:netmiko:repr = ''
DEBUG:netmiko:read_channel: 
DEBUG:netmiko:Stripping ANSI escape codes
DEBUG:netmiko:new_output = 
DEBUG:netmiko:repr = ''
DEBUG:netmiko:read_channel: 
DEBUG:netmiko:Stripping ANSI escape codes
DEBUG:netmiko:new_output = 
DEBUG:netmiko:repr = ''
DEBUG:netmiko:read_channel: 
DEBUG:netmiko:Stripping ANSI escape codes
DEBUG:netmiko:new_output = 
DEBUG:netmiko:repr = ''
DEBUG:netmiko:read_channel: 
DEBUG:netmiko:Stripping ANSI escape codes
DEBUG:netmiko:new_output = 
DEBUG:netmiko:repr = ''
DEBUG:netmiko:read_channel: 
DEBUG:netmiko:Stripping ANSI escape codes
DEBUG:netmiko:new_output = <core>
DEBUG:netmiko:repr = '<core>'
DEBUG:netmiko:read_channel: <core>
DEBUG:netmiko:Stripping ANSI escape codes
DEBUG:netmiko:new_output = 
DEBUG:netmiko:repr = ''
DEBUG:netmiko:read_channel: 
DEBUG:netmiko:write_channel: b'\n'
DEBUG:netmiko:Stripping ANSI escape codes
DEBUG:netmiko:new_output = 
<core>
DEBUG:netmiko:repr = '\r\r\n<core>'
DEBUG:netmiko:read_channel: 
<core>
DEBUG:netmiko:Stripping ANSI escape codes
DEBUG:netmiko:new_output = 
DEBUG:netmiko:repr = ''
DEBUG:netmiko:read_channel: 
DEBUG:netmiko:[find_prompt()]: prompt is <core>
DEBUG:netmiko:Stripping ANSI escape codes
DEBUG:netmiko:new_output = 
DEBUG:netmiko:repr = ''
DEBUG:netmiko:read_channel: 
DEBUG:netmiko:write_channel: b'dis current-configuration | include "static-bind.*192.168.214.199 mask"\n'
DEBUG:netmiko:Pattern is: dis\ current\-configuration\ \|\ include\ "static\-bind\.\*192\.168\.214\.199\ mask"
DEBUG:netmiko:Stripping ANSI escape codes
DEBUG:netmiko:new_output = dis current-configuration | include "static-bind.
DEBUG:netmiko:repr = 'dis current-configuration | include "static-bind.'
DEBUG:netmiko:_read_channel_expect read_data: dis current-configuration | include "static-bind.
DEBUG:netmiko:Stripping ANSI escape codes
DEBUG:netmiko:new_output = *192.168.214.199 mask"

DEBUG:netmiko:repr = '*192.168.214.199 mask"\r\r\n'
DEBUG:netmiko:_read_channel_expect read_data: *192.168.214.199 mask"

DEBUG:netmiko:Pattern found: dis\ current\-configuration\ \|\ include\ "static\-bind\.\*192\.168\.214\.199\ mask" dis current-configuration | include "static-bind.*192.168.214.199 mask"

DEBUG:netmiko:Stripping ANSI escape codes
DEBUG:netmiko:new_output = 
DEBUG:netmiko:repr = ''
DEBUG:netmiko:read_channel: 
DEBUG:netmiko:Stripping ANSI escape codes
DEBUG:netmiko:new_output = 
DEBUG:netmiko:repr = ''
DEBUG:netmiko:read_channel: 
DEBUG:netmiko:Stripping ANSI escape codes
DEBUG:netmiko:new_output = 
DEBUG:netmiko:repr = ''
DEBUG:netmiko:read_channel: 
DEBUG:netmiko:Stripping ANSI escape codes
DEBUG:netmiko:new_output = 
DEBUG:netmiko:repr = ''
DEBUG:netmiko:read_channel: 
DEBUG:netmiko:Stripping ANSI escape codes
DEBUG:netmiko:new_output = 
DEBUG:netmiko:repr = ''
DEBUG:netmiko:read_channel: 
DEBUG:netmiko:Stripping ANSI escape codes
DEBUG:netmiko:new_output = 
DEBUG:netmiko:repr = ''
DEBUG:netmiko:read_channel: 
DEBUG:netmiko:Stripping ANSI escape codes
DEBUG:netmiko:new_output = 
DEBUG:netmiko:repr = ''
DEBUG:netmiko:read_channel: 
DEBUG:netmiko:Stripping ANSI escape codes
DEBUG:netmiko:new_output = 
DEBUG:netmiko:repr = ''
DEBUG:netmiko:read_channel: 
DEBUG:netmiko:Stripping ANSI escape codes
DEBUG:netmiko:new_output = 
DEBUG:netmiko:repr = ''
DEBUG:netmiko:read_channel: 
DEBUG:netmiko:Stripping ANSI escape codes
DEBUG:netmiko:new_output = <core>
DEBUG:netmiko:repr = '<core>'
DEBUG:netmiko:read_channel: <core>
DEBUG:netmiko:write_channel: b'\n'
DEBUG:netmiko:Stripping ANSI escape codes
DEBUG:netmiko:new_output = 
<core>
DEBUG:netmiko:repr = '\r\r\n<core>'
DEBUG:netmiko:read_channel: 
<core>
DEBUG:netmiko:Stripping ANSI escape codes
DEBUG:netmiko:new_output = 
DEBUG:netmiko:repr = ''
DEBUG:netmiko:read_channel: 
DEBUG:netmiko:Stripping ANSI escape codes
DEBUG:netmiko:new_output = 
DEBUG:netmiko:repr = ''
DEBUG:netmiko:read_channel: 
DEBUG:netmiko:write_channel: b'system-view\n'
DEBUG:netmiko:Pattern is: system\-view
DEBUG:netmiko:Stripping ANSI escape codes
DEBUG:netmiko:new_output = system-view

DEBUG:netmiko:repr = 'system-view\r\r\n'
DEBUG:netmiko:_read_channel_expect read_data: system-view

DEBUG:netmiko:Pattern found: system\-view system-view

DEBUG:netmiko:Pattern is: core
DEBUG:netmiko:Stripping ANSI escape codes
DEBUG:netmiko:new_output = System View: return to User View with Ctrl+Z.

DEBUG:netmiko:repr = 'System View: return to User View with Ctrl+Z.\r\r\n'
DEBUG:netmiko:_read_channel_expect read_data: System View: return to User View with Ctrl+Z.

DEBUG:netmiko:Stripping ANSI escape codes
DEBUG:netmiko:new_output = [core]
DEBUG:netmiko:repr = '[core]'
DEBUG:netmiko:_read_channel_expect read_data: [core]
DEBUG:netmiko:Pattern found: core System View: return to User View with Ctrl+Z.
[core]
DEBUG:netmiko:write_channel: b'\n'
DEBUG:netmiko:Stripping ANSI escape codes
DEBUG:netmiko:new_output = 
[core]
DEBUG:netmiko:repr = '\r\r\n[core]'
DEBUG:netmiko:read_channel: 
[core]
DEBUG:netmiko:Stripping ANSI escape codes
DEBUG:netmiko:new_output = 
DEBUG:netmiko:repr = ''
DEBUG:netmiko:read_channel: 
DEBUG:netmiko:Stripping ANSI escape codes
DEBUG:netmiko:new_output = 
DEBUG:netmiko:repr = ''
DEBUG:netmiko:read_channel: 
DEBUG:netmiko:write_channel: b'dhcp server ip-pool vlan214\n'
DEBUG:netmiko:Pattern is: dhcp\ server\ ip\-pool\ vlan214
DEBUG:netmiko:Stripping ANSI escape codes
DEBUG:netmiko:new_output = dhcp server ip-pool vlan214

DEBUG:netmiko:repr = 'dhcp server ip-pool vlan214\r\r\n'
DEBUG:netmiko:_read_channel_expect read_data: dhcp server ip-pool vlan214

DEBUG:netmiko:Pattern found: dhcp\ server\ ip\-pool\ vlan214 dhcp server ip-pool vlan214

DEBUG:netmiko:Pattern is: (?:core|#)
DEBUG:netmiko:Stripping ANSI escape codes
DEBUG:netmiko:new_output = [core-dhcp-pool-vlan214]
DEBUG:netmiko:repr = '[core-dhcp-pool-vlan214]'
DEBUG:netmiko:_read_channel_expect read_data: [core-dhcp-pool-vlan214]
DEBUG:netmiko:Pattern found: (?:core|#) [core-dhcp-pool-vlan214]
DEBUG:netmiko:write_channel: b'static-bind ip-address 192.168.214.199 24 hardware-address aaaa-bbbb-cccc\n'
DEBUG:netmiko:Pattern is: static\-bind\ ip\-address\ 192\.168\.214\.199\ 24\ hardware\-address\ aaaa\-bbbb\-cccc
DEBUG:netmiko:Stripping ANSI escape codes
DEBUG:netmiko:new_output = s
DEBUG:netmiko:repr = 's'
DEBUG:netmiko:_read_channel_expect read_data: s
DEBUG:netmiko:Stripping ANSI escape codes
DEBUG:netmiko:new_output = tatic-bind ip-address 192.168.214.199 24 hardware-address aaaa-bbbb-cccc
[core-dhcp-pool-vlan214]
DEBUG:netmiko:repr = 'tatic-bind ip-address 192.168.214.199 24 hardware-address aaaa-bbbb-cccc\r\r\n[core-dhcp-pool-vlan214]'
DEBUG:netmiko:_read_channel_expect read_data: tatic-bind ip-address 192.168.214.199 24 hardware-address aaaa-bbbb-cccc
[core-dhcp-pool-vlan214]
DEBUG:netmiko:Pattern found: static\-bind\ ip\-address\ 192\.168\.214\.199\ 24\ hardware\-address\ aaaa\-bbbb\-cccc static-bind ip-address 192.168.214.199 24 hardware-address aaaa-bbbb-cccc
[core-dhcp-pool-vlan214]
DEBUG:netmiko:write_channel: b'\n'
DEBUG:netmiko:Stripping ANSI escape codes
DEBUG:netmiko:new_output = 
[core-dhcp-pool-vlan214]
DEBUG:netmiko:repr = '\r\r\n[core-dhcp-pool-vlan214]'
DEBUG:netmiko:read_channel: 
[core-dhcp-pool-vlan214]
DEBUG:netmiko:Stripping ANSI escape codes
DEBUG:netmiko:new_output = 
DEBUG:netmiko:repr = ''
DEBUG:netmiko:read_channel: 
DEBUG:netmiko:Stripping ANSI escape codes
DEBUG:netmiko:new_output = 
DEBUG:netmiko:repr = ''
DEBUG:netmiko:read_channel: 
DEBUG:netmiko:write_channel: b'return\n'
DEBUG:netmiko:Pattern is: return
DEBUG:netmiko:Stripping ANSI escape codes
DEBUG:netmiko:new_output = return
DEBUG:netmiko:repr = 'return'
DEBUG:netmiko:_read_channel_expect read_data: return
DEBUG:netmiko:Pattern found: return return
DEBUG:netmiko:Pattern is: >
DEBUG:netmiko:Stripping ANSI escape codes
DEBUG:netmiko:new_output = 

DEBUG:netmiko:repr = '\r\r\n'
DEBUG:netmiko:_read_channel_expect read_data: 

DEBUG:netmiko:Stripping ANSI escape codes
DEBUG:netmiko:new_output = <core>
DEBUG:netmiko:repr = '<core>'
DEBUG:netmiko:_read_channel_expect read_data: <core>
DEBUG:netmiko:Pattern found: > 
<core>
DEBUG:netmiko:write_channel: b'\n'
DEBUG:netmiko:Stripping ANSI escape codes
DEBUG:netmiko:new_output = 
<core>
DEBUG:netmiko:repr = '\r\r\n<core>'
DEBUG:netmiko:read_channel: 
<core>
DEBUG:netmiko:Stripping ANSI escape codes
DEBUG:netmiko:new_output = 
DEBUG:netmiko:repr = ''
DEBUG:netmiko:read_channel: 
DEBUG:netmiko:Stripping ANSI escape codes
DEBUG:netmiko:new_output = 
DEBUG:netmiko:repr = ''
DEBUG:netmiko:read_channel: 
DEBUG:netmiko:exit_config_mode: return
<core>
DEBUG:netmiko:system-view
System View: return to User View with Ctrl+Z.
[core]dhcp server ip-pool vlan214
[core-dhcp-pool-vlan214]static-bind ip-address 192.168.214.199 24 hardware-address aaaa-bbbb-cccc
[core-dhcp-pool-vlan214]return
<core>
DEBUG:netmiko:Stripping ANSI escape codes
DEBUG:netmiko:new_output = 
DEBUG:netmiko:repr = ''
DEBUG:netmiko:read_channel: 
DEBUG:netmiko:write_channel: b'\n'
DEBUG:netmiko:Stripping ANSI escape codes
DEBUG:netmiko:new_output = 
<core>
DEBUG:netmiko:repr = '\r\r\n<core>'
DEBUG:netmiko:read_channel: 
<core>
DEBUG:netmiko:Stripping ANSI escape codes
DEBUG:netmiko:new_output = 
DEBUG:netmiko:repr = ''
DEBUG:netmiko:read_channel: 
DEBUG:netmiko:[find_prompt()]: prompt is <core>
DEBUG:netmiko:Stripping ANSI escape codes
DEBUG:netmiko:new_output = 
DEBUG:netmiko:repr = ''
DEBUG:netmiko:read_channel: 
DEBUG:netmiko:write_channel: b'dis current-configuration | include static-bind.*aaaa-bbbb-cccc\n'
DEBUG:netmiko:Pattern is: dis\ current\-configuration\ \|\ include\ static\-bind\.\*aaaa\-bbbb\-cccc
DEBUG:netmiko:Stripping ANSI escape codes
DEBUG:netmiko:new_output = dis current-configuration | include static-bind.*aaaa-bbbb-cccc

DEBUG:netmiko:repr = 'dis current-configuration | include static-bind.*aaaa-bbbb-cccc\r\r\n'
DEBUG:netmiko:_read_channel_expect read_data: dis current-configuration | include static-bind.*aaaa-bbbb-cccc

DEBUG:netmiko:Pattern found: dis\ current\-configuration\ \|\ include\ static\-bind\.\*aaaa\-bbbb\-cccc dis current-configuration | include static-bind.*aaaa-bbbb-cccc

DEBUG:netmiko:Stripping ANSI escape codes
DEBUG:netmiko:new_output = 
DEBUG:netmiko:repr = ''
DEBUG:netmiko:read_channel: 
DEBUG:netmiko:Stripping ANSI escape codes
DEBUG:netmiko:new_output = 
DEBUG:netmiko:repr = ''
DEBUG:netmiko:read_channel: 
DEBUG:netmiko:Stripping ANSI escape codes
DEBUG:netmiko:new_output = 
DEBUG:netmiko:repr = ''
DEBUG:netmiko:read_channel: 
DEBUG:netmiko:Stripping ANSI escape codes
DEBUG:netmiko:new_output = 
DEBUG:netmiko:repr = ''
DEBUG:netmiko:read_channel: 
DEBUG:netmiko:Stripping ANSI escape codes
DEBUG:netmiko:new_output = 
DEBUG:netmiko:repr = ''
DEBUG:netmiko:read_channel: 
DEBUG:netmiko:Stripping ANSI escape codes
DEBUG:netmiko:new_output = 
DEBUG:netmiko:repr = ''
DEBUG:netmiko:read_channel: 
DEBUG:netmiko:Stripping ANSI escape codes
DEBUG:netmiko:new_output = 
DEBUG:netmiko:repr = ''
DEBUG:netmiko:read_channel: 
DEBUG:netmiko:Stripping ANSI escape codes
DEBUG:netmiko:new_output = 
DEBUG:netmiko:repr = ''
DEBUG:netmiko:read_channel: 
DEBUG:netmiko:Stripping ANSI escape codes
DEBUG:netmiko:new_output = 
DEBUG:netmiko:repr = ''
DEBUG:netmiko:read_channel: 
DEBUG:netmiko:Stripping ANSI escape codes
DEBUG:netmiko:new_output =  static-bind ip-address 192.168.214.199 mask 255.255.255.0 hardware-address aaaa-bbbb-cccc
<core>
DEBUG:netmiko:repr = ' static-bind ip-address 192.168.214.199 mask 255.255.255.0 hardware-address aaaa-bbbb-cccc\r\r\n<core>'
DEBUG:netmiko:read_channel:  static-bind ip-address 192.168.214.199 mask 255.255.255.0 hardware-address aaaa-bbbb-cccc
<core>
DEBUG:netmiko:Stripping ANSI escape codes
DEBUG:netmiko:new_output = 
DEBUG:netmiko:repr = ''
DEBUG:netmiko:read_channel: 
DEBUG:netmiko:write_channel: b'\n'
DEBUG:netmiko:Stripping ANSI escape codes
DEBUG:netmiko:new_output = 
<core>
DEBUG:netmiko:repr = '\r\r\n<core>'
DEBUG:netmiko:read_channel: 
<core>
DEBUG:netmiko:Stripping ANSI escape codes
DEBUG:netmiko:new_output = 
DEBUG:netmiko:repr = ''
DEBUG:netmiko:read_channel: 
DEBUG:netmiko:[find_prompt()]: prompt is <core>
DEBUG:netmiko:Stripping ANSI escape codes
DEBUG:netmiko:new_output = 
DEBUG:netmiko:repr = ''
DEBUG:netmiko:read_channel: 
DEBUG:netmiko:write_channel: b'dis current-configuration | include "static-bind.*192.168.214.211 mask"\n'
DEBUG:netmiko:Pattern is: dis\ current\-configuration\ \|\ include\ "static\-bind\.\*192\.168\.214\.211\ mask"
DEBUG:netmiko:Stripping ANSI escape codes
DEBUG:netmiko:new_output = dis current-config
DEBUG:netmiko:repr = 'dis current-config'
DEBUG:netmiko:_read_channel_expect read_data: dis current-config
DEBUG:netmiko:Stripping ANSI escape codes
DEBUG:netmiko:new_output = uration | include "static-bind.*192.168.214.211 mask"

DEBUG:netmiko:repr = 'uration | include "static-bind.*192.168.214.211 mask"\r\r\n'
DEBUG:netmiko:_read_channel_expect read_data: uration | include "static-bind.*192.168.214.211 mask"

DEBUG:netmiko:Pattern found: dis\ current\-configuration\ \|\ include\ "static\-bind\.\*192\.168\.214\.211\ mask" dis current-configuration | include "static-bind.*192.168.214.211 mask"

DEBUG:netmiko:Stripping ANSI escape codes
DEBUG:netmiko:new_output = 
DEBUG:netmiko:repr = ''
DEBUG:netmiko:read_channel: 
DEBUG:netmiko:Stripping ANSI escape codes
DEBUG:netmiko:new_output = 
DEBUG:netmiko:repr = ''
DEBUG:netmiko:read_channel: 
DEBUG:netmiko:Stripping ANSI escape codes
DEBUG:netmiko:new_output = 
DEBUG:netmiko:repr = ''
DEBUG:netmiko:read_channel: 
DEBUG:netmiko:Stripping ANSI escape codes
DEBUG:netmiko:new_output = 
DEBUG:netmiko:repr = ''
DEBUG:netmiko:read_channel: 
DEBUG:netmiko:Stripping ANSI escape codes
DEBUG:netmiko:new_output = 
DEBUG:netmiko:repr = ''
DEBUG:netmiko:read_channel: 
DEBUG:netmiko:Stripping ANSI escape codes
DEBUG:netmiko:new_output = 
DEBUG:netmiko:repr = ''
DEBUG:netmiko:read_channel: 
DEBUG:netmiko:Stripping ANSI escape codes
DEBUG:netmiko:new_output = 
DEBUG:netmiko:repr = ''
DEBUG:netmiko:read_channel: 
DEBUG:netmiko:Stripping ANSI escape codes
DEBUG:netmiko:new_output = 
DEBUG:netmiko:repr = ''
DEBUG:netmiko:read_channel: 
DEBUG:netmiko:Stripping ANSI escape codes
DEBUG:netmiko:new_output = 
DEBUG:netmiko:repr = ''
DEBUG:netmiko:read_channel: 
DEBUG:netmiko:Stripping ANSI escape codes
DEBUG:netmiko:new_output = <core>
DEBUG:netmiko:repr = '<core>'
DEBUG:netmiko:read_channel: <core>
DEBUG:netmiko:write_channel: b'\n'
DEBUG:netmiko:Stripping ANSI escape codes
DEBUG:netmiko:new_output = 
<core>
DEBUG:netmiko:repr = '\r\r\n<core>'
DEBUG:netmiko:read_channel: 
<core>
DEBUG:netmiko:Stripping ANSI escape codes
DEBUG:netmiko:new_output = 
DEBUG:netmiko:repr = ''
DEBUG:netmiko:read_channel: 
DEBUG:netmiko:Stripping ANSI escape codes
DEBUG:netmiko:new_output = 
DEBUG:netmiko:repr = ''
DEBUG:netmiko:read_channel: 
DEBUG:netmiko:write_channel: b'system-view\n'
DEBUG:netmiko:Pattern is: system\-view
DEBUG:netmiko:Stripping ANSI escape codes
DEBUG:netmiko:new_output = system-view

DEBUG:netmiko:repr = 'system-view\r\r\n'
DEBUG:netmiko:_read_channel_expect read_data: system-view

DEBUG:netmiko:Pattern found: system\-view system-view

DEBUG:netmiko:Pattern is: core
DEBUG:netmiko:Stripping ANSI escape codes
DEBUG:netmiko:new_output = System View: return to User View with Ctrl+Z.

DEBUG:netmiko:repr = 'System View: return to User View with Ctrl+Z.\r\r\n'
DEBUG:netmiko:_read_channel_expect read_data: System View: return to User View with Ctrl+Z.

DEBUG:netmiko:Stripping ANSI escape codes
DEBUG:netmiko:new_output = [core]
DEBUG:netmiko:repr = '[core]'
DEBUG:netmiko:_read_channel_expect read_data: [core]
DEBUG:netmiko:Pattern found: core System View: return to User View with Ctrl+Z.
[core]
DEBUG:netmiko:write_channel: b'\n'
DEBUG:netmiko:Stripping ANSI escape codes
DEBUG:netmiko:new_output = 
[core]
DEBUG:netmiko:repr = '\r\r\n[core]'
DEBUG:netmiko:read_channel: 
[core]
DEBUG:netmiko:Stripping ANSI escape codes
DEBUG:netmiko:new_output = 
DEBUG:netmiko:repr = ''
DEBUG:netmiko:read_channel: 
DEBUG:netmiko:Stripping ANSI escape codes
DEBUG:netmiko:new_output = 
DEBUG:netmiko:repr = ''
DEBUG:netmiko:read_channel: 
DEBUG:netmiko:write_channel: b'dhcp server ip-pool vlan214\n'
DEBUG:netmiko:Pattern is: dhcp\ server\ ip\-pool\ vlan214
DEBUG:netmiko:Stripping ANSI escape codes
DEBUG:netmiko:new_output = dhcp server ip-pool 
DEBUG:netmiko:repr = 'dhcp server ip-pool '
DEBUG:netmiko:_read_channel_expect read_data: dhcp server ip-pool 
DEBUG:netmiko:Stripping ANSI escape codes
DEBUG:netmiko:new_output = vlan214
[core-dhcp-pool-vlan214]
DEBUG:netmiko:repr = 'vlan214\r\r\n[core-dhcp-pool-vlan214]'
DEBUG:netmiko:_read_channel_expect read_data: vlan214
[core-dhcp-pool-vlan214]
DEBUG:netmiko:Pattern found: dhcp\ server\ ip\-pool\ vlan214 dhcp server ip-pool vlan214
[core-dhcp-pool-vlan214]
DEBUG:netmiko:write_channel: b'static-bind ip-address 192.168.214.211 24 hardware-address aaaa-bbbb-cccc\n'
DEBUG:netmiko:Pattern is: static\-bind\ ip\-address\ 192\.168\.214\.211\ 24\ hardware\-address\ aaaa\-bbbb\-cccc
DEBUG:netmiko:Stripping ANSI escape codes
DEBUG:netmiko:new_output = static-bind ip-add
DEBUG:netmiko:repr = 'static-bind ip-add'
DEBUG:netmiko:_read_channel_expect read_data: static-bind ip-add
DEBUG:netmiko:Stripping ANSI escape codes
DEBUG:netmiko:new_output = ress 192.168.214.211 24 hardware-address aaaa-bbbb-cccc
[core-dhcp-pool-vlan214]
DEBUG:netmiko:repr = 'ress 192.168.214.211 24 hardware-address aaaa-bbbb-cccc\r\r\n[core-dhcp-pool-vlan214]'
DEBUG:netmiko:_read_channel_expect read_data: ress 192.168.214.211 24 hardware-address aaaa-bbbb-cccc
[core-dhcp-pool-vlan214]
DEBUG:netmiko:Pattern found: static\-bind\ ip\-address\ 192\.168\.214\.211\ 24\ hardware\-address\ aaaa\-bbbb\-cccc static-bind ip-address 192.168.214.211 24 hardware-address aaaa-bbbb-cccc
[core-dhcp-pool-vlan214]
DEBUG:netmiko:write_channel: b'\n'
DEBUG:netmiko:Stripping ANSI escape codes
DEBUG:netmiko:new_output = 
[core-dhcp-pool-vlan214]
DEBUG:netmiko:repr = '\r\r\n[core-dhcp-pool-vlan214]'
DEBUG:netmiko:read_channel: 
[core-dhcp-pool-vlan214]
DEBUG:netmiko:Stripping ANSI escape codes
DEBUG:netmiko:new_output = 
DEBUG:netmiko:repr = ''
DEBUG:netmiko:read_channel: 
DEBUG:netmiko:Stripping ANSI escape codes
DEBUG:netmiko:new_output = 
DEBUG:netmiko:repr = ''
DEBUG:netmiko:read_channel: 
DEBUG:netmiko:write_channel: b'return\n'
DEBUG:netmiko:Pattern is: return
DEBUG:netmiko:Stripping ANSI escape codes
DEBUG:netmiko:new_output = return
DEBUG:netmiko:repr = 'return'
DEBUG:netmiko:_read_channel_expect read_data: return
DEBUG:netmiko:Pattern found: return return
DEBUG:netmiko:Pattern is: >
DEBUG:netmiko:Stripping ANSI escape codes
DEBUG:netmiko:new_output = 

DEBUG:netmiko:repr = '\r\r\n'
DEBUG:netmiko:_read_channel_expect read_data: 

DEBUG:netmiko:Stripping ANSI escape codes
DEBUG:netmiko:new_output = <core>
DEBUG:netmiko:repr = '<core>'
DEBUG:netmiko:_read_channel_expect read_data: <core>
DEBUG:netmiko:Pattern found: > 
<core>
DEBUG:netmiko:write_channel: b'\n'
DEBUG:netmiko:Stripping ANSI escape codes
DEBUG:netmiko:new_output = 
<core>
DEBUG:netmiko:repr = '\r\r\n<core>'
DEBUG:netmiko:read_channel: 
<core>
DEBUG:netmiko:Stripping ANSI escape codes
DEBUG:netmiko:new_output = 
DEBUG:netmiko:repr = ''
DEBUG:netmiko:read_channel: 
DEBUG:netmiko:Stripping ANSI escape codes
DEBUG:netmiko:new_output = 
DEBUG:netmiko:repr = ''
DEBUG:netmiko:read_channel: 
DEBUG:netmiko:exit_config_mode: return
<core>
DEBUG:netmiko:system-view
System View: return to User View with Ctrl+Z.
[core]dhcp server ip-pool vlan214
[core-dhcp-pool-vlan214]static-bind ip-address 192.168.214.211 24 hardware-address aaaa-bbbb-cccc
[core-dhcp-pool-vlan214]return
<core>
DEBUG:netmiko:Stripping ANSI escape codes
DEBUG:netmiko:new_output = 
DEBUG:netmiko:repr = ''
DEBUG:netmiko:read_channel: 
DEBUG:netmiko:write_channel: b'\n'
DEBUG:netmiko:Stripping ANSI escape codes
DEBUG:netmiko:new_output = 
<core>
DEBUG:netmiko:repr = '\r\r\n<core>'
DEBUG:netmiko:read_channel: 
<core>
DEBUG:netmiko:Stripping ANSI escape codes
DEBUG:netmiko:new_output = 
DEBUG:netmiko:repr = ''
DEBUG:netmiko:read_channel: 
DEBUG:netmiko:[find_prompt()]: prompt is <core>
DEBUG:netmiko:Stripping ANSI escape codes
DEBUG:netmiko:new_output = 
DEBUG:netmiko:repr = ''
DEBUG:netmiko:read_channel: 
DEBUG:netmiko:write_channel: b'dis current-configuration | include static-bind.*aaaa-bbbb-cccc\n'
DEBUG:netmiko:Pattern is: dis\ current\-configuration\ \|\ include\ static\-bind\.\*aaaa\-bbbb\-cccc
DEBUG:netmiko:Stripping ANSI escape codes
DEBUG:netmiko:new_output = dis current-configuration | include static-bind.*aaa
DEBUG:netmiko:repr = 'dis current-configuration | include static-bind.*aaa'
DEBUG:netmiko:_read_channel_expect read_data: dis current-configuration | include static-bind.*aaa
DEBUG:netmiko:Stripping ANSI escape codes
DEBUG:netmiko:new_output = a-bbbb-cccc

DEBUG:netmiko:repr = 'a-bbbb-cccc\r\r\n'
DEBUG:netmiko:_read_channel_expect read_data: a-bbbb-cccc

DEBUG:netmiko:Pattern found: dis\ current\-configuration\ \|\ include\ static\-bind\.\*aaaa\-bbbb\-cccc dis current-configuration | include static-bind.*aaaa-bbbb-cccc

DEBUG:netmiko:Stripping ANSI escape codes
DEBUG:netmiko:new_output = 
DEBUG:netmiko:repr = ''
DEBUG:netmiko:read_channel: 
DEBUG:netmiko:Stripping ANSI escape codes
DEBUG:netmiko:new_output = 
DEBUG:netmiko:repr = ''
DEBUG:netmiko:read_channel: 
DEBUG:netmiko:Stripping ANSI escape codes
DEBUG:netmiko:new_output = 
DEBUG:netmiko:repr = ''
DEBUG:netmiko:read_channel: 
DEBUG:netmiko:Stripping ANSI escape codes
DEBUG:netmiko:new_output = 
DEBUG:netmiko:repr = ''
DEBUG:netmiko:read_channel: 
DEBUG:netmiko:Stripping ANSI escape codes
DEBUG:netmiko:new_output = 
DEBUG:netmiko:repr = ''
DEBUG:netmiko:read_channel: 
DEBUG:netmiko:Stripping ANSI escape codes
DEBUG:netmiko:new_output = 
DEBUG:netmiko:repr = ''
DEBUG:netmiko:read_channel: 
DEBUG:netmiko:Stripping ANSI escape codes
DEBUG:netmiko:new_output = 
DEBUG:netmiko:repr = ''
DEBUG:netmiko:read_channel: 
DEBUG:netmiko:Stripping ANSI escape codes
DEBUG:netmiko:new_output = 
DEBUG:netmiko:repr = ''
DEBUG:netmiko:read_channel: 
DEBUG:netmiko:Stripping ANSI escape codes
DEBUG:netmiko:new_output = 
DEBUG:netmiko:repr = ''
DEBUG:netmiko:read_channel: 
DEBUG:netmiko:Stripping ANSI escape codes
DEBUG:netmiko:new_output = 
DEBUG:netmiko:repr = ''
DEBUG:netmiko:read_channel: 
DEBUG:netmiko:Stripping ANSI escape codes
DEBUG:netmiko:new_output = 
DEBUG:netmiko:repr = ''
DEBUG:netmiko:read_channel: 
DEBUG:netmiko:Stripping ANSI escape codes
DEBUG:netmiko:new_output =  static-bind ip-address 192.168.214.199 mask 255.255.255.0 hardware-address aaaa-bbbb-cccc
 static-bind ip-address 192.168.214.211 mask 255.255.255.0 hardware-address aaaa-bbbb-cccc
<core>
DEBUG:netmiko:repr = ' static-bind ip-address 192.168.214.199 mask 255.255.255.0 hardware-address aaaa-bbbb-cccc\r\r\n static-bind ip-address 192.168.214.211 mask 255.255.255.0 hardware-address aaaa-bbbb-cccc\r\r\n<core>'
DEBUG:netmiko:read_channel:  static-bind ip-address 192.168.214.199 mask 255.255.255.0 hardware-address aaaa-bbbb-cccc
 static-bind ip-address 192.168.214.211 mask 255.255.255.0 hardware-address aaaa-bbbb-cccc
<core>
DEBUG:netmiko:write_channel: b'\n'
DEBUG:netmiko:Stripping ANSI escape codes
DEBUG:netmiko:new_output = 
<core>
DEBUG:netmiko:repr = '\r\r\n<core>'
DEBUG:netmiko:read_channel: 
<core>
DEBUG:netmiko:Stripping ANSI escape codes
DEBUG:netmiko:new_output = 
DEBUG:netmiko:repr = ''
DEBUG:netmiko:read_channel: 
DEBUG:netmiko:Stripping ANSI escape codes
DEBUG:netmiko:new_output = 
DEBUG:netmiko:repr = ''
DEBUG:netmiko:read_channel: 
DEBUG:netmiko:write_channel: b'system-view\n'
DEBUG:netmiko:Pattern is: system\-view
DEBUG:netmiko:Stripping ANSI escape codes
DEBUG:netmiko:new_output = system-view

DEBUG:netmiko:repr = 'system-view\r\r\n'
DEBUG:netmiko:_read_channel_expect read_data: system-view

DEBUG:netmiko:Pattern found: system\-view system-view

DEBUG:netmiko:Pattern is: core
DEBUG:netmiko:Stripping ANSI escape codes
DEBUG:netmiko:new_output = System View: return to User View with Ctrl+Z.

DEBUG:netmiko:repr = 'System View: return to User View with Ctrl+Z.\r\r\n'
DEBUG:netmiko:_read_channel_expect read_data: System View: return to User View with Ctrl+Z.

DEBUG:netmiko:Stripping ANSI escape codes
DEBUG:netmiko:new_output = [core]
DEBUG:netmiko:repr = '[core]'
DEBUG:netmiko:_read_channel_expect read_data: [core]
DEBUG:netmiko:Pattern found: core System View: return to User View with Ctrl+Z.
[core]
DEBUG:netmiko:write_channel: b'\n'
DEBUG:netmiko:Stripping ANSI escape codes
DEBUG:netmiko:new_output = 
[core]
DEBUG:netmiko:repr = '\r\r\n[core]'
DEBUG:netmiko:read_channel: 
[core]
DEBUG:netmiko:Stripping ANSI escape codes
DEBUG:netmiko:new_output = 
DEBUG:netmiko:repr = ''
DEBUG:netmiko:read_channel: 
DEBUG:netmiko:Stripping ANSI escape codes
DEBUG:netmiko:new_output = 
DEBUG:netmiko:repr = ''
DEBUG:netmiko:read_channel: 
DEBUG:netmiko:write_channel: b'dhcp server ip-pool vlan214\n'
DEBUG:netmiko:Pattern is: dhcp\ server\ ip\-pool\ vlan214
DEBUG:netmiko:Stripping ANSI escape codes
DEBUG:netmiko:new_output = dhcp server ip-pool vlan214

DEBUG:netmiko:repr = 'dhcp server ip-pool vlan214\r\r\n'
DEBUG:netmiko:_read_channel_expect read_data: dhcp server ip-pool vlan214

DEBUG:netmiko:Pattern found: dhcp\ server\ ip\-pool\ vlan214 dhcp server ip-pool vlan214

DEBUG:netmiko:Pattern is: (?:core|#)
DEBUG:netmiko:Stripping ANSI escape codes
DEBUG:netmiko:new_output = [core-dhcp-pool-vlan214]
DEBUG:netmiko:repr = '[core-dhcp-pool-vlan214]'
DEBUG:netmiko:_read_channel_expect read_data: [core-dhcp-pool-vlan214]
DEBUG:netmiko:Pattern found: (?:core|#) [core-dhcp-pool-vlan214]
DEBUG:netmiko:write_channel: b'no static-bind ip-address 192.168.214.211\n'
DEBUG:netmiko:Pattern is: no\ static\-bind\ ip\-address\ 192\.168\.214\.211
DEBUG:netmiko:Stripping ANSI escape codes
DEBUG:netmiko:new_output = n
DEBUG:netmiko:repr = 'n'
DEBUG:netmiko:_read_channel_expect read_data: n
DEBUG:netmiko:Stripping ANSI escape codes
DEBUG:netmiko:new_output = o static-bind ip-address 192.168.214.211
[core-dhcp-pool-vlan214]
DEBUG:netmiko:repr = 'o static-bind ip-address 192.168.214.211\r\r\n[core-dhcp-pool-vlan214]'
DEBUG:netmiko:_read_channel_expect read_data: o static-bind ip-address 192.168.214.211
[core-dhcp-pool-vlan214]
DEBUG:netmiko:Pattern found: no\ static\-bind\ ip\-address\ 192\.168\.214\.211 no static-bind ip-address 192.168.214.211
[core-dhcp-pool-vlan214]
DEBUG:netmiko:write_channel: b'\n'
DEBUG:netmiko:Stripping ANSI escape codes
DEBUG:netmiko:new_output = 
[core-dhcp-pool-vlan214]
DEBUG:netmiko:repr = '\r\r\n[core-dhcp-pool-vlan214]'
DEBUG:netmiko:read_channel: 
[core-dhcp-pool-vlan214]
DEBUG:netmiko:Stripping ANSI escape codes
DEBUG:netmiko:new_output = 
DEBUG:netmiko:repr = ''
DEBUG:netmiko:read_channel: 
DEBUG:netmiko:Stripping ANSI escape codes
DEBUG:netmiko:new_output = 
DEBUG:netmiko:repr = ''
DEBUG:netmiko:read_channel: 
DEBUG:netmiko:write_channel: b'return\n'
DEBUG:netmiko:Pattern is: return
DEBUG:netmiko:Stripping ANSI escape codes
DEBUG:netmiko:new_output = return
DEBUG:netmiko:repr = 'return'
DEBUG:netmiko:_read_channel_expect read_data: return
DEBUG:netmiko:Pattern found: return return
DEBUG:netmiko:Pattern is: >
DEBUG:netmiko:Stripping ANSI escape codes
DEBUG:netmiko:new_output = 

DEBUG:netmiko:repr = '\r\r\n'
DEBUG:netmiko:_read_channel_expect read_data: 

DEBUG:netmiko:Stripping ANSI escape codes
DEBUG:netmiko:new_output = <core>
DEBUG:netmiko:repr = '<core>'
DEBUG:netmiko:_read_channel_expect read_data: <core>
DEBUG:netmiko:Pattern found: > 
<core>
DEBUG:netmiko:write_channel: b'\n'
DEBUG:netmiko:Stripping ANSI escape codes
DEBUG:netmiko:new_output = 
<core>
DEBUG:netmiko:repr = '\r\r\n<core>'
DEBUG:netmiko:read_channel: 
<core>
DEBUG:netmiko:Stripping ANSI escape codes
DEBUG:netmiko:new_output = 
DEBUG:netmiko:repr = ''
DEBUG:netmiko:read_channel: 
DEBUG:netmiko:Stripping ANSI escape codes
DEBUG:netmiko:new_output = 
DEBUG:netmiko:repr = ''
DEBUG:netmiko:read_channel: 
DEBUG:netmiko:exit_config_mode: return
<core>
DEBUG:netmiko:system-view
System View: return to User View with Ctrl+Z.
[core]dhcp server ip-pool vlan214
[core-dhcp-pool-vlan214]no static-bind ip-address 192.168.214.211
[core-dhcp-pool-vlan214]return
<core>
DEBUG:paramiko.transport:starting thread (client mode): 0x9304c0d0
DEBUG:paramiko.transport:Local version/idstring: SSH-2.0-paramiko_2.7.2
DEBUG:paramiko.transport:Remote version/idstring: SSH-2.0-Comware-7.1.070
INFO:paramiko.transport:Connected (version 2.0, client Comware-7.1.070)
DEBUG:paramiko.transport:kex algos:['ecdh-sha2-nistp256', 'ecdh-sha2-nistp384', 'diffie-hellman-group-exchange-sha1', 'diffie-hellman-group14-sha1', 'diffie-hellman-group1-sha1'] server key:['ssh-rsa'] client encrypt:['aes128-ctr', 'aes192-ctr', 'aes256-ctr', 'AEAD_AES_128_GCM', 'AEAD_AES_256_GCM', 'aes128-cbc', '3des-cbc', 'aes256-cbc', 'des-cbc'] server encrypt:['aes128-ctr', 'aes192-ctr', 'aes256-ctr', 'AEAD_AES_128_GCM', 'AEAD_AES_256_GCM', 'aes128-cbc', '3des-cbc', 'aes256-cbc', 'des-cbc'] client mac:['hmac-sha2-256', 'hmac-sha2-512', 'hmac-sha1', 'hmac-md5', 'hmac-sha1-96', 'hmac-md5-96'] server mac:['hmac-sha2-256', 'hmac-sha2-512', 'hmac-sha1', 'hmac-md5', 'hmac-sha1-96', 'hmac-md5-96'] client compress:['none', 'zlib', 'zlib@openssh.com'] server compress:['none', 'zlib', 'zlib@openssh.com'] client lang:[''] server lang:[''] kex follows?False
DEBUG:paramiko.transport:Kex agreed: ecdh-sha2-nistp256
DEBUG:paramiko.transport:HostKey agreed: ssh-rsa
DEBUG:paramiko.transport:Cipher agreed: aes128-ctr
DEBUG:paramiko.transport:MAC agreed: hmac-sha2-256
DEBUG:paramiko.transport:Compression agreed: none
DEBUG:paramiko.transport:kex engine KexNistp256 specified hash_algo <built-in function openssl_sha256>
DEBUG:paramiko.transport:Switch to new keys ...
DEBUG:paramiko.transport:Adding ssh-rsa host key for 192.168.136.1: b'91b6fba4d581f09405ec87eabef48312'
DEBUG:paramiko.transport:userauth is OK
INFO:paramiko.transport:Authentication (password) successful!
DEBUG:paramiko.transport:[chan 0] Max packet in: 32768 bytes
DEBUG:paramiko.transport:[chan 0] Max packet out: 32768 bytes
DEBUG:paramiko.transport:Secsh channel 0 opened.
DEBUG:paramiko.transport:[chan 0] Sesch channel 0 request ok
DEBUG:paramiko.transport:[chan 0] Sesch channel 0 request ok
DEBUG:netmiko:write_channel: b'\n'
DEBUG:netmiko:write_channel: b'\n'
DEBUG:netmiko:write_channel: b'\n'
DEBUG:netmiko:write_channel: b'\n'
DEBUG:netmiko:read_channel: 


 ******************************************************************************
* Copyright (c) 2004-2019 New H3C Technologies Co., Ltd. All rights reserved.*
* Without the owner's prior written consent,                                 *
* no decompiling or reverse-engineering shall be allowed.                    *
******************************************************************************

 

<core>
<core>
<core>
<core>
<core>
DEBUG:netmiko:Clear buffer detects data in the channel
DEBUG:netmiko:read_channel: 
DEBUG:netmiko:read_channel: 
DEBUG:netmiko:read_channel: 
DEBUG:netmiko:write_channel: b'\n'
DEBUG:netmiko:read_channel: 
<core>
DEBUG:netmiko:read_channel: 
DEBUG:netmiko:read_channel: 
DEBUG:netmiko:read_channel: 
DEBUG:netmiko:write_channel: b'\n'
DEBUG:netmiko:read_channel: 
<core>
DEBUG:netmiko:read_channel: 
DEBUG:netmiko:[find_prompt()]: prompt is <core>
DEBUG:netmiko:In disable_paging
DEBUG:netmiko:Command: 
screen-length disable

DEBUG:netmiko:write_channel: b'\nscreen-length disable\n'
DEBUG:netmiko:Pattern is: core
DEBUG:netmiko:_read_channel_expect read_data: 
<core>screen-length di
DEBUG:netmiko:Pattern found: core 
<core>screen-length di
DEBUG:netmiko:
<core>screen-length di
DEBUG:netmiko:Exiting disable_paging
DEBUG:netmiko:read_channel: sable
<core>
DEBUG:netmiko:Clear buffer detects data in the channel
DEBUG:netmiko:read_channel: 
DEBUG:netmiko:read_channel: 
DEBUG:netmiko:write_channel: b'\n'
DEBUG:netmiko:read_channel: 
<core>
DEBUG:netmiko:read_channel: 
DEBUG:netmiko:[find_prompt()]: prompt is <core>
DEBUG:netmiko:read_channel: 
DEBUG:netmiko:write_channel: b'dis current-configuration | include static-bind\n'
DEBUG:netmiko:read_channel: dis current-configuration | include static-bind
 static-bind ip-address 172.16.22.39 mask 255.255.254.0 hardware-address dca4-ca17-5447
 static-bind ip-address 172.16.22.42 mask 255.255.254.0 hardware-address 1063-c8af-19d7
 static-bind ip-address 172.16.22.69 mask 255.255.254.0 hardware-address d0c6-3729-acd9
 static-bind ip-address 172.16.22.125 mask 255.255.254.0 hardware-address 2c20-0b3a-ca10
 static-bind ip-address 172.16.22.129 mask 255.255.254.0 hardware-address 3c22-fb86-3465
 static-bind ip-address 172.16.22.162 mask 255.255.254.0 hardware-address f018-982f-74a4
 static-bind ip-address 172.16.22.180 mask 255.255.0.0 hardware-address 3c22-fb6f-a872
 static-bind ip-address 172.16.22.185 mask 255.255.254.0 hardware-address 3829-5a73-dc27
 static-bind ip-address 172.16.22.190 mask 255.255.254.0 hardware-address a483-e7bf-b3a0
 static-bind ip-address 172.16.22.200 mask 255.255.255.0 hardware-address 98ca-3324-b5ac
 static-bind ip-address 172.16.22.213 mask 255.255.254.0 hardware-address e42b-3487-ffb1
 static-bind ip-address 172.16.22.222 mask 255.255.254.0 hardware-address 04d3-b0aa-be50
 static-bind ip-address 172.16.22.229 mask 255.255.254.0 hardware-address 3c22-fb8e-ad91
 static-bind ip-address 172.16.22.231 mask 255.255.254.0 hardware-address b8c1-11a4-975a
 static-bind ip-address 172.16.22.246 mask 255.255.254.0 hardware-address 4074-e0e1-8d27
 static-bind ip-address 172.16.23.1 mask 255.255.254.0 hardware-address 0871-903d-7412
 static-bind ip-address 172.16.23.36 mask 255.255.254.0 hardware-address 1c36-bbe2-d932
 static-bind ip-address 172.16.23.39 mask 255.255.254.0 hardware-address 8c85-905f-195e
 static-bind ip-address 172.16.23.50 mask 255.255.254.0 hardware-address 1063-c8af-0c93
 static-bind ip-address 172.16.23.52 mask 255.255.254.0 hardware-address f863-3fbc-8db5
 static-bind ip-address 172.16.23.58 mask 255.255.254.0 hardware-address 3436-3bce-fb44
 static-bind ip-address 172.16.23.95 mask 255.255.254.0 hardware-address 1063-c8af-4595
 static-bind ip-address 172.16.23.97 mask 255.255.254.0 hardware-address 4023-43c6-afaf
 static-bind ip-address 172.16.23.239 mask 255.255.254.0 hardware-address a45e-60f2-e207
 static-bind ip-address 172.16.40.4 mask 255.255.255.0 hardware-address 1865-90df-49cf
 static-bind ip-address 172.16.40.31 mask 255.255.255.0 hardware-address 8c85-90a2-2a00
 static-bind ip-address 172.16.40.197 mask 255.255.255.0 hardware-address 90f0-525d-eb2f
 static-bind ip-address 172.16.40.198 mask 255.255.255.0 hardware-address b440-a453-1a23
 static-bind ip-address 192.168.138.12 mask 255.255.255.0 hardware-address 00e0-4c68-0100
 static-bind ip-address 192.168.138.15 mask 255.255.255.0 hardware-address 18c0-4d12-f1e7
 static-bind ip-address 192.168.138.27 mask 255.255.255.0 hardware-address 00e0-4c36-6fa0
 static-bind ip-address 192.168.138.31 mask 255.255.255.0 hardware-address b42e-9970-644d
 static-bind ip-address 192.168.138.44 mask 255.255.255.0 hardware-address 149d-997a-2bc9
 static-bind ip-address 192.168.138.47 mask 255.255.255.0 hardware-address 000e-c655-dea1
 static-bind ip-address 192.168.138.89 mask 255.255.255.0 hardware-address 28f1-0e42-f2b7
 static-bind ip-address 192.168.138.239 mask 255.255.255.0 hardware-address 00cf-e037-413f
 static-bind ip-address 192.168.212.7 mask 255.255.255.0 hardware-address b42e-9971-19b2
 static-bind ip-address 192.168.212.15 mask 255.255.255.0 hardware-address 40b0-76a3-3838
 static-bind ip-address 192.168.212.52 mask 255.255.255.0 hardware-address 18c0-4d13-6cb9
 static-bind ip-address 192.168.212.69 mask 255.255.255.0 hardware-address 0068-eb54-dbc0
 static-bind ip-address 192.168.212.71 mask 255.255.255.0 hardware-address 00e0-7097-8332
 static-bind ip-address 192.168.212.248 mask 255.255.255.0 hardware-address b42e-9988-eab1
 static-bind ip-address 192.168.214.31 mask 255.255.255.0 hardware-address e0d5-5eb7-8976
 static-bind ip-address 192.168.214.35 mask 255.255.255.0 hardware-address b42e-996b-bc58
 static-bind ip-address 192.168.214.101 mask 255.255.255.0 hardware-address 18c0-4d12-d911
 static-bind ip-address 192.168.214.102 mask 255.255.255.0 hardware-address 00e0-709f-c987
DEBUG:netmiko:read_channel: 
DEBUG:netmiko:read_channel: 
DEBUG:netmiko:read_channel: 
DEBUG:netmiko:read_channel: 
DEBUG:netmiko:read_channel: 
DEBUG:netmiko:read_channel: 
DEBUG:netmiko:read_channel: 
DEBUG:netmiko:read_channel: 
DEBUG:netmiko:read_channel: 
 static-bind ip-address 192.168.214.113 mask 255.255.255.0 hardware-address 000e-c664-26fd
 static-bind ip-address 192.168.214.115 mask 255.255.255.0 hardware-address 000e-c664-26f9
 static-bind ip-address 192.168.214.116 mask 255.255.255.0 hardware-address 18c0-4d13-6c4c
 static-bind ip-address 192.168.214.199 mask 255.255.255.0 hardware-address aaaa-bbbb-cccc
 static-bind ip-address 192.168.214.248 mask 255.255.255.0 hardware-address ac87-a336-dd0c
<core>
DEBUG:netmiko:write_channel: b'exit\n'
DEBUG:paramiko.transport:EOF in transport thread
DEBUG:netmiko:Stripping ANSI escape codes
DEBUG:netmiko:new_output = 
DEBUG:netmiko:repr = ''
DEBUG:netmiko:read_channel: 
DEBUG:netmiko:write_channel: b'\n'
DEBUG:netmiko:Stripping ANSI escape codes
DEBUG:netmiko:new_output = 
<core>
DEBUG:netmiko:repr = '\r\r\n<core>'
DEBUG:netmiko:read_channel: 
<core>
DEBUG:netmiko:Stripping ANSI escape codes
DEBUG:netmiko:new_output = 
DEBUG:netmiko:repr = ''
DEBUG:netmiko:read_channel: 
DEBUG:netmiko:[find_prompt()]: prompt is <core>
DEBUG:netmiko:Stripping ANSI escape codes
DEBUG:netmiko:new_output = 
DEBUG:netmiko:repr = ''
DEBUG:netmiko:read_channel: 
DEBUG:netmiko:write_channel: b'dis dhcp server ip-in-use | include "192.168.141.20   \\w+"\n'
DEBUG:netmiko:Pattern is: dis\ dhcp\ server\ ip\-in\-use\ \|\ include\ "192\.168\.141\.20\ \ \ \\w\+"
DEBUG:netmiko:Stripping ANSI escape codes
DEBUG:netmiko:new_output = dis dhcp server ip-in-use | include "192.168.141.20   \w+"

DEBUG:netmiko:repr = 'dis dhcp server ip-in-use | include "192.168.141.20   \\w+"\r\r\n'
DEBUG:netmiko:_read_channel_expect read_data: dis dhcp server ip-in-use | include "192.168.141.20   \w+"

DEBUG:netmiko:Pattern found: dis\ dhcp\ server\ ip\-in\-use\ \|\ include\ "192\.168\.141\.20\ \ \ \\w\+" dis dhcp server ip-in-use | include "192.168.141.20   \w+"

DEBUG:netmiko:Stripping ANSI escape codes
DEBUG:netmiko:new_output = 
DEBUG:netmiko:repr = ''
DEBUG:netmiko:read_channel: 
DEBUG:netmiko:Stripping ANSI escape codes
DEBUG:netmiko:new_output = 
DEBUG:netmiko:repr = ''
DEBUG:netmiko:read_channel: 
DEBUG:netmiko:Stripping ANSI escape codes
DEBUG:netmiko:new_output = 
DEBUG:netmiko:repr = ''
DEBUG:netmiko:read_channel: 
DEBUG:netmiko:Stripping ANSI escape codes
DEBUG:netmiko:new_output = 
DEBUG:netmiko:repr = ''
DEBUG:netmiko:read_channel: 
DEBUG:netmiko:Stripping ANSI escape codes
DEBUG:netmiko:new_output = <core>
DEBUG:netmiko:repr = '<core>'
DEBUG:netmiko:read_channel: <core>
DEBUG:netmiko:Stripping ANSI escape codes
DEBUG:netmiko:new_output = 
DEBUG:netmiko:repr = ''
DEBUG:netmiko:read_channel: 
DEBUG:netmiko:write_channel: b'\n'
DEBUG:netmiko:Stripping ANSI escape codes
DEBUG:netmiko:new_output = 
<core>
DEBUG:netmiko:repr = '\r\r\n<core>'
DEBUG:netmiko:read_channel: 
<core>
DEBUG:netmiko:Stripping ANSI escape codes
DEBUG:netmiko:new_output = 
DEBUG:netmiko:repr = ''
DEBUG:netmiko:read_channel: 
DEBUG:netmiko:[find_prompt()]: prompt is <core>
DEBUG:netmiko:Stripping ANSI escape codes
DEBUG:netmiko:new_output = 
DEBUG:netmiko:repr = ''
DEBUG:netmiko:read_channel: 
DEBUG:netmiko:write_channel: b'dis dhcp server ip-in-use | include "192.168.138.31   \\w+"\n'
DEBUG:netmiko:Pattern is: dis\ dhcp\ server\ ip\-in\-use\ \|\ include\ "192\.168\.138\.31\ \ \ \\w\+"
DEBUG:netmiko:Stripping ANSI escape codes
DEBUG:netmiko:new_output = dis dhcp server ip-in-use | include "192.168.138.31   \w+"

DEBUG:netmiko:repr = 'dis dhcp server ip-in-use | include "192.168.138.31   \\w+"\r\r\n'
DEBUG:netmiko:_read_channel_expect read_data: dis dhcp server ip-in-use | include "192.168.138.31   \w+"

DEBUG:netmiko:Pattern found: dis\ dhcp\ server\ ip\-in\-use\ \|\ include\ "192\.168\.138\.31\ \ \ \\w\+" dis dhcp server ip-in-use | include "192.168.138.31   \w+"

DEBUG:netmiko:Stripping ANSI escape codes
DEBUG:netmiko:new_output = 
DEBUG:netmiko:repr = ''
DEBUG:netmiko:read_channel: 
DEBUG:netmiko:Stripping ANSI escape codes
DEBUG:netmiko:new_output = 
DEBUG:netmiko:repr = ''
DEBUG:netmiko:read_channel: 
DEBUG:netmiko:Stripping ANSI escape codes
DEBUG:netmiko:new_output = 
DEBUG:netmiko:repr = ''
DEBUG:netmiko:read_channel: 
DEBUG:netmiko:Stripping ANSI escape codes
DEBUG:netmiko:new_output = 
DEBUG:netmiko:repr = ''
DEBUG:netmiko:read_channel: 
DEBUG:netmiko:Stripping ANSI escape codes
DEBUG:netmiko:new_output = 192.168.138.31   b42e-9970-644d        Sep 30 23:51:53 2020  Static(C)          
<core>
DEBUG:netmiko:repr = '192.168.138.31   b42e-9970-644d        Sep 30 23:51:53 2020  Static(C)          \r\r\n<core>'
DEBUG:netmiko:read_channel: 192.168.138.31   b42e-9970-644d        Sep 30 23:51:53 2020  Static(C)          
<core>
DEBUG:netmiko:Stripping ANSI escape codes
DEBUG:netmiko:new_output = 
DEBUG:netmiko:repr = ''
DEBUG:netmiko:read_channel: 
DEBUG:netmiko:write_channel: b'\n'
DEBUG:netmiko:Stripping ANSI escape codes
DEBUG:netmiko:new_output = 
<core>
DEBUG:netmiko:repr = '\r\r\n<core>'
DEBUG:netmiko:read_channel: 
<core>
DEBUG:netmiko:Stripping ANSI escape codes
DEBUG:netmiko:new_output = 
DEBUG:netmiko:repr = ''
DEBUG:netmiko:read_channel: 
DEBUG:netmiko:[find_prompt()]: prompt is <core>
DEBUG:netmiko:Stripping ANSI escape codes
DEBUG:netmiko:new_output = 
DEBUG:netmiko:repr = ''
DEBUG:netmiko:read_channel: 
DEBUG:netmiko:write_channel: b'dis mac-address | include b42e-9970-644d\n'
DEBUG:netmiko:Pattern is: dis\ mac\-address\ \|\ include\ b42e\-9970\-644d
DEBUG:netmiko:Stripping ANSI escape codes
DEBUG:netmiko:new_output = dis mac-address | include b42e-9970-644d

DEBUG:netmiko:repr = 'dis mac-address | include b42e-9970-644d\r\r\n'
DEBUG:netmiko:_read_channel_expect read_data: dis mac-address | include b42e-9970-644d

DEBUG:netmiko:Pattern found: dis\ mac\-address\ \|\ include\ b42e\-9970\-644d dis mac-address | include b42e-9970-644d

DEBUG:netmiko:Stripping ANSI escape codes
DEBUG:netmiko:new_output = 
DEBUG:netmiko:repr = ''
DEBUG:netmiko:read_channel: 
DEBUG:netmiko:Stripping ANSI escape codes
DEBUG:netmiko:new_output = 
DEBUG:netmiko:repr = ''
DEBUG:netmiko:read_channel: 
DEBUG:netmiko:Stripping ANSI escape codes
DEBUG:netmiko:new_output = 
DEBUG:netmiko:repr = ''
DEBUG:netmiko:read_channel: 
DEBUG:netmiko:Stripping ANSI escape codes
DEBUG:netmiko:new_output = 
DEBUG:netmiko:repr = ''
DEBUG:netmiko:read_channel: 
DEBUG:netmiko:Stripping ANSI escape codes
DEBUG:netmiko:new_output = b42e-9970-644d   138        Learned          BAGG3                    Y
<core>
DEBUG:netmiko:repr = 'b42e-9970-644d   138        Learned          BAGG3                    Y\r\r\n<core>'
DEBUG:netmiko:read_channel: b42e-9970-644d   138        Learned          BAGG3                    Y
<core>
DEBUG:paramiko.transport:starting thread (client mode): 0x9304f6a0
DEBUG:paramiko.transport:Local version/idstring: SSH-2.0-paramiko_2.7.2
DEBUG:paramiko.transport:Remote version/idstring: SSH-2.0-Comware-7.1.070
INFO:paramiko.transport:Connected (version 2.0, client Comware-7.1.070)
DEBUG:paramiko.transport:kex algos:['ecdh-sha2-nistp256', 'ecdh-sha2-nistp384', 'diffie-hellman-group-exchange-sha1', 'diffie-hellman-group14-sha1', 'diffie-hellman-group1-sha1'] server key:['ssh-rsa'] client encrypt:['aes128-ctr', 'aes192-ctr', 'aes256-ctr', 'AEAD_AES_128_GCM', 'AEAD_AES_256_GCM', 'aes128-cbc', '3des-cbc', 'aes256-cbc', 'des-cbc'] server encrypt:['aes128-ctr', 'aes192-ctr', 'aes256-ctr', 'AEAD_AES_128_GCM', 'AEAD_AES_256_GCM', 'aes128-cbc', '3des-cbc', 'aes256-cbc', 'des-cbc'] client mac:['hmac-sha2-256', 'hmac-sha2-512', 'hmac-sha1', 'hmac-md5', 'hmac-sha1-96', 'hmac-md5-96'] server mac:['hmac-sha2-256', 'hmac-sha2-512', 'hmac-sha1', 'hmac-md5', 'hmac-sha1-96', 'hmac-md5-96'] client compress:['none', 'zlib', 'zlib@openssh.com'] server compress:['none', 'zlib', 'zlib@openssh.com'] client lang:[''] server lang:[''] kex follows?False
DEBUG:paramiko.transport:Kex agreed: ecdh-sha2-nistp256
DEBUG:paramiko.transport:HostKey agreed: ssh-rsa
DEBUG:paramiko.transport:Cipher agreed: aes128-ctr
DEBUG:paramiko.transport:MAC agreed: hmac-sha2-256
DEBUG:paramiko.transport:Compression agreed: none
DEBUG:paramiko.transport:kex engine KexNistp256 specified hash_algo <built-in function openssl_sha256>
DEBUG:paramiko.transport:Switch to new keys ...
DEBUG:paramiko.transport:Adding ssh-rsa host key for 192.168.136.13: b'10926a007c7f7da5cd4c7f9f21a1b4f7'
DEBUG:paramiko.transport:userauth is OK
INFO:paramiko.transport:Authentication (password) successful!
DEBUG:paramiko.transport:[chan 0] Max packet in: 32768 bytes
DEBUG:paramiko.transport:[chan 0] Max packet out: 32768 bytes
DEBUG:paramiko.transport:Secsh channel 0 opened.
DEBUG:paramiko.transport:[chan 0] Sesch channel 0 request ok
DEBUG:paramiko.transport:[chan 0] Sesch channel 0 request ok
DEBUG:netmiko:Pattern is: ((Change now|Please choose))|([\]>]\s*$)
DEBUG:netmiko:_read_channel_expect read_data: 
 
DEBUG:netmiko:_read_channel_expect read_data: ******************************************************************************
* Copyright (c) 2004-2018 New H3C Technologies Co., Ltd. All rights reserved.*
* Without the owner's prior written consent,                                 *
* no decompiling or reverse-engineering shall be allowed.                    *
******************************************************************************

 
DEBUG:netmiko:_read_channel_expect read_data: <SW13>
DEBUG:netmiko:Pattern found: ((Change now|Please choose))|([\]>]\s*$) 
 ******************************************************************************
* Copyright (c) 2004-2018 New H3C Technologies Co., Ltd. All rights reserved.*
* Without the owner's prior written consent,                                 *
* no decompiling or reverse-engineering shall be allowed.                    *
******************************************************************************

 <SW13>
DEBUG:netmiko:write_channel: b'N\n'
DEBUG:netmiko:read_channel: N
      ^
 % Unrecognized command found at '^' position.
<SW13>
DEBUG:netmiko:Clear buffer detects data in the channel
DEBUG:netmiko:read_channel: 
DEBUG:netmiko:Stripping ANSI escape codes
DEBUG:netmiko:new_output = 
DEBUG:netmiko:repr = ''
DEBUG:netmiko:read_channel: 
DEBUG:netmiko:Stripping ANSI escape codes
DEBUG:netmiko:new_output = 
DEBUG:netmiko:repr = ''
DEBUG:netmiko:read_channel: 
DEBUG:netmiko:write_channel: b'\n'
DEBUG:netmiko:Stripping ANSI escape codes
DEBUG:netmiko:new_output = 
<SW13>
DEBUG:netmiko:repr = '\r\r\n<SW13>'
DEBUG:netmiko:read_channel: 
<SW13>
DEBUG:netmiko:Stripping ANSI escape codes
DEBUG:netmiko:new_output = 
DEBUG:netmiko:repr = ''
DEBUG:netmiko:read_channel: 
DEBUG:netmiko:Stripping ANSI escape codes
DEBUG:netmiko:new_output = 
DEBUG:netmiko:repr = ''
DEBUG:netmiko:read_channel: 
DEBUG:netmiko:Stripping ANSI escape codes
DEBUG:netmiko:new_output = 
DEBUG:netmiko:repr = ''
DEBUG:netmiko:read_channel: 
DEBUG:netmiko:write_channel: b'\n'
DEBUG:netmiko:Stripping ANSI escape codes
DEBUG:netmiko:new_output = 
<SW13>
DEBUG:netmiko:repr = '\r\r\n<SW13>'
DEBUG:netmiko:read_channel: 
<SW13>
DEBUG:netmiko:prompt: SW13
DEBUG:netmiko:In disable_paging
DEBUG:netmiko:Command: screen-length 0 temporary

DEBUG:netmiko:write_channel: b'screen-length 0 temporary\n'
DEBUG:netmiko:Pattern is: screen\-length\ 0\ temporary
DEBUG:netmiko:Stripping ANSI escape codes
DEBUG:netmiko:new_output = screen-length 0 temporary

DEBUG:netmiko:repr = 'screen-length 0 temporary\r\r\n'
DEBUG:netmiko:_read_channel_expect read_data: screen-length 0 temporary

DEBUG:netmiko:Pattern found: screen\-length\ 0\ temporary screen-length 0 temporary

DEBUG:netmiko:screen-length 0 temporary

DEBUG:netmiko:Exiting disable_paging
DEBUG:netmiko:Stripping ANSI escape codes
DEBUG:netmiko:new_output =                     ^
 % Unrecognized command found at '^' position.
<SW13>
DEBUG:netmiko:repr = "                    ^\r\r\n % Unrecognized command found at '^' position.\r\r\n<SW13>"
DEBUG:netmiko:read_channel:                     ^
 % Unrecognized command found at '^' position.
<SW13>
DEBUG:netmiko:Clear buffer detects data in the channel
DEBUG:netmiko:Stripping ANSI escape codes
DEBUG:netmiko:new_output = 
DEBUG:netmiko:repr = ''
DEBUG:netmiko:read_channel: 
DEBUG:netmiko:Stripping ANSI escape codes
DEBUG:netmiko:new_output = 
DEBUG:netmiko:repr = ''
DEBUG:netmiko:read_channel: 
DEBUG:netmiko:write_channel: b'\n'
DEBUG:netmiko:Stripping ANSI escape codes
DEBUG:netmiko:new_output = 
<SW13>
DEBUG:netmiko:repr = '\r\r\n<SW13>'
DEBUG:netmiko:read_channel: 
<SW13>
DEBUG:netmiko:Stripping ANSI escape codes
DEBUG:netmiko:new_output = 
DEBUG:netmiko:repr = ''
DEBUG:netmiko:read_channel: 
DEBUG:netmiko:[find_prompt()]: prompt is <SW13>
DEBUG:netmiko:Stripping ANSI escape codes
DEBUG:netmiko:new_output = 
DEBUG:netmiko:repr = ''
DEBUG:netmiko:read_channel: 
DEBUG:netmiko:write_channel: b'dis mac-address | include b42e-9970-644d\n'
DEBUG:netmiko:Pattern is: dis\ mac\-address\ \|\ include\ b42e\-9970\-644d
DEBUG:netmiko:Stripping ANSI escape codes
DEBUG:netmiko:new_output = dis mac-address | include b42e-9970-644d

DEBUG:netmiko:repr = 'dis mac-address | include b42e-9970-644d\r\r\n'
DEBUG:netmiko:_read_channel_expect read_data: dis mac-address | include b42e-9970-644d

DEBUG:netmiko:Pattern found: dis\ mac\-address\ \|\ include\ b42e\-9970\-644d dis mac-address | include b42e-9970-644d

DEBUG:netmiko:Stripping ANSI escape codes
DEBUG:netmiko:new_output = 
DEBUG:netmiko:repr = ''
DEBUG:netmiko:read_channel: 
DEBUG:netmiko:Stripping ANSI escape codes
DEBUG:netmiko:new_output = 
DEBUG:netmiko:repr = ''
DEBUG:netmiko:read_channel: 
DEBUG:netmiko:Stripping ANSI escape codes
DEBUG:netmiko:new_output = b42e-9970-644d   138        Learned          GE1/0/27                 Y
<SW13>
DEBUG:netmiko:repr = 'b42e-9970-644d   138        Learned          GE1/0/27                 Y\r\r\n<SW13>'
DEBUG:netmiko:read_channel: b42e-9970-644d   138        Learned          GE1/0/27                 Y
<SW13>
DEBUG:netmiko:Stripping ANSI escape codes
DEBUG:netmiko:new_output = 
DEBUG:netmiko:repr = ''
DEBUG:netmiko:read_channel: 
DEBUG:netmiko:write_channel: b'\n'
DEBUG:netmiko:Stripping ANSI escape codes
DEBUG:netmiko:new_output = 
<SW13>
DEBUG:netmiko:repr = '\r\r\n<SW13>'
DEBUG:netmiko:read_channel: 
<SW13>
DEBUG:netmiko:Stripping ANSI escape codes
DEBUG:netmiko:new_output = 
DEBUG:netmiko:repr = ''
DEBUG:netmiko:read_channel: 
DEBUG:netmiko:[find_prompt()]: prompt is <SW13>
DEBUG:netmiko:Stripping ANSI escape codes
DEBUG:netmiko:new_output = 
DEBUG:netmiko:repr = ''
DEBUG:netmiko:read_channel: 
DEBUG:netmiko:write_channel: b'dis interface GE1/0/27 brief\n'
DEBUG:netmiko:Pattern is: dis\ interface\ GE1/0/27\ brief
DEBUG:netmiko:Stripping ANSI escape codes
DEBUG:netmiko:new_output = dis interface GE1/0/27 brief

DEBUG:netmiko:repr = 'dis interface GE1/0/27 brief\r\r\n'
DEBUG:netmiko:_read_channel_expect read_data: dis interface GE1/0/27 brief

DEBUG:netmiko:Pattern found: dis\ interface\ GE1/0/27\ brief dis interface GE1/0/27 brief

DEBUG:netmiko:Stripping ANSI escape codes
DEBUG:netmiko:new_output = Brief information on interfaces in bridge mode:
Link: ADM - administratively down; Stby - standby
Speed: (a) - auto
Duplex: (a)/A - auto; H - half; F - full
Type: A - access; T - trunk; H - hybrid
Interface            Link Speed   Duplex Type PVID Description                
GE1/0/27             UP   1G(a)   F(a)   A    138  to-171
<SW13>
DEBUG:netmiko:repr = 'Brief information on interfaces in bridge mode:\r\r\nLink: ADM - administratively down; Stby - standby\r\r\nSpeed: (a) - auto\r\r\nDuplex: (a)/A - auto; H - half; F - full\r\r\nType: A - access; T - trunk; H - hybrid\r\r\nInterface            Link Speed   Duplex Type PVID Description                \r\r\nGE1/0/27             UP   1G(a)   F(a)   A    138  to-171\r\r\n<SW13>'
DEBUG:netmiko:read_channel: Brief information on interfaces in bridge mode:
Link: ADM - administratively down; Stby - standby
Speed: (a) - auto
Duplex: (a)/A - auto; H - half; F - full
Type: A - access; T - trunk; H - hybrid
Interface            Link Speed   Duplex Type PVID Description                
GE1/0/27             UP   1G(a)   F(a)   A    138  to-171
<SW13>
DEBUG:netmiko:write_channel: b'exit\n'
DEBUG:paramiko.transport:EOF in transport thread
DEBUG:netmiko:Stripping ANSI escape codes
DEBUG:netmiko:new_output = 
DEBUG:netmiko:repr = ''
DEBUG:netmiko:read_channel: 
DEBUG:netmiko:write_channel: b'\n'
DEBUG:netmiko:Stripping ANSI escape codes
DEBUG:netmiko:new_output = 
<core>
DEBUG:netmiko:repr = '\r\r\n<core>'
DEBUG:netmiko:read_channel: 
<core>
DEBUG:netmiko:Stripping ANSI escape codes
DEBUG:netmiko:new_output = 
DEBUG:netmiko:repr = ''
DEBUG:netmiko:read_channel: 
DEBUG:netmiko:[find_prompt()]: prompt is <core>
DEBUG:netmiko:Stripping ANSI escape codes
DEBUG:netmiko:new_output = 
DEBUG:netmiko:repr = ''
DEBUG:netmiko:read_channel: 
DEBUG:netmiko:write_channel: b'dis mac-address | include aaaa-bbbb-cccc\n'
DEBUG:netmiko:Pattern is: dis\ mac\-address\ \|\ include\ aaaa\-bbbb\-cccc
DEBUG:netmiko:Stripping ANSI escape codes
DEBUG:netmiko:new_output = dis mac-address | include aaaa-bbbb-cccc

DEBUG:netmiko:repr = 'dis mac-address | include aaaa-bbbb-cccc\r\r\n'
DEBUG:netmiko:_read_channel_expect read_data: dis mac-address | include aaaa-bbbb-cccc

DEBUG:netmiko:Pattern found: dis\ mac\-address\ \|\ include\ aaaa\-bbbb\-cccc dis mac-address | include aaaa-bbbb-cccc

DEBUG:netmiko:Stripping ANSI escape codes
DEBUG:netmiko:new_output = 
DEBUG:netmiko:repr = ''
DEBUG:netmiko:read_channel: 
DEBUG:netmiko:Stripping ANSI escape codes
DEBUG:netmiko:new_output = 
DEBUG:netmiko:repr = ''
DEBUG:netmiko:read_channel: 
DEBUG:netmiko:Stripping ANSI escape codes
DEBUG:netmiko:new_output = 
DEBUG:netmiko:repr = ''
DEBUG:netmiko:read_channel: 
DEBUG:netmiko:Stripping ANSI escape codes
DEBUG:netmiko:new_output = 
DEBUG:netmiko:repr = ''
DEBUG:netmiko:read_channel: 
DEBUG:netmiko:Stripping ANSI escape codes
DEBUG:netmiko:new_output = <core>
DEBUG:netmiko:repr = '<core>'
DEBUG:netmiko:read_channel: <core>
DEBUG:paramiko.transport:starting thread (client mode): 0x9304ca90
DEBUG:paramiko.transport:Local version/idstring: SSH-2.0-paramiko_2.7.2
DEBUG:paramiko.transport:Remote version/idstring: SSH-2.0-Comware-7.1.070
INFO:paramiko.transport:Connected (version 2.0, client Comware-7.1.070)
DEBUG:paramiko.transport:kex algos:['ecdh-sha2-nistp256', 'ecdh-sha2-nistp384', 'diffie-hellman-group-exchange-sha1', 'diffie-hellman-group14-sha1', 'diffie-hellman-group1-sha1'] server key:['ssh-rsa'] client encrypt:['aes128-ctr', 'aes192-ctr', 'aes256-ctr', 'AEAD_AES_128_GCM', 'AEAD_AES_256_GCM', 'aes128-cbc', '3des-cbc', 'aes256-cbc', 'des-cbc'] server encrypt:['aes128-ctr', 'aes192-ctr', 'aes256-ctr', 'AEAD_AES_128_GCM', 'AEAD_AES_256_GCM', 'aes128-cbc', '3des-cbc', 'aes256-cbc', 'des-cbc'] client mac:['hmac-sha2-256', 'hmac-sha2-512', 'hmac-sha1', 'hmac-md5', 'hmac-sha1-96', 'hmac-md5-96'] server mac:['hmac-sha2-256', 'hmac-sha2-512', 'hmac-sha1', 'hmac-md5', 'hmac-sha1-96', 'hmac-md5-96'] client compress:['none', 'zlib', 'zlib@openssh.com'] server compress:['none', 'zlib', 'zlib@openssh.com'] client lang:[''] server lang:[''] kex follows?False
DEBUG:paramiko.transport:Kex agreed: ecdh-sha2-nistp256
DEBUG:paramiko.transport:HostKey agreed: ssh-rsa
DEBUG:paramiko.transport:Cipher agreed: aes128-ctr
DEBUG:paramiko.transport:MAC agreed: hmac-sha2-256
DEBUG:paramiko.transport:Compression agreed: none
DEBUG:paramiko.transport:kex engine KexNistp256 specified hash_algo <built-in function openssl_sha256>
DEBUG:paramiko.transport:Switch to new keys ...
DEBUG:paramiko.transport:Adding ssh-rsa host key for 192.168.136.1: b'91b6fba4d581f09405ec87eabef48312'
DEBUG:paramiko.transport:userauth is OK
INFO:paramiko.transport:Authentication (password) successful!
DEBUG:paramiko.transport:[chan 0] Max packet in: 32768 bytes
DEBUG:paramiko.transport:[chan 0] Max packet out: 32768 bytes
DEBUG:paramiko.transport:Secsh channel 0 opened.
DEBUG:paramiko.transport:[chan 0] Sesch channel 0 request ok
DEBUG:paramiko.transport:[chan 0] Sesch channel 0 request ok
DEBUG:netmiko:write_channel: b'\n'
DEBUG:netmiko:write_channel: b'\n'
DEBUG:netmiko:write_channel: b'\n'
DEBUG:netmiko:write_channel: b'\n'
DEBUG:netmiko:read_channel: 


 ******************************************************************************
* Copyright (c) 2004-2019 New H3C Technologies Co., Ltd. All rights reserved.*
* Without the owner's prior written consent,                                 *
* no decompiling or reverse-engineering shall be allowed.                    *
******************************************************************************

 

<core>
<core>
<core>
<core>
<core>
DEBUG:netmiko:Clear buffer detects data in the channel
DEBUG:netmiko:read_channel: 
DEBUG:netmiko:read_channel: 
DEBUG:netmiko:read_channel: 
DEBUG:netmiko:write_channel: b'\n'
DEBUG:netmiko:read_channel: 
<core>
DEBUG:netmiko:read_channel: 
DEBUG:netmiko:read_channel: 
DEBUG:netmiko:read_channel: 
DEBUG:netmiko:write_channel: b'\n'
DEBUG:netmiko:read_channel: 
<core>
DEBUG:netmiko:read_channel: 
DEBUG:netmiko:[find_prompt()]: prompt is <core>
DEBUG:netmiko:In disable_paging
DEBUG:netmiko:Command: 
screen-length disable

DEBUG:netmiko:write_channel: b'\nscreen-length disable\n'
DEBUG:netmiko:Pattern is: core
DEBUG:netmiko:_read_channel_expect read_data: 
<core>screen-le
DEBUG:netmiko:Pattern found: core 
<core>screen-le
DEBUG:netmiko:
<core>screen-le
DEBUG:netmiko:Exiting disable_paging
DEBUG:netmiko:read_channel: ngth disable
<core>
DEBUG:netmiko:Clear buffer detects data in the channel
DEBUG:netmiko:read_channel: 
DEBUG:netmiko:read_channel: 
DEBUG:netmiko:write_channel: b'\n'
DEBUG:netmiko:read_channel: 
<core>
DEBUG:netmiko:read_channel: 
DEBUG:netmiko:[find_prompt()]: prompt is <core>
DEBUG:netmiko:read_channel: 
DEBUG:netmiko:write_channel: b'dis current-configuration | include "static-bind.*192.168.214.199 mask"\n'
DEBUG:netmiko:read_channel: dis current-configuration | include "static-bind.*192.168.214.199 mask"

DEBUG:netmiko:read_channel: 
DEBUG:netmiko:read_channel: 
DEBUG:netmiko:read_channel: 
DEBUG:netmiko:read_channel: 
DEBUG:netmiko:read_channel: 
DEBUG:netmiko:read_channel: 
DEBUG:netmiko:read_channel: 
DEBUG:netmiko:read_channel: 
DEBUG:netmiko:read_channel:  static-bind ip-address 192.168.214.199 mask 255.255.255.0 hardware-address aaaa-bbbb-cccc
<core>
DEBUG:netmiko:write_channel: b'\n'
DEBUG:netmiko:read_channel: 
<core>
DEBUG:netmiko:read_channel: 
DEBUG:netmiko:read_channel: 
DEBUG:netmiko:write_channel: b'system-view\n'
DEBUG:netmiko:Pattern is: core
DEBUG:netmiko:_read_channel_expect read_data: system-view

DEBUG:netmiko:_read_channel_expect read_data: System View: return to User View with Ctrl+Z.
[core]
DEBUG:netmiko:Pattern found: core system-view
System View: return to User View with Ctrl+Z.
[core]
DEBUG:netmiko:write_channel: b'\n'
DEBUG:netmiko:read_channel: 
[core]
DEBUG:netmiko:read_channel: 
DEBUG:netmiko:read_channel: 
DEBUG:netmiko:write_channel: b'acl number 2020\n'
DEBUG:netmiko:Pattern is: acl\ number\ 2020
DEBUG:netmiko:_read_channel_expect read_data: acl number 2020

DEBUG:netmiko:Pattern found: acl\ number\ 2020 acl number 2020

DEBUG:netmiko:Pattern is: (?:core|#)
DEBUG:netmiko:_read_channel_expect read_data: [core-acl-ipv4-basic-2020]
DEBUG:netmiko:Pattern found: (?:core|#) [core-acl-ipv4-basic-2020]
DEBUG:netmiko:write_channel: b'dis this\n'
DEBUG:netmiko:Pattern is: dis\ this
DEBUG:netmiko:_read_channel_expect read_data: d
DEBUG:netmiko:_read_channel_expect read_data: is this
#
acl number 2020
 description fanqiang_NAT
 rule 2 permit source 192.168.112.0 0.0.0.255
 rule 7 permit source 172.16.30.0 0.0.0.255
 rule 10 permit source 192.168.138.44 0
 rule 15 permit source 172.16.22.229 0
 rule 20 permit source 172.16.22.190 0
 rule 25 permit source 172.16.23.176 0
 rule 30 permit source 172.16.22.39 0
 rule 35 permit source 172.16.22.213 0
 rule 40 permit source 172.16.23.97 0
 rule 45 permit source 192.168.214.35 0
 rule 50 permit source 172.16.23.239 0
 rule 55 permit source 172.16.23.39 0
 rule 60 permit source 172.16.23.95 0
 rule 65 permit source 172.16.22.222 0
 rule 70 permit source 172.16.23.58 0
 rule 75 permit source 172.16.22.129 0
 rule 80 permit source 172.16.22.180 0
 rule 85 permit source 172.16.40.4 0
 rule 90 permit source 192.168.138.27 0
 rule 95 permit source 192.168.214.116 0
 rule 100 permit source 192.168.214.102 0
 rule 105 permit source 192.168.138.5 0
 rule 110 permit source 172.16.22.231 0
 rule 115 permit source 192.168.214.101 0
 rule 125 permit source 172.16.40.197 0
 rule 130 permit source 172.16.40.198 0
 rule 135 permit source 192.168.216.71 0
 rule 140 permit source 192.168.138.101 0
 rule 145 permit source 192.168.214.115 0
 rule 150 permit source 192.168.216.70 0
 rule 160 permit source 172.16.22.200 0
#
return

DEBUG:netmiko:Pattern found: dis\ this dis this
#
acl number 2020
 description fanqiang_NAT
 rule 2 permit source 192.168.112.0 0.0.0.255
 rule 7 permit source 172.16.30.0 0.0.0.255
 rule 10 permit source 192.168.138.44 0
 rule 15 permit source 172.16.22.229 0
 rule 20 permit source 172.16.22.190 0
 rule 25 permit source 172.16.23.176 0
 rule 30 permit source 172.16.22.39 0
 rule 35 permit source 172.16.22.213 0
 rule 40 permit source 172.16.23.97 0
 rule 45 permit source 192.168.214.35 0
 rule 50 permit source 172.16.23.239 0
 rule 55 permit source 172.16.23.39 0
 rule 60 permit source 172.16.23.95 0
 rule 65 permit source 172.16.22.222 0
 rule 70 permit source 172.16.23.58 0
 rule 75 permit source 172.16.22.129 0
 rule 80 permit source 172.16.22.180 0
 rule 85 permit source 172.16.40.4 0
 rule 90 permit source 192.168.138.27 0
 rule 95 permit source 192.168.214.116 0
 rule 100 permit source 192.168.214.102 0
 rule 105 permit source 192.168.138.5 0
 rule 110 permit source 172.16.22.231 0
 rule 115 permit source 192.168.214.101 0
 rule 125 permit source 172.16.40.197 0
 rule 130 permit source 172.16.40.198 0
 rule 135 permit source 192.168.216.71 0
 rule 140 permit source 192.168.138.101 0
 rule 145 permit source 192.168.214.115 0
 rule 150 permit source 192.168.216.70 0
 rule 160 permit source 172.16.22.200 0
#
return

DEBUG:netmiko:write_channel: b'\n'
DEBUG:netmiko:read_channel: [core-acl-ipv4-basic-2020]
[core-acl-ipv4-basic-2020]
DEBUG:netmiko:read_channel: 
DEBUG:netmiko:read_channel: 
DEBUG:netmiko:write_channel: b'return\n'
DEBUG:netmiko:Pattern is: >
DEBUG:netmiko:_read_channel_expect read_data: return

DEBUG:netmiko:_read_channel_expect read_data: <core>
DEBUG:netmiko:Pattern found: > return
<core>
DEBUG:netmiko:write_channel: b'\n'
DEBUG:netmiko:read_channel: 
<core>
DEBUG:netmiko:read_channel: 
DEBUG:netmiko:read_channel: 
DEBUG:netmiko:exit_config_mode: return
<core>
DEBUG:netmiko:system-view
System View: return to User View with Ctrl+Z.
[core]acl number 2020
[core-acl-ipv4-basic-2020]dis this
#
acl number 2020
 description fanqiang_NAT
 rule 2 permit source 192.168.112.0 0.0.0.255
 rule 7 permit source 172.16.30.0 0.0.0.255
 rule 10 permit source 192.168.138.44 0
 rule 15 permit source 172.16.22.229 0
 rule 20 permit source 172.16.22.190 0
 rule 25 permit source 172.16.23.176 0
 rule 30 permit source 172.16.22.39 0
 rule 35 permit source 172.16.22.213 0
 rule 40 permit source 172.16.23.97 0
 rule 45 permit source 192.168.214.35 0
 rule 50 permit source 172.16.23.239 0
 rule 55 permit source 172.16.23.39 0
 rule 60 permit source 172.16.23.95 0
 rule 65 permit source 172.16.22.222 0
 rule 70 permit source 172.16.23.58 0
 rule 75 permit source 172.16.22.129 0
 rule 80 permit source 172.16.22.180 0
 rule 85 permit source 172.16.40.4 0
 rule 90 permit source 192.168.138.27 0
 rule 95 permit source 192.168.214.116 0
 rule 100 permit source 192.168.214.102 0
 rule 105 permit source 192.168.138.5 0
 rule 110 permit source 172.16.22.231 0
 rule 115 permit source 192.168.214.101 0
 rule 125 permit source 172.16.40.197 0
 rule 130 permit source 172.16.40.198 0
 rule 135 permit source 192.168.216.71 0
 rule 140 permit source 192.168.138.101 0
 rule 145 permit source 192.168.214.115 0
 rule 150 permit source 192.168.216.70 0
 rule 160 permit source 172.16.22.200 0
#
return
return
<core>
DEBUG:netmiko:write_channel: b'\n'
DEBUG:netmiko:read_channel: 
<core>
DEBUG:netmiko:read_channel: 
DEBUG:netmiko:read_channel: 
DEBUG:netmiko:write_channel: b'system-view\n'
DEBUG:netmiko:Pattern is: core
DEBUG:netmiko:_read_channel_expect read_data: system-vie
DEBUG:netmiko:_read_channel_expect read_data: w
System View: return to User View with Ctrl+Z.
[core]
DEBUG:netmiko:Pattern found: core system-view
System View: return to User View with Ctrl+Z.
[core]
DEBUG:netmiko:write_channel: b'\n'
DEBUG:netmiko:read_channel: 
[core]
DEBUG:netmiko:read_channel: 
DEBUG:netmiko:read_channel: 
DEBUG:netmiko:write_channel: b'acl number 2020\n'
DEBUG:netmiko:Pattern is: acl\ number\ 2020
DEBUG:netmiko:_read_channel_expect read_data: acl number 2020

DEBUG:netmiko:Pattern found: acl\ number\ 2020 acl number 2020

DEBUG:netmiko:Pattern is: (?:core|#)
DEBUG:netmiko:_read_channel_expect read_data: [core-acl-ipv4-basic-2020]
DEBUG:netmiko:Pattern found: (?:core|#) [core-acl-ipv4-basic-2020]
DEBUG:netmiko:write_channel: b'rule 165 permit source 192.168.214.199 0\n'
DEBUG:netmiko:Pattern is: rule\ 165\ permit\ source\ 192\.168\.214\.199\ 0
DEBUG:netmiko:_read_channel_expect read_data: rule 165 permit source 192.168.214.199 0
DEBUG:netmiko:Pattern found: rule\ 165\ permit\ source\ 192\.168\.214\.199\ 0 rule 165 permit source 192.168.214.199 0
DEBUG:netmiko:Pattern is: (?:core|#)
DEBUG:netmiko:_read_channel_expect read_data: 
DEBUG:netmiko:_read_channel_expect read_data: 

DEBUG:netmiko:_read_channel_expect read_data: [core-acl-ipv4-basic-2020]
DEBUG:netmiko:Pattern found: (?:core|#) 
[core-acl-ipv4-basic-2020]
DEBUG:netmiko:write_channel: b'\n'
DEBUG:netmiko:read_channel: 
[core-acl-ipv4-basic-2020]
DEBUG:netmiko:read_channel: 
DEBUG:netmiko:read_channel: 
DEBUG:netmiko:write_channel: b'return\n'
DEBUG:netmiko:Pattern is: >
DEBUG:netmiko:_read_channel_expect read_data: return
DEBUG:netmiko:_read_channel_expect read_data: 
<core>
DEBUG:netmiko:Pattern found: > return
<core>
DEBUG:netmiko:write_channel: b'\n'
DEBUG:netmiko:read_channel: 
<core>
DEBUG:netmiko:read_channel: 
DEBUG:netmiko:read_channel: 
DEBUG:netmiko:exit_config_mode: return
<core>
DEBUG:netmiko:system-view
System View: return to User View with Ctrl+Z.
[core]acl number 2020
[core-acl-ipv4-basic-2020]rule 165 permit source 192.168.214.199 0
[core-acl-ipv4-basic-2020]return
<core>
DEBUG:netmiko:write_channel: b'exit\n'
DEBUG:paramiko.transport:EOF in transport thread
DEBUG:netmiko:write_channel: b'\n'
DEBUG:netmiko:Stripping ANSI escape codes
DEBUG:netmiko:new_output = 
<core>
DEBUG:netmiko:repr = '\r\r\n<core>'
DEBUG:netmiko:read_channel: 
<core>
DEBUG:netmiko:Stripping ANSI escape codes
DEBUG:netmiko:new_output = 
DEBUG:netmiko:repr = ''
DEBUG:netmiko:read_channel: 
DEBUG:netmiko:Stripping ANSI escape codes
DEBUG:netmiko:new_output = 
DEBUG:netmiko:repr = ''
DEBUG:netmiko:read_channel: 
DEBUG:netmiko:write_channel: b'system-view\n'
DEBUG:netmiko:Pattern is: system\-view
DEBUG:netmiko:Stripping ANSI escape codes
DEBUG:netmiko:new_output = system-view

DEBUG:netmiko:repr = 'system-view\r\r\n'
DEBUG:netmiko:_read_channel_expect read_data: system-view

DEBUG:netmiko:Pattern found: system\-view system-view

DEBUG:netmiko:Pattern is: core
DEBUG:netmiko:Stripping ANSI escape codes
DEBUG:netmiko:new_output = System View: return to User View with Ctrl+Z.

DEBUG:netmiko:repr = 'System View: return to User View with Ctrl+Z.\r\r\n'
DEBUG:netmiko:_read_channel_expect read_data: System View: return to User View with Ctrl+Z.

DEBUG:netmiko:Stripping ANSI escape codes
DEBUG:netmiko:new_output = [core]
DEBUG:netmiko:repr = '[core]'
DEBUG:netmiko:_read_channel_expect read_data: [core]
DEBUG:netmiko:Pattern found: core System View: return to User View with Ctrl+Z.
[core]
DEBUG:netmiko:write_channel: b'\n'
DEBUG:netmiko:Stripping ANSI escape codes
DEBUG:netmiko:new_output = 
[core]
DEBUG:netmiko:repr = '\r\r\n[core]'
DEBUG:netmiko:read_channel: 
[core]
DEBUG:netmiko:Stripping ANSI escape codes
DEBUG:netmiko:new_output = 
DEBUG:netmiko:repr = ''
DEBUG:netmiko:read_channel: 
DEBUG:netmiko:Stripping ANSI escape codes
DEBUG:netmiko:new_output = 
DEBUG:netmiko:repr = ''
DEBUG:netmiko:read_channel: 
DEBUG:netmiko:write_channel: b'acl number 2020\n'
DEBUG:netmiko:Pattern is: acl\ number\ 2020
DEBUG:netmiko:Stripping ANSI escape codes
DEBUG:netmiko:new_output = acl number 2020

DEBUG:netmiko:repr = 'acl number 2020\r\r\n'
DEBUG:netmiko:_read_channel_expect read_data: acl number 2020

DEBUG:netmiko:Pattern found: acl\ number\ 2020 acl number 2020

DEBUG:netmiko:Pattern is: (?:core|#)
DEBUG:netmiko:Stripping ANSI escape codes
DEBUG:netmiko:new_output = [core-acl-ipv4-basic-2020]
DEBUG:netmiko:repr = '[core-acl-ipv4-basic-2020]'
DEBUG:netmiko:_read_channel_expect read_data: [core-acl-ipv4-basic-2020]
DEBUG:netmiko:Pattern found: (?:core|#) [core-acl-ipv4-basic-2020]
DEBUG:netmiko:write_channel: b'dis this | include "192.168.214.199 0"\n'
DEBUG:netmiko:Pattern is: dis\ this\ \|\ include\ "192\.168\.214\.199\ 0"
DEBUG:netmiko:Stripping ANSI escape codes
DEBUG:netmiko:new_output = d
DEBUG:netmiko:repr = 'd'
DEBUG:netmiko:_read_channel_expect read_data: d
DEBUG:netmiko:Stripping ANSI escape codes
DEBUG:netmiko:new_output = is this | include "192.168.214.199 0"

DEBUG:netmiko:repr = 'is this | include "192.168.214.199 0"\r\r\n'
DEBUG:netmiko:_read_channel_expect read_data: is this | include "192.168.214.199 0"

DEBUG:netmiko:Pattern found: dis\ this\ \|\ include\ "192\.168\.214\.199\ 0" dis this | include "192.168.214.199 0"

DEBUG:netmiko:Pattern is: (?:core|#)
DEBUG:netmiko:Stripping ANSI escape codes
DEBUG:netmiko:new_output =  rule 165 permit source 192.168.214.199 0

DEBUG:netmiko:repr = ' rule 165 permit source 192.168.214.199 0\r\r\n'
DEBUG:netmiko:_read_channel_expect read_data:  rule 165 permit source 192.168.214.199 0

DEBUG:netmiko:Stripping ANSI escape codes
DEBUG:netmiko:new_output = [core-acl-ipv4-basic-2020]
DEBUG:netmiko:repr = '[core-acl-ipv4-basic-2020]'
DEBUG:netmiko:_read_channel_expect read_data: [core-acl-ipv4-basic-2020]
DEBUG:netmiko:Pattern found: (?:core|#)  rule 165 permit source 192.168.214.199 0
[core-acl-ipv4-basic-2020]
DEBUG:netmiko:write_channel: b'\n'
DEBUG:netmiko:Stripping ANSI escape codes
DEBUG:netmiko:new_output = 
[core-acl-ipv4-basic-2020]
DEBUG:netmiko:repr = '\r\r\n[core-acl-ipv4-basic-2020]'
DEBUG:netmiko:read_channel: 
[core-acl-ipv4-basic-2020]
DEBUG:netmiko:Stripping ANSI escape codes
DEBUG:netmiko:new_output = 
DEBUG:netmiko:repr = ''
DEBUG:netmiko:read_channel: 
DEBUG:netmiko:Stripping ANSI escape codes
DEBUG:netmiko:new_output = 
DEBUG:netmiko:repr = ''
DEBUG:netmiko:read_channel: 
DEBUG:netmiko:write_channel: b'return\n'
DEBUG:netmiko:Pattern is: return
DEBUG:netmiko:Stripping ANSI escape codes
DEBUG:netmiko:new_output = return

DEBUG:netmiko:repr = 'return\r\r\n'
DEBUG:netmiko:_read_channel_expect read_data: return

DEBUG:netmiko:Pattern found: return return

DEBUG:netmiko:Pattern is: >
DEBUG:netmiko:Stripping ANSI escape codes
DEBUG:netmiko:new_output = <core>
DEBUG:netmiko:repr = '<core>'
DEBUG:netmiko:_read_channel_expect read_data: <core>
DEBUG:netmiko:Pattern found: > <core>
DEBUG:netmiko:write_channel: b'\n'
DEBUG:netmiko:Stripping ANSI escape codes
DEBUG:netmiko:new_output = 
<core>
DEBUG:netmiko:repr = '\r\r\n<core>'
DEBUG:netmiko:read_channel: 
<core>
DEBUG:netmiko:Stripping ANSI escape codes
DEBUG:netmiko:new_output = 
DEBUG:netmiko:repr = ''
DEBUG:netmiko:read_channel: 
DEBUG:netmiko:Stripping ANSI escape codes
DEBUG:netmiko:new_output = 
DEBUG:netmiko:repr = ''
DEBUG:netmiko:read_channel: 
DEBUG:netmiko:exit_config_mode: return
<core>
DEBUG:netmiko:system-view
System View: return to User View with Ctrl+Z.
[core]acl number 2020
[core-acl-ipv4-basic-2020]dis this | include "192.168.214.199 0"
 rule 165 permit source 192.168.214.199 0
[core-acl-ipv4-basic-2020]return
<core>
DEBUG:netmiko:write_channel: b'\n'
DEBUG:netmiko:Stripping ANSI escape codes
DEBUG:netmiko:new_output = 
<core>
DEBUG:netmiko:repr = '\r\r\n<core>'
DEBUG:netmiko:read_channel: 
<core>
DEBUG:netmiko:Stripping ANSI escape codes
DEBUG:netmiko:new_output = 
DEBUG:netmiko:repr = ''
DEBUG:netmiko:read_channel: 
DEBUG:netmiko:Stripping ANSI escape codes
DEBUG:netmiko:new_output = 
DEBUG:netmiko:repr = ''
DEBUG:netmiko:read_channel: 
DEBUG:netmiko:write_channel: b'system-view\n'
DEBUG:netmiko:Pattern is: system\-view
DEBUG:netmiko:Stripping ANSI escape codes
DEBUG:netmiko:new_output = system-view

DEBUG:netmiko:repr = 'system-view\r\r\n'
DEBUG:netmiko:_read_channel_expect read_data: system-view

DEBUG:netmiko:Pattern found: system\-view system-view

DEBUG:netmiko:Pattern is: core
DEBUG:netmiko:Stripping ANSI escape codes
DEBUG:netmiko:new_output = System View: return to User View with Ctrl+Z.

DEBUG:netmiko:repr = 'System View: return to User View with Ctrl+Z.\r\r\n'
DEBUG:netmiko:_read_channel_expect read_data: System View: return to User View with Ctrl+Z.

DEBUG:netmiko:Stripping ANSI escape codes
DEBUG:netmiko:new_output = [core]
DEBUG:netmiko:repr = '[core]'
DEBUG:netmiko:_read_channel_expect read_data: [core]
DEBUG:netmiko:Pattern found: core System View: return to User View with Ctrl+Z.
[core]
DEBUG:netmiko:write_channel: b'\n'
DEBUG:netmiko:Stripping ANSI escape codes
DEBUG:netmiko:new_output = 
[core]
DEBUG:netmiko:repr = '\r\r\n[core]'
DEBUG:netmiko:read_channel: 
[core]
DEBUG:netmiko:Stripping ANSI escape codes
DEBUG:netmiko:new_output = 
DEBUG:netmiko:repr = ''
DEBUG:netmiko:read_channel: 
DEBUG:netmiko:Stripping ANSI escape codes
DEBUG:netmiko:new_output = 
DEBUG:netmiko:repr = ''
DEBUG:netmiko:read_channel: 
DEBUG:netmiko:write_channel: b'acl number 2020no rule  165\n'
DEBUG:netmiko:Pattern is: acl\ number\ 2020no\ rule\ \ 165
DEBUG:netmiko:Stripping ANSI escape codes
DEBUG:netmiko:new_output = acl number 2020no rule  165

DEBUG:netmiko:repr = 'acl number 2020no rule  165\r\r\n'
DEBUG:netmiko:_read_channel_expect read_data: acl number 2020no rule  165

DEBUG:netmiko:Pattern found: acl\ number\ 2020no\ rule\ \ 165 acl number 2020no rule  165

DEBUG:netmiko:Pattern is: (?:core|#)
DEBUG:netmiko:Stripping ANSI escape codes
DEBUG:netmiko:new_output =                  ^

DEBUG:netmiko:repr = '                 ^\r\r\n'
DEBUG:netmiko:_read_channel_expect read_data:                  ^

DEBUG:netmiko:Stripping ANSI escape codes
DEBUG:netmiko:new_output =  % Wrong parameter found at '^' position.
[core]
DEBUG:netmiko:repr = " % Wrong parameter found at '^' position.\r\r\n[core]"
DEBUG:netmiko:_read_channel_expect read_data:  % Wrong parameter found at '^' position.
[core]
DEBUG:netmiko:Pattern found: (?:core|#)                  ^
 % Wrong parameter found at '^' position.
[core]
DEBUG:netmiko:write_channel: b'\n'
DEBUG:netmiko:Stripping ANSI escape codes
DEBUG:netmiko:new_output = 
[core]
DEBUG:netmiko:repr = '\r\r\n[core]'
DEBUG:netmiko:read_channel: 
[core]
DEBUG:netmiko:Stripping ANSI escape codes
DEBUG:netmiko:new_output = 
DEBUG:netmiko:repr = ''
DEBUG:netmiko:read_channel: 
DEBUG:netmiko:Stripping ANSI escape codes
DEBUG:netmiko:new_output = 
DEBUG:netmiko:repr = ''
DEBUG:netmiko:read_channel: 
DEBUG:netmiko:write_channel: b'return\n'
DEBUG:netmiko:Pattern is: return
DEBUG:netmiko:Stripping ANSI escape codes
DEBUG:netmiko:new_output = return
DEBUG:netmiko:repr = 'return'
DEBUG:netmiko:_read_channel_expect read_data: return
DEBUG:netmiko:Pattern found: return return
DEBUG:netmiko:Pattern is: >
DEBUG:netmiko:Stripping ANSI escape codes
DEBUG:netmiko:new_output = 

DEBUG:netmiko:repr = '\r\r\n'
DEBUG:netmiko:_read_channel_expect read_data: 

DEBUG:netmiko:Stripping ANSI escape codes
DEBUG:netmiko:new_output = <core>
DEBUG:netmiko:repr = '<core>'
DEBUG:netmiko:_read_channel_expect read_data: <core>
DEBUG:netmiko:Pattern found: > 
<core>
DEBUG:netmiko:write_channel: b'\n'
DEBUG:netmiko:Stripping ANSI escape codes
DEBUG:netmiko:new_output = 
<core>
DEBUG:netmiko:repr = '\r\r\n<core>'
DEBUG:netmiko:read_channel: 
<core>
DEBUG:netmiko:Stripping ANSI escape codes
DEBUG:netmiko:new_output = 
DEBUG:netmiko:repr = ''
DEBUG:netmiko:read_channel: 
DEBUG:netmiko:Stripping ANSI escape codes
DEBUG:netmiko:new_output = 
DEBUG:netmiko:repr = ''
DEBUG:netmiko:read_channel: 
DEBUG:netmiko:exit_config_mode: return
<core>
DEBUG:netmiko:system-view
System View: return to User View with Ctrl+Z.
[core]acl number 2020no rule  165
                 ^
 % Wrong parameter found at '^' position.
[core]return
<core>
DEBUG:netmiko:write_channel: b'exit\n'
DEBUG:paramiko.transport:starting thread (client mode): 0xb8ed850
DEBUG:paramiko.transport:Local version/idstring: SSH-2.0-paramiko_2.7.2
DEBUG:paramiko.transport:Remote version/idstring: SSH-2.0-Comware-7.1.070
INFO:paramiko.transport:Connected (version 2.0, client Comware-7.1.070)
DEBUG:paramiko.transport:kex algos:['ecdh-sha2-nistp256', 'ecdh-sha2-nistp384', 'diffie-hellman-group-exchange-sha1', 'diffie-hellman-group14-sha1', 'diffie-hellman-group1-sha1'] server key:['ssh-rsa'] client encrypt:['aes128-ctr', 'aes192-ctr', 'aes256-ctr', 'AEAD_AES_128_GCM', 'AEAD_AES_256_GCM', 'aes128-cbc', '3des-cbc', 'aes256-cbc', 'des-cbc'] server encrypt:['aes128-ctr', 'aes192-ctr', 'aes256-ctr', 'AEAD_AES_128_GCM', 'AEAD_AES_256_GCM', 'aes128-cbc', '3des-cbc', 'aes256-cbc', 'des-cbc'] client mac:['hmac-sha2-256', 'hmac-sha2-512', 'hmac-sha1', 'hmac-md5', 'hmac-sha1-96', 'hmac-md5-96'] server mac:['hmac-sha2-256', 'hmac-sha2-512', 'hmac-sha1', 'hmac-md5', 'hmac-sha1-96', 'hmac-md5-96'] client compress:['none', 'zlib', 'zlib@openssh.com'] server compress:['none', 'zlib', 'zlib@openssh.com'] client lang:[''] server lang:[''] kex follows?False
DEBUG:paramiko.transport:Kex agreed: ecdh-sha2-nistp256
DEBUG:paramiko.transport:HostKey agreed: ssh-rsa
DEBUG:paramiko.transport:Cipher agreed: aes128-ctr
DEBUG:paramiko.transport:MAC agreed: hmac-sha2-256
DEBUG:paramiko.transport:Compression agreed: none
DEBUG:paramiko.transport:kex engine KexNistp256 specified hash_algo <built-in function openssl_sha256>
DEBUG:paramiko.transport:Switch to new keys ...
DEBUG:paramiko.transport:Adding ssh-rsa host key for 192.168.136.1: b'91b6fba4d581f09405ec87eabef48312'
DEBUG:paramiko.transport:userauth is OK
INFO:paramiko.transport:Authentication (password) successful!
DEBUG:paramiko.transport:[chan 0] Max packet in: 32768 bytes
DEBUG:paramiko.transport:[chan 0] Max packet out: 32768 bytes
DEBUG:paramiko.transport:Secsh channel 0 opened.
DEBUG:paramiko.transport:[chan 0] Sesch channel 0 request ok
DEBUG:paramiko.transport:[chan 0] Sesch channel 0 request ok
DEBUG:netmiko:Pattern is: ((Change now|Please choose))|([\]>]\s*$)
DEBUG:netmiko:_read_channel_expect read_data: 
 
DEBUG:netmiko:_read_channel_expect read_data: ******************************************************************************
* Copyright (c) 2004-2019 New H3C Technologies Co., Ltd. All rights reserved.*
* Without the owner's prior written consent,                                 *
* no decompiling or reverse-engineering shall be allowed.                    *
******************************************************************************

 
DEBUG:netmiko:_read_channel_expect read_data: <core>
DEBUG:netmiko:Pattern found: ((Change now|Please choose))|([\]>]\s*$) 
 ******************************************************************************
* Copyright (c) 2004-2019 New H3C Technologies Co., Ltd. All rights reserved.*
* Without the owner's prior written consent,                                 *
* no decompiling or reverse-engineering shall be allowed.                    *
******************************************************************************

 <core>
DEBUG:netmiko:write_channel: b'N\n'
DEBUG:netmiko:read_channel: N
      ^
 % Unrecognized command found at '^' position.
<core>
DEBUG:netmiko:Clear buffer detects data in the channel
DEBUG:netmiko:read_channel: 
DEBUG:netmiko:Stripping ANSI escape codes
DEBUG:netmiko:new_output = 
DEBUG:netmiko:repr = ''
DEBUG:netmiko:read_channel: 
DEBUG:netmiko:Stripping ANSI escape codes
DEBUG:netmiko:new_output = 
DEBUG:netmiko:repr = ''
DEBUG:netmiko:read_channel: 
DEBUG:netmiko:write_channel: b'\n'
DEBUG:netmiko:Stripping ANSI escape codes
DEBUG:netmiko:new_output = 
<core>
DEBUG:netmiko:repr = '\r\r\n<core>'
DEBUG:netmiko:read_channel: 
<core>
DEBUG:netmiko:Stripping ANSI escape codes
DEBUG:netmiko:new_output = 
DEBUG:netmiko:repr = ''
DEBUG:netmiko:read_channel: 
DEBUG:netmiko:Stripping ANSI escape codes
DEBUG:netmiko:new_output = 
DEBUG:netmiko:repr = ''
DEBUG:netmiko:read_channel: 
DEBUG:netmiko:Stripping ANSI escape codes
DEBUG:netmiko:new_output = 
DEBUG:netmiko:repr = ''
DEBUG:netmiko:read_channel: 
DEBUG:netmiko:write_channel: b'\n'
DEBUG:netmiko:Stripping ANSI escape codes
DEBUG:netmiko:new_output = 
<core>
DEBUG:netmiko:repr = '\r\r\n<core>'
DEBUG:netmiko:read_channel: 
<core>
DEBUG:netmiko:prompt: core
DEBUG:netmiko:In disable_paging
DEBUG:netmiko:Command: screen-length 0 temporary

DEBUG:netmiko:write_channel: b'screen-length 0 temporary\n'
DEBUG:netmiko:Pattern is: screen\-length\ 0\ temporary
DEBUG:netmiko:Stripping ANSI escape codes
DEBUG:netmiko:new_output = screen-length 0 temporary

DEBUG:netmiko:repr = 'screen-length 0 temporary\r\r\n'
DEBUG:netmiko:_read_channel_expect read_data: screen-length 0 temporary

DEBUG:netmiko:Pattern found: screen\-length\ 0\ temporary screen-length 0 temporary

DEBUG:netmiko:screen-length 0 temporary

DEBUG:netmiko:Exiting disable_paging
DEBUG:netmiko:Stripping ANSI escape codes
DEBUG:netmiko:new_output =                     ^
 % Unrecognized command found at '^' position.
<core>
DEBUG:netmiko:repr = "                    ^\r\r\n % Unrecognized command found at '^' position.\r\r\n<core>"
DEBUG:netmiko:read_channel:                     ^
 % Unrecognized command found at '^' position.
<core>
DEBUG:netmiko:Clear buffer detects data in the channel
DEBUG:netmiko:Stripping ANSI escape codes
DEBUG:netmiko:new_output = 
DEBUG:netmiko:repr = ''
DEBUG:netmiko:read_channel: 
DEBUG:netmiko:write_channel: b'\n'
DEBUG:netmiko:Stripping ANSI escape codes
DEBUG:netmiko:new_output = 
<core>
DEBUG:netmiko:repr = '\r\r\n<core>'
DEBUG:netmiko:read_channel: 
<core>
DEBUG:netmiko:Stripping ANSI escape codes
DEBUG:netmiko:new_output = 
DEBUG:netmiko:repr = ''
DEBUG:netmiko:read_channel: 
DEBUG:netmiko:Stripping ANSI escape codes
DEBUG:netmiko:new_output = 
DEBUG:netmiko:repr = ''
DEBUG:netmiko:read_channel: 
DEBUG:netmiko:write_channel: b'system-view\n'
DEBUG:netmiko:Pattern is: system\-view
DEBUG:netmiko:Stripping ANSI escape codes
DEBUG:netmiko:new_output = system-view

DEBUG:netmiko:repr = 'system-view\r\r\n'
DEBUG:netmiko:_read_channel_expect read_data: system-view

DEBUG:netmiko:Pattern found: system\-view system-view

DEBUG:netmiko:Pattern is: core
DEBUG:netmiko:Stripping ANSI escape codes
DEBUG:netmiko:new_output = System View: return to User View with Ctrl+Z.

DEBUG:netmiko:repr = 'System View: return to User View with Ctrl+Z.\r\r\n'
DEBUG:netmiko:_read_channel_expect read_data: System View: return to User View with Ctrl+Z.

DEBUG:netmiko:Stripping ANSI escape codes
DEBUG:netmiko:new_output = [core]
DEBUG:netmiko:repr = '[core]'
DEBUG:netmiko:_read_channel_expect read_data: [core]
DEBUG:netmiko:Pattern found: core System View: return to User View with Ctrl+Z.
[core]
DEBUG:netmiko:write_channel: b'\n'
DEBUG:netmiko:Stripping ANSI escape codes
DEBUG:netmiko:new_output = 
[core]
DEBUG:netmiko:repr = '\r\r\n[core]'
DEBUG:netmiko:read_channel: 
[core]
DEBUG:netmiko:Stripping ANSI escape codes
DEBUG:netmiko:new_output = 
DEBUG:netmiko:repr = ''
DEBUG:netmiko:read_channel: 
DEBUG:netmiko:Stripping ANSI escape codes
DEBUG:netmiko:new_output = 
DEBUG:netmiko:repr = ''
DEBUG:netmiko:read_channel: 
DEBUG:netmiko:write_channel: b'acl number 2020\n'
DEBUG:netmiko:Pattern is: acl\ number\ 2020
DEBUG:netmiko:Stripping ANSI escape codes
DEBUG:netmiko:new_output = acl number 2020

DEBUG:netmiko:repr = 'acl number 2020\r\r\n'
DEBUG:netmiko:_read_channel_expect read_data: acl number 2020

DEBUG:netmiko:Pattern found: acl\ number\ 2020 acl number 2020

DEBUG:netmiko:Pattern is: (?:core|#)
DEBUG:netmiko:Stripping ANSI escape codes
DEBUG:netmiko:new_output = [core-acl-ipv4-basic-2020]
DEBUG:netmiko:repr = '[core-acl-ipv4-basic-2020]'
DEBUG:netmiko:_read_channel_expect read_data: [core-acl-ipv4-basic-2020]
DEBUG:netmiko:Pattern found: (?:core|#) [core-acl-ipv4-basic-2020]
DEBUG:netmiko:write_channel: b'dis this | include "192.168.214.199 0"\n'
DEBUG:netmiko:Pattern is: dis\ this\ \|\ include\ "192\.168\.214\.199\ 0"
DEBUG:netmiko:Stripping ANSI escape codes
DEBUG:netmiko:new_output = d
DEBUG:netmiko:repr = 'd'
DEBUG:netmiko:_read_channel_expect read_data: d
DEBUG:netmiko:Stripping ANSI escape codes
DEBUG:netmiko:new_output = is this | include "192.168.214.199 0"

DEBUG:netmiko:repr = 'is this | include "192.168.214.199 0"\r\r\n'
DEBUG:netmiko:_read_channel_expect read_data: is this | include "192.168.214.199 0"

DEBUG:netmiko:Pattern found: dis\ this\ \|\ include\ "192\.168\.214\.199\ 0" dis this | include "192.168.214.199 0"

DEBUG:netmiko:Pattern is: (?:core|#)
DEBUG:netmiko:Stripping ANSI escape codes
DEBUG:netmiko:new_output =  rule 165 permit source 192.168.214.199 0

DEBUG:netmiko:repr = ' rule 165 permit source 192.168.214.199 0\r\r\n'
DEBUG:netmiko:_read_channel_expect read_data:  rule 165 permit source 192.168.214.199 0

DEBUG:netmiko:Stripping ANSI escape codes
DEBUG:netmiko:new_output = [core-acl-ipv4-basic-2020]
DEBUG:netmiko:repr = '[core-acl-ipv4-basic-2020]'
DEBUG:netmiko:_read_channel_expect read_data: [core-acl-ipv4-basic-2020]
DEBUG:netmiko:Pattern found: (?:core|#)  rule 165 permit source 192.168.214.199 0
[core-acl-ipv4-basic-2020]
DEBUG:netmiko:write_channel: b'\n'
DEBUG:netmiko:Stripping ANSI escape codes
DEBUG:netmiko:new_output = 
[core-acl-ipv4-basic-2020]
DEBUG:netmiko:repr = '\r\r\n[core-acl-ipv4-basic-2020]'
DEBUG:netmiko:read_channel: 
[core-acl-ipv4-basic-2020]
DEBUG:netmiko:Stripping ANSI escape codes
DEBUG:netmiko:new_output = 
DEBUG:netmiko:repr = ''
DEBUG:netmiko:read_channel: 
DEBUG:netmiko:Stripping ANSI escape codes
DEBUG:netmiko:new_output = 
DEBUG:netmiko:repr = ''
DEBUG:netmiko:read_channel: 
DEBUG:netmiko:write_channel: b'return\n'
DEBUG:netmiko:Pattern is: return
DEBUG:netmiko:Stripping ANSI escape codes
DEBUG:netmiko:new_output = return

DEBUG:netmiko:repr = 'return\r\r\n'
DEBUG:netmiko:_read_channel_expect read_data: return

DEBUG:netmiko:Pattern found: return return

DEBUG:netmiko:Pattern is: >
DEBUG:netmiko:Stripping ANSI escape codes
DEBUG:netmiko:new_output = <core>
DEBUG:netmiko:repr = '<core>'
DEBUG:netmiko:_read_channel_expect read_data: <core>
DEBUG:netmiko:Pattern found: > <core>
DEBUG:netmiko:write_channel: b'\n'
DEBUG:netmiko:Stripping ANSI escape codes
DEBUG:netmiko:new_output = 
<core>
DEBUG:netmiko:repr = '\r\r\n<core>'
DEBUG:netmiko:read_channel: 
<core>
DEBUG:netmiko:Stripping ANSI escape codes
DEBUG:netmiko:new_output = 
DEBUG:netmiko:repr = ''
DEBUG:netmiko:read_channel: 
DEBUG:netmiko:Stripping ANSI escape codes
DEBUG:netmiko:new_output = 
DEBUG:netmiko:repr = ''
DEBUG:netmiko:read_channel: 
DEBUG:netmiko:exit_config_mode: return
<core>
DEBUG:netmiko:system-view
System View: return to User View with Ctrl+Z.
[core]acl number 2020
[core-acl-ipv4-basic-2020]dis this | include "192.168.214.199 0"
 rule 165 permit source 192.168.214.199 0
[core-acl-ipv4-basic-2020]return
<core>
DEBUG:netmiko:write_channel: b'\n'
DEBUG:netmiko:Stripping ANSI escape codes
DEBUG:netmiko:new_output = 
<core>
DEBUG:netmiko:repr = '\r\r\n<core>'
DEBUG:netmiko:read_channel: 
<core>
DEBUG:netmiko:Stripping ANSI escape codes
DEBUG:netmiko:new_output = 
DEBUG:netmiko:repr = ''
DEBUG:netmiko:read_channel: 
DEBUG:netmiko:Stripping ANSI escape codes
DEBUG:netmiko:new_output = 
DEBUG:netmiko:repr = ''
DEBUG:netmiko:read_channel: 
DEBUG:netmiko:write_channel: b'system-view\n'
DEBUG:netmiko:Pattern is: system\-view
DEBUG:netmiko:Stripping ANSI escape codes
DEBUG:netmiko:new_output = system-view

DEBUG:netmiko:repr = 'system-view\r\r\n'
DEBUG:netmiko:_read_channel_expect read_data: system-view

DEBUG:netmiko:Pattern found: system\-view system-view

DEBUG:netmiko:Pattern is: core
DEBUG:netmiko:Stripping ANSI escape codes
DEBUG:netmiko:new_output = System View: return to User View with Ctrl+Z.

DEBUG:netmiko:repr = 'System View: return to User View with Ctrl+Z.\r\r\n'
DEBUG:netmiko:_read_channel_expect read_data: System View: return to User View with Ctrl+Z.

DEBUG:netmiko:Stripping ANSI escape codes
DEBUG:netmiko:new_output = [core]
DEBUG:netmiko:repr = '[core]'
DEBUG:netmiko:_read_channel_expect read_data: [core]
DEBUG:netmiko:Pattern found: core System View: return to User View with Ctrl+Z.
[core]
DEBUG:netmiko:write_channel: b'\n'
DEBUG:netmiko:Stripping ANSI escape codes
DEBUG:netmiko:new_output = 
[core]
DEBUG:netmiko:repr = '\r\r\n[core]'
DEBUG:netmiko:read_channel: 
[core]
DEBUG:netmiko:Stripping ANSI escape codes
DEBUG:netmiko:new_output = 
DEBUG:netmiko:repr = ''
DEBUG:netmiko:read_channel: 
DEBUG:netmiko:Stripping ANSI escape codes
DEBUG:netmiko:new_output = 
DEBUG:netmiko:repr = ''
DEBUG:netmiko:read_channel: 
DEBUG:netmiko:write_channel: b'acl number 2020\n'
DEBUG:netmiko:Pattern is: acl\ number\ 2020
DEBUG:netmiko:Stripping ANSI escape codes
DEBUG:netmiko:new_output = acl number 2020

DEBUG:netmiko:repr = 'acl number 2020\r\r\n'
DEBUG:netmiko:_read_channel_expect read_data: acl number 2020

DEBUG:netmiko:Pattern found: acl\ number\ 2020 acl number 2020

DEBUG:netmiko:Pattern is: (?:core|#)
DEBUG:netmiko:Stripping ANSI escape codes
DEBUG:netmiko:new_output = [core-acl-ipv4-basic-2020]
DEBUG:netmiko:repr = '[core-acl-ipv4-basic-2020]'
DEBUG:netmiko:_read_channel_expect read_data: [core-acl-ipv4-basic-2020]
DEBUG:netmiko:Pattern found: (?:core|#) [core-acl-ipv4-basic-2020]
DEBUG:netmiko:write_channel: b'no rule  165\n'
DEBUG:netmiko:Pattern is: no\ rule\ \ 165
DEBUG:netmiko:Stripping ANSI escape codes
DEBUG:netmiko:new_output = no rule  165

DEBUG:netmiko:repr = 'no rule  165\r\r\n'
DEBUG:netmiko:_read_channel_expect read_data: no rule  165

DEBUG:netmiko:Pattern found: no\ rule\ \ 165 no rule  165

DEBUG:netmiko:Pattern is: (?:core|#)
DEBUG:netmiko:Stripping ANSI escape codes
DEBUG:netmiko:new_output = [core-acl-ipv4-basic-2020]
DEBUG:netmiko:repr = '[core-acl-ipv4-basic-2020]'
DEBUG:netmiko:_read_channel_expect read_data: [core-acl-ipv4-basic-2020]
DEBUG:netmiko:Pattern found: (?:core|#) [core-acl-ipv4-basic-2020]
DEBUG:netmiko:write_channel: b'\n'
DEBUG:netmiko:Stripping ANSI escape codes
DEBUG:netmiko:new_output = 
[core-acl-ipv4-basic-2020]
DEBUG:netmiko:repr = '\r\r\n[core-acl-ipv4-basic-2020]'
DEBUG:netmiko:read_channel: 
[core-acl-ipv4-basic-2020]
DEBUG:netmiko:Stripping ANSI escape codes
DEBUG:netmiko:new_output = 
DEBUG:netmiko:repr = ''
DEBUG:netmiko:read_channel: 
DEBUG:netmiko:Stripping ANSI escape codes
DEBUG:netmiko:new_output = 
DEBUG:netmiko:repr = ''
DEBUG:netmiko:read_channel: 
DEBUG:netmiko:write_channel: b'return\n'
DEBUG:netmiko:Pattern is: return
DEBUG:netmiko:Stripping ANSI escape codes
DEBUG:netmiko:new_output = return

DEBUG:netmiko:repr = 'return\r\r\n'
DEBUG:netmiko:_read_channel_expect read_data: return

DEBUG:netmiko:Pattern found: return return

DEBUG:netmiko:Pattern is: >
DEBUG:netmiko:Stripping ANSI escape codes
DEBUG:netmiko:new_output = <core>
DEBUG:netmiko:repr = '<core>'
DEBUG:netmiko:_read_channel_expect read_data: <core>
DEBUG:netmiko:Pattern found: > <core>
DEBUG:netmiko:write_channel: b'\n'
DEBUG:netmiko:Stripping ANSI escape codes
DEBUG:netmiko:new_output = 
<core>
DEBUG:netmiko:repr = '\r\r\n<core>'
DEBUG:netmiko:read_channel: 
<core>
DEBUG:netmiko:Stripping ANSI escape codes
DEBUG:netmiko:new_output = 
DEBUG:netmiko:repr = ''
DEBUG:netmiko:read_channel: 
DEBUG:netmiko:Stripping ANSI escape codes
DEBUG:netmiko:new_output = 
DEBUG:netmiko:repr = ''
DEBUG:netmiko:read_channel: 
DEBUG:netmiko:exit_config_mode: return
<core>
DEBUG:netmiko:system-view
System View: return to User View with Ctrl+Z.
[core]acl number 2020
[core-acl-ipv4-basic-2020]no rule  165
[core-acl-ipv4-basic-2020]return
<core>
DEBUG:netmiko:Stripping ANSI escape codes
DEBUG:netmiko:new_output = 
DEBUG:netmiko:repr = ''
DEBUG:netmiko:read_channel: 
DEBUG:netmiko:write_channel: b'\n'
DEBUG:netmiko:Stripping ANSI escape codes
DEBUG:netmiko:new_output = 
<core>
DEBUG:netmiko:repr = '\r\r\n<core>'
DEBUG:netmiko:read_channel: 
<core>
DEBUG:netmiko:Stripping ANSI escape codes
DEBUG:netmiko:new_output = 
DEBUG:netmiko:repr = ''
DEBUG:netmiko:read_channel: 
DEBUG:netmiko:[find_prompt()]: prompt is <core>
DEBUG:netmiko:Stripping ANSI escape codes
DEBUG:netmiko:new_output = 
DEBUG:netmiko:repr = ''
DEBUG:netmiko:read_channel: 
DEBUG:netmiko:write_channel: b'save force\n'
DEBUG:netmiko:Pattern is: save\ force
DEBUG:netmiko:Stripping ANSI escape codes
DEBUG:netmiko:new_output = save force

DEBUG:netmiko:repr = 'save force\r\r\n'
DEBUG:netmiko:_read_channel_expect read_data: save force

DEBUG:netmiko:Pattern found: save\ force save force

DEBUG:netmiko:Stripping ANSI escape codes
DEBUG:netmiko:new_output = Validating file. Please wait...

DEBUG:netmiko:repr = 'Validating file. Please wait...\r\r\n'
DEBUG:netmiko:read_channel: Validating file. Please wait...

DEBUG:netmiko:Stripping ANSI escape codes
DEBUG:netmiko:new_output = 
DEBUG:netmiko:repr = ''
DEBUG:netmiko:read_channel: 
DEBUG:netmiko:Stripping ANSI escape codes
DEBUG:netmiko:new_output = 
DEBUG:netmiko:repr = ''
DEBUG:netmiko:read_channel: 
DEBUG:netmiko:Stripping ANSI escape codes
DEBUG:netmiko:new_output = 
DEBUG:netmiko:repr = ''
DEBUG:netmiko:read_channel: 
DEBUG:netmiko:Stripping ANSI escape codes
DEBUG:netmiko:new_output = 
DEBUG:netmiko:repr = ''
DEBUG:netmiko:read_channel: 
DEBUG:netmiko:Stripping ANSI escape codes
DEBUG:netmiko:new_output = 
DEBUG:netmiko:repr = ''
DEBUG:netmiko:read_channel: 
DEBUG:netmiko:Stripping ANSI escape codes
DEBUG:netmiko:new_output = 
DEBUG:netmiko:repr = ''
DEBUG:netmiko:read_channel: 
DEBUG:netmiko:Stripping ANSI escape codes
DEBUG:netmiko:new_output = 
DEBUG:netmiko:repr = ''
DEBUG:netmiko:read_channel: 
DEBUG:netmiko:Stripping ANSI escape codes
DEBUG:netmiko:new_output = 
DEBUG:netmiko:repr = ''
DEBUG:netmiko:read_channel: 
DEBUG:netmiko:Stripping ANSI escape codes
DEBUG:netmiko:new_output = 
DEBUG:netmiko:repr = ''
DEBUG:netmiko:read_channel: 
DEBUG:netmiko:Stripping ANSI escape codes
DEBUG:netmiko:new_output = 
DEBUG:netmiko:repr = ''
DEBUG:netmiko:read_channel: 
DEBUG:netmiko:Stripping ANSI escape codes
DEBUG:netmiko:new_output = 
DEBUG:netmiko:repr = ''
DEBUG:netmiko:read_channel: 
DEBUG:netmiko:Stripping ANSI escape codes
DEBUG:netmiko:new_output = 
DEBUG:netmiko:repr = ''
DEBUG:netmiko:read_channel: 
DEBUG:netmiko:Stripping ANSI escape codes
DEBUG:netmiko:new_output = 
DEBUG:netmiko:repr = ''
DEBUG:netmiko:read_channel: 
DEBUG:netmiko:Stripping ANSI escape codes
DEBUG:netmiko:new_output = 
DEBUG:netmiko:repr = ''
DEBUG:netmiko:read_channel: 
DEBUG:netmiko:Stripping ANSI escape codes
DEBUG:netmiko:new_output = 
DEBUG:netmiko:repr = ''
DEBUG:netmiko:read_channel: 
DEBUG:netmiko:Stripping ANSI escape codes
DEBUG:netmiko:new_output = 
DEBUG:netmiko:repr = ''
DEBUG:netmiko:read_channel: 
DEBUG:netmiko:Stripping ANSI escape codes
DEBUG:netmiko:new_output = Saved the current configuration to mainboard device successfully.
Slot 2:

DEBUG:netmiko:repr = 'Saved the current configuration to mainboard device successfully.\r\r\nSlot 2:\r\r\n'
DEBUG:netmiko:read_channel: Saved the current configuration to mainboard device successfully.
Slot 2:

DEBUG:netmiko:Stripping ANSI escape codes
DEBUG:netmiko:new_output = 
DEBUG:netmiko:repr = ''
DEBUG:netmiko:read_channel: 
DEBUG:netmiko:Stripping ANSI escape codes
DEBUG:netmiko:new_output = 
DEBUG:netmiko:repr = ''
DEBUG:netmiko:read_channel: 
DEBUG:netmiko:Stripping ANSI escape codes
DEBUG:netmiko:new_output = 
DEBUG:netmiko:repr = ''
DEBUG:netmiko:read_channel: 
DEBUG:netmiko:Stripping ANSI escape codes
DEBUG:netmiko:new_output = 
DEBUG:netmiko:repr = ''
DEBUG:netmiko:read_channel: 
DEBUG:netmiko:Stripping ANSI escape codes
DEBUG:netmiko:new_output = 
DEBUG:netmiko:repr = ''
DEBUG:netmiko:read_channel: 
DEBUG:netmiko:Stripping ANSI escape codes
DEBUG:netmiko:new_output = 
DEBUG:netmiko:repr = ''
DEBUG:netmiko:read_channel: 
DEBUG:netmiko:Stripping ANSI escape codes
DEBUG:netmiko:new_output = 
DEBUG:netmiko:repr = ''
DEBUG:netmiko:read_channel: 
DEBUG:netmiko:Stripping ANSI escape codes
DEBUG:netmiko:new_output = 
DEBUG:netmiko:repr = ''
DEBUG:netmiko:read_channel: 
DEBUG:netmiko:Stripping ANSI escape codes
DEBUG:netmiko:new_output = 
DEBUG:netmiko:repr = ''
DEBUG:netmiko:read_channel: 
DEBUG:netmiko:Stripping ANSI escape codes
DEBUG:netmiko:new_output = 
DEBUG:netmiko:repr = ''
DEBUG:netmiko:read_channel: 
DEBUG:netmiko:Stripping ANSI escape codes
DEBUG:netmiko:new_output = 
DEBUG:netmiko:repr = ''
DEBUG:netmiko:read_channel: 
DEBUG:netmiko:Stripping ANSI escape codes
DEBUG:netmiko:new_output = 
DEBUG:netmiko:repr = ''
DEBUG:netmiko:read_channel: 
DEBUG:netmiko:Stripping ANSI escape codes
DEBUG:netmiko:new_output = 
DEBUG:netmiko:repr = ''
DEBUG:netmiko:read_channel: 
DEBUG:netmiko:Stripping ANSI escape codes
DEBUG:netmiko:new_output = 
DEBUG:netmiko:repr = ''
DEBUG:netmiko:read_channel: 
DEBUG:netmiko:Stripping ANSI escape codes
DEBUG:netmiko:new_output = 
DEBUG:netmiko:repr = ''
DEBUG:netmiko:read_channel: 
DEBUG:netmiko:Stripping ANSI escape codes
DEBUG:netmiko:new_output = 
DEBUG:netmiko:repr = ''
DEBUG:netmiko:read_channel: 
DEBUG:netmiko:Stripping ANSI escape codes
DEBUG:netmiko:new_output = 
DEBUG:netmiko:repr = ''
DEBUG:netmiko:read_channel: 
DEBUG:netmiko:Stripping ANSI escape codes
DEBUG:netmiko:new_output = 
DEBUG:netmiko:repr = ''
DEBUG:netmiko:read_channel: 
DEBUG:netmiko:Stripping ANSI escape codes
DEBUG:netmiko:new_output = 
DEBUG:netmiko:repr = ''
DEBUG:netmiko:read_channel: 
DEBUG:netmiko:Stripping ANSI escape codes
DEBUG:netmiko:new_output = 
DEBUG:netmiko:repr = ''
DEBUG:netmiko:read_channel: 
DEBUG:netmiko:Stripping ANSI escape codes
DEBUG:netmiko:new_output = 
DEBUG:netmiko:repr = ''
DEBUG:netmiko:read_channel: 
DEBUG:netmiko:Stripping ANSI escape codes
DEBUG:netmiko:new_output = 
DEBUG:netmiko:repr = ''
DEBUG:netmiko:read_channel: 
DEBUG:netmiko:Stripping ANSI escape codes
DEBUG:netmiko:new_output = 
DEBUG:netmiko:repr = ''
DEBUG:netmiko:read_channel: 
DEBUG:netmiko:Stripping ANSI escape codes
DEBUG:netmiko:new_output = 
DEBUG:netmiko:repr = ''
DEBUG:netmiko:read_channel: 
DEBUG:netmiko:Stripping ANSI escape codes
DEBUG:netmiko:new_output = 
DEBUG:netmiko:repr = ''
DEBUG:netmiko:read_channel: 
DEBUG:netmiko:Stripping ANSI escape codes
DEBUG:netmiko:new_output = Save next configuration file successfully.
<core>
DEBUG:netmiko:repr = 'Save next configuration file successfully.\r\r\n<core>'
DEBUG:netmiko:read_channel: Save next configuration file successfully.
<core>
DEBUG:netmiko:write_channel: b'exit\n'
DEBUG:paramiko.transport:starting thread (client mode): 0x2b9c38b0
DEBUG:paramiko.transport:Local version/idstring: SSH-2.0-paramiko_2.7.2
DEBUG:paramiko.transport:Remote version/idstring: SSH-2.0-Comware-7.1.070
INFO:paramiko.transport:Connected (version 2.0, client Comware-7.1.070)
DEBUG:paramiko.transport:kex algos:['ecdh-sha2-nistp256', 'ecdh-sha2-nistp384', 'diffie-hellman-group-exchange-sha1', 'diffie-hellman-group14-sha1', 'diffie-hellman-group1-sha1'] server key:['ssh-rsa'] client encrypt:['aes128-ctr', 'aes192-ctr', 'aes256-ctr', 'AEAD_AES_128_GCM', 'AEAD_AES_256_GCM', 'aes128-cbc', '3des-cbc', 'aes256-cbc', 'des-cbc'] server encrypt:['aes128-ctr', 'aes192-ctr', 'aes256-ctr', 'AEAD_AES_128_GCM', 'AEAD_AES_256_GCM', 'aes128-cbc', '3des-cbc', 'aes256-cbc', 'des-cbc'] client mac:['hmac-sha2-256', 'hmac-sha2-512', 'hmac-sha1', 'hmac-md5', 'hmac-sha1-96', 'hmac-md5-96'] server mac:['hmac-sha2-256', 'hmac-sha2-512', 'hmac-sha1', 'hmac-md5', 'hmac-sha1-96', 'hmac-md5-96'] client compress:['none', 'zlib', 'zlib@openssh.com'] server compress:['none', 'zlib', 'zlib@openssh.com'] client lang:[''] server lang:[''] kex follows?False
DEBUG:paramiko.transport:Kex agreed: ecdh-sha2-nistp256
DEBUG:paramiko.transport:HostKey agreed: ssh-rsa
DEBUG:paramiko.transport:Cipher agreed: aes128-ctr
DEBUG:paramiko.transport:MAC agreed: hmac-sha2-256
DEBUG:paramiko.transport:Compression agreed: none
DEBUG:paramiko.transport:kex engine KexNistp256 specified hash_algo <built-in function openssl_sha256>
DEBUG:paramiko.transport:Switch to new keys ...
DEBUG:paramiko.transport:Adding ssh-rsa host key for 192.168.136.1: b'91b6fba4d581f09405ec87eabef48312'
DEBUG:paramiko.transport:userauth is OK
INFO:paramiko.transport:Authentication (password) successful!
DEBUG:paramiko.transport:[chan 0] Max packet in: 32768 bytes
DEBUG:paramiko.transport:[chan 0] Max packet out: 32768 bytes
DEBUG:paramiko.transport:Secsh channel 0 opened.
DEBUG:paramiko.transport:[chan 0] Sesch channel 0 request ok
DEBUG:paramiko.transport:[chan 0] Sesch channel 0 request ok
DEBUG:netmiko:Pattern is: ((Change now|Please choose))|([\]>]\s*$)
DEBUG:netmiko:_read_channel_expect read_data: 
 
DEBUG:netmiko:_read_channel_expect read_data: ******************************************************************************
* Copyright (c) 2004-2019 New H3C Technologies Co., Ltd. All rights reserved.*
* Without the owner's prior written consent,                                 *
* no decompiling or reverse-engineering shall be allowed.                    *
******************************************************************************

 
DEBUG:netmiko:_read_channel_expect read_data: <core>
DEBUG:netmiko:Pattern found: ((Change now|Please choose))|([\]>]\s*$) 
 ******************************************************************************
* Copyright (c) 2004-2019 New H3C Technologies Co., Ltd. All rights reserved.*
* Without the owner's prior written consent,                                 *
* no decompiling or reverse-engineering shall be allowed.                    *
******************************************************************************

 <core>
DEBUG:netmiko:write_channel: b'N\n'
DEBUG:netmiko:read_channel: N
      ^
 % Unrecognized command found at '^' position.
<core>
DEBUG:netmiko:Clear buffer detects data in the channel
DEBUG:netmiko:read_channel: 
DEBUG:netmiko:Stripping ANSI escape codes
DEBUG:netmiko:new_output = 
DEBUG:netmiko:repr = ''
DEBUG:netmiko:read_channel: 
DEBUG:netmiko:Stripping ANSI escape codes
DEBUG:netmiko:new_output = 
DEBUG:netmiko:repr = ''
DEBUG:netmiko:read_channel: 
DEBUG:netmiko:write_channel: b'\n'
DEBUG:netmiko:Stripping ANSI escape codes
DEBUG:netmiko:new_output = 
<core>
DEBUG:netmiko:repr = '\r\r\n<core>'
DEBUG:netmiko:read_channel: 
<core>
DEBUG:netmiko:Stripping ANSI escape codes
DEBUG:netmiko:new_output = 
DEBUG:netmiko:repr = ''
DEBUG:netmiko:read_channel: 
DEBUG:netmiko:Stripping ANSI escape codes
DEBUG:netmiko:new_output = 
DEBUG:netmiko:repr = ''
DEBUG:netmiko:read_channel: 
DEBUG:netmiko:Stripping ANSI escape codes
DEBUG:netmiko:new_output = 
DEBUG:netmiko:repr = ''
DEBUG:netmiko:read_channel: 
DEBUG:netmiko:write_channel: b'\n'
DEBUG:netmiko:Stripping ANSI escape codes
DEBUG:netmiko:new_output = 
<core>
DEBUG:netmiko:repr = '\r\r\n<core>'
DEBUG:netmiko:read_channel: 
<core>
DEBUG:netmiko:prompt: core
DEBUG:netmiko:In disable_paging
DEBUG:netmiko:Command: screen-length 0 temporary

DEBUG:netmiko:write_channel: b'screen-length 0 temporary\n'
DEBUG:netmiko:Pattern is: screen\-length\ 0\ temporary
DEBUG:netmiko:Stripping ANSI escape codes
DEBUG:netmiko:new_output = screen-length 0 temporary
                    ^

DEBUG:netmiko:repr = 'screen-length 0 temporary\r\r\n                    ^\r\r\n'
DEBUG:netmiko:_read_channel_expect read_data: screen-length 0 temporary
                    ^

DEBUG:netmiko:Pattern found: screen\-length\ 0\ temporary screen-length 0 temporary
                    ^

DEBUG:netmiko:screen-length 0 temporary
                    ^

DEBUG:netmiko:Exiting disable_paging
DEBUG:netmiko:Stripping ANSI escape codes
DEBUG:netmiko:new_output =  % Unrecognized command found at '^' position.
<core>
DEBUG:netmiko:repr = " % Unrecognized command found at '^' position.\r\r\n<core>"
DEBUG:netmiko:read_channel:  % Unrecognized command found at '^' position.
<core>
DEBUG:netmiko:Clear buffer detects data in the channel
DEBUG:netmiko:Stripping ANSI escape codes
DEBUG:netmiko:new_output = 
DEBUG:netmiko:repr = ''
DEBUG:netmiko:read_channel: 
DEBUG:paramiko.transport:starting thread (client mode): 0x2b9f7f40
DEBUG:paramiko.transport:Local version/idstring: SSH-2.0-paramiko_2.7.2
DEBUG:paramiko.transport:Remote version/idstring: SSH-2.0-Comware-7.1.070
INFO:paramiko.transport:Connected (version 2.0, client Comware-7.1.070)
DEBUG:paramiko.transport:kex algos:['ecdh-sha2-nistp256', 'ecdh-sha2-nistp384', 'diffie-hellman-group-exchange-sha1', 'diffie-hellman-group14-sha1', 'diffie-hellman-group1-sha1'] server key:['ssh-rsa'] client encrypt:['aes128-ctr', 'aes192-ctr', 'aes256-ctr', 'AEAD_AES_128_GCM', 'AEAD_AES_256_GCM', 'aes128-cbc', '3des-cbc', 'aes256-cbc', 'des-cbc'] server encrypt:['aes128-ctr', 'aes192-ctr', 'aes256-ctr', 'AEAD_AES_128_GCM', 'AEAD_AES_256_GCM', 'aes128-cbc', '3des-cbc', 'aes256-cbc', 'des-cbc'] client mac:['hmac-sha2-256', 'hmac-sha2-512', 'hmac-sha1', 'hmac-md5', 'hmac-sha1-96', 'hmac-md5-96'] server mac:['hmac-sha2-256', 'hmac-sha2-512', 'hmac-sha1', 'hmac-md5', 'hmac-sha1-96', 'hmac-md5-96'] client compress:['none', 'zlib', 'zlib@openssh.com'] server compress:['none', 'zlib', 'zlib@openssh.com'] client lang:[''] server lang:[''] kex follows?False
DEBUG:paramiko.transport:Kex agreed: ecdh-sha2-nistp256
DEBUG:paramiko.transport:HostKey agreed: ssh-rsa
DEBUG:paramiko.transport:Cipher agreed: aes128-ctr
DEBUG:paramiko.transport:MAC agreed: hmac-sha2-256
DEBUG:paramiko.transport:Compression agreed: none
DEBUG:paramiko.transport:kex engine KexNistp256 specified hash_algo <built-in function openssl_sha256>
DEBUG:paramiko.transport:Switch to new keys ...
DEBUG:paramiko.transport:Adding ssh-rsa host key for 192.168.136.1: b'91b6fba4d581f09405ec87eabef48312'
DEBUG:paramiko.transport:userauth is OK
INFO:paramiko.transport:Authentication (password) successful!
DEBUG:paramiko.transport:[chan 0] Max packet in: 32768 bytes
DEBUG:paramiko.transport:[chan 0] Max packet out: 32768 bytes
DEBUG:paramiko.transport:Secsh channel 0 opened.
DEBUG:paramiko.transport:[chan 0] Sesch channel 0 request ok
DEBUG:paramiko.transport:[chan 0] Sesch channel 0 request ok
DEBUG:netmiko:write_channel: b'\n'
DEBUG:netmiko:write_channel: b'\n'
DEBUG:netmiko:write_channel: b'\n'
DEBUG:netmiko:write_channel: b'\n'
DEBUG:netmiko:read_channel: 


 ******************************************************************************
* Copyright (c) 2004-2019 New H3C Technologies Co., Ltd. All rights reserved.*
* Without the owner's prior written consent,                                 *
* no decompiling or reverse-engineering shall be allowed.                    *
******************************************************************************

 

<core>
<core>
<core>
<core>
<core>
DEBUG:netmiko:Clear buffer detects data in the channel
DEBUG:netmiko:read_channel: 
DEBUG:netmiko:read_channel: 
DEBUG:netmiko:read_channel: 
DEBUG:netmiko:write_channel: b'\n'
DEBUG:netmiko:read_channel: 
<core>
DEBUG:netmiko:read_channel: 
DEBUG:netmiko:read_channel: 
DEBUG:netmiko:read_channel: 
DEBUG:netmiko:write_channel: b'\n'
DEBUG:netmiko:read_channel: 
<core>
DEBUG:netmiko:read_channel: 
DEBUG:netmiko:[find_prompt()]: prompt is <core>
DEBUG:netmiko:In disable_paging
DEBUG:netmiko:Command: 
screen-length disable

DEBUG:netmiko:write_channel: b'\nscreen-length disable\n'
DEBUG:netmiko:Pattern is: core
DEBUG:netmiko:_read_channel_expect read_data: 
<core>screen-len
DEBUG:netmiko:Pattern found: core 
<core>screen-len
DEBUG:netmiko:
<core>screen-len
DEBUG:netmiko:Exiting disable_paging
DEBUG:netmiko:read_channel: gth disable
<core>
DEBUG:netmiko:Clear buffer detects data in the channel
DEBUG:netmiko:read_channel: 
DEBUG:netmiko:read_channel: 
DEBUG:netmiko:write_channel: b'\n'
DEBUG:netmiko:read_channel: 
<core>
DEBUG:netmiko:read_channel: 
DEBUG:netmiko:[find_prompt()]: prompt is <core>
DEBUG:paramiko.transport:starting thread (client mode): 0xf9398b0
DEBUG:paramiko.transport:Local version/idstring: SSH-2.0-paramiko_2.7.2
DEBUG:paramiko.transport:Remote version/idstring: SSH-2.0-Comware-7.1.070
INFO:paramiko.transport:Connected (version 2.0, client Comware-7.1.070)
DEBUG:paramiko.transport:kex algos:['ecdh-sha2-nistp256', 'ecdh-sha2-nistp384', 'diffie-hellman-group-exchange-sha1', 'diffie-hellman-group14-sha1', 'diffie-hellman-group1-sha1'] server key:['ssh-rsa'] client encrypt:['aes128-ctr', 'aes192-ctr', 'aes256-ctr', 'AEAD_AES_128_GCM', 'AEAD_AES_256_GCM', 'aes128-cbc', '3des-cbc', 'aes256-cbc', 'des-cbc'] server encrypt:['aes128-ctr', 'aes192-ctr', 'aes256-ctr', 'AEAD_AES_128_GCM', 'AEAD_AES_256_GCM', 'aes128-cbc', '3des-cbc', 'aes256-cbc', 'des-cbc'] client mac:['hmac-sha2-256', 'hmac-sha2-512', 'hmac-sha1', 'hmac-md5', 'hmac-sha1-96', 'hmac-md5-96'] server mac:['hmac-sha2-256', 'hmac-sha2-512', 'hmac-sha1', 'hmac-md5', 'hmac-sha1-96', 'hmac-md5-96'] client compress:['none', 'zlib', 'zlib@openssh.com'] server compress:['none', 'zlib', 'zlib@openssh.com'] client lang:[''] server lang:[''] kex follows?False
DEBUG:paramiko.transport:Kex agreed: ecdh-sha2-nistp256
DEBUG:paramiko.transport:HostKey agreed: ssh-rsa
DEBUG:paramiko.transport:Cipher agreed: aes128-ctr
DEBUG:paramiko.transport:MAC agreed: hmac-sha2-256
DEBUG:paramiko.transport:Compression agreed: none
DEBUG:paramiko.transport:kex engine KexNistp256 specified hash_algo <built-in function openssl_sha256>
DEBUG:paramiko.transport:Switch to new keys ...
DEBUG:paramiko.transport:Adding ssh-rsa host key for 192.168.136.1: b'91b6fba4d581f09405ec87eabef48312'
DEBUG:paramiko.transport:userauth is OK
INFO:paramiko.transport:Authentication (password) successful!
DEBUG:paramiko.transport:[chan 0] Max packet in: 32768 bytes
DEBUG:paramiko.transport:[chan 0] Max packet out: 32768 bytes
DEBUG:paramiko.transport:Secsh channel 0 opened.
DEBUG:paramiko.transport:[chan 0] Sesch channel 0 request ok
DEBUG:paramiko.transport:[chan 0] Sesch channel 0 request ok
DEBUG:netmiko:Pattern is: ((Change now|Please choose))|([\]>]\s*$)
DEBUG:netmiko:_read_channel_expect read_data: 
 
DEBUG:netmiko:_read_channel_expect read_data: ******************************************************************************
* Copyright (c) 2004-2019 New H3C Technologies Co., Ltd. All rights reserved.*
* Without the owner's prior written consent,                                 *
* no decompiling or reverse-engineering shall be allowed.                    *
******************************************************************************

 
DEBUG:netmiko:_read_channel_expect read_data: <core>
DEBUG:netmiko:Pattern found: ((Change now|Please choose))|([\]>]\s*$) 
 ******************************************************************************
* Copyright (c) 2004-2019 New H3C Technologies Co., Ltd. All rights reserved.*
* Without the owner's prior written consent,                                 *
* no decompiling or reverse-engineering shall be allowed.                    *
******************************************************************************

 <core>
DEBUG:netmiko:write_channel: b'N\n'
DEBUG:netmiko:read_channel: N
      ^
 % Unrecognized command found at '^' position.
<core>
DEBUG:netmiko:Clear buffer detects data in the channel
DEBUG:netmiko:read_channel: 
DEBUG:netmiko:Stripping ANSI escape codes
DEBUG:netmiko:new_output = 
DEBUG:netmiko:repr = ''
DEBUG:netmiko:read_channel: 
DEBUG:netmiko:Stripping ANSI escape codes
DEBUG:netmiko:new_output = 
DEBUG:netmiko:repr = ''
DEBUG:netmiko:read_channel: 
DEBUG:netmiko:write_channel: b'\n'
DEBUG:netmiko:Stripping ANSI escape codes
DEBUG:netmiko:new_output = 
<core>
DEBUG:netmiko:repr = '\r\r\n<core>'
DEBUG:netmiko:read_channel: 
<core>
DEBUG:netmiko:Stripping ANSI escape codes
DEBUG:netmiko:new_output = 
DEBUG:netmiko:repr = ''
DEBUG:netmiko:read_channel: 
DEBUG:netmiko:Stripping ANSI escape codes
DEBUG:netmiko:new_output = 
DEBUG:netmiko:repr = ''
DEBUG:netmiko:read_channel: 
DEBUG:netmiko:Stripping ANSI escape codes
DEBUG:netmiko:new_output = 
DEBUG:netmiko:repr = ''
DEBUG:netmiko:read_channel: 
DEBUG:netmiko:write_channel: b'\n'
DEBUG:netmiko:Stripping ANSI escape codes
DEBUG:netmiko:new_output = 
<core>
DEBUG:netmiko:repr = '\r\r\n<core>'
DEBUG:netmiko:read_channel: 
<core>
DEBUG:netmiko:prompt: core
DEBUG:netmiko:In disable_paging
DEBUG:netmiko:Command: screen-length 0 temporary

DEBUG:netmiko:write_channel: b'screen-length 0 temporary\n'
DEBUG:netmiko:Pattern is: screen\-length\ 0\ temporary
DEBUG:netmiko:Stripping ANSI escape codes
DEBUG:netmiko:new_output = screen-length 0 temporary

DEBUG:netmiko:repr = 'screen-length 0 temporary\r\r\n'
DEBUG:netmiko:_read_channel_expect read_data: screen-length 0 temporary

DEBUG:netmiko:Pattern found: screen\-length\ 0\ temporary screen-length 0 temporary

DEBUG:netmiko:screen-length 0 temporary

DEBUG:netmiko:Exiting disable_paging
DEBUG:netmiko:Stripping ANSI escape codes
DEBUG:netmiko:new_output =                     ^
 % Unrecognized command found at '^' position.
<core>
DEBUG:netmiko:repr = "                    ^\r\r\n % Unrecognized command found at '^' position.\r\r\n<core>"
DEBUG:netmiko:read_channel:                     ^
 % Unrecognized command found at '^' position.
<core>
DEBUG:netmiko:Clear buffer detects data in the channel
DEBUG:netmiko:Stripping ANSI escape codes
DEBUG:netmiko:new_output = 
DEBUG:netmiko:repr = ''
DEBUG:netmiko:read_channel: 
DEBUG:paramiko.transport:starting thread (client mode): 0xf96cf40
DEBUG:paramiko.transport:Local version/idstring: SSH-2.0-paramiko_2.7.2
DEBUG:paramiko.transport:Remote version/idstring: SSH-2.0-Comware-7.1.070
INFO:paramiko.transport:Connected (version 2.0, client Comware-7.1.070)
DEBUG:paramiko.transport:kex algos:['ecdh-sha2-nistp256', 'ecdh-sha2-nistp384', 'diffie-hellman-group-exchange-sha1', 'diffie-hellman-group14-sha1', 'diffie-hellman-group1-sha1'] server key:['ssh-rsa'] client encrypt:['aes128-ctr', 'aes192-ctr', 'aes256-ctr', 'AEAD_AES_128_GCM', 'AEAD_AES_256_GCM', 'aes128-cbc', '3des-cbc', 'aes256-cbc', 'des-cbc'] server encrypt:['aes128-ctr', 'aes192-ctr', 'aes256-ctr', 'AEAD_AES_128_GCM', 'AEAD_AES_256_GCM', 'aes128-cbc', '3des-cbc', 'aes256-cbc', 'des-cbc'] client mac:['hmac-sha2-256', 'hmac-sha2-512', 'hmac-sha1', 'hmac-md5', 'hmac-sha1-96', 'hmac-md5-96'] server mac:['hmac-sha2-256', 'hmac-sha2-512', 'hmac-sha1', 'hmac-md5', 'hmac-sha1-96', 'hmac-md5-96'] client compress:['none', 'zlib', 'zlib@openssh.com'] server compress:['none', 'zlib', 'zlib@openssh.com'] client lang:[''] server lang:[''] kex follows?False
DEBUG:paramiko.transport:Kex agreed: ecdh-sha2-nistp256
DEBUG:paramiko.transport:HostKey agreed: ssh-rsa
DEBUG:paramiko.transport:Cipher agreed: aes128-ctr
DEBUG:paramiko.transport:MAC agreed: hmac-sha2-256
DEBUG:paramiko.transport:Compression agreed: none
DEBUG:paramiko.transport:kex engine KexNistp256 specified hash_algo <built-in function openssl_sha256>
DEBUG:paramiko.transport:Switch to new keys ...
DEBUG:paramiko.transport:Adding ssh-rsa host key for 192.168.136.1: b'91b6fba4d581f09405ec87eabef48312'
DEBUG:paramiko.transport:userauth is OK
INFO:paramiko.transport:Authentication (password) successful!
DEBUG:paramiko.transport:[chan 0] Max packet in: 32768 bytes
DEBUG:paramiko.transport:[chan 0] Max packet out: 32768 bytes
DEBUG:paramiko.transport:Secsh channel 0 opened.
DEBUG:paramiko.transport:[chan 0] Sesch channel 0 request ok
DEBUG:paramiko.transport:[chan 0] Sesch channel 0 request ok
DEBUG:netmiko:write_channel: b'\n'
DEBUG:netmiko:write_channel: b'\n'
DEBUG:netmiko:write_channel: b'\n'
DEBUG:netmiko:write_channel: b'\n'
DEBUG:netmiko:read_channel: 


 ******************************************************************************
* Copyright (c) 2004-2019 New H3C Technologies Co., Ltd. All rights reserved.*
* Without the owner's prior written consent,                                 *
* no decompiling or reverse-engineering shall be allowed.                    *
******************************************************************************

 


DEBUG:netmiko:Clear buffer detects data in the channel
DEBUG:netmiko:read_channel: <core>
<core>
<core>
<core>
<core>
DEBUG:netmiko:Clear buffer detects data in the channel
DEBUG:netmiko:read_channel: 
DEBUG:netmiko:read_channel: 
DEBUG:netmiko:read_channel: 
DEBUG:netmiko:write_channel: b'\n'
DEBUG:netmiko:read_channel: 
<core>
DEBUG:netmiko:read_channel: 
DEBUG:netmiko:read_channel: 
DEBUG:netmiko:read_channel: 
DEBUG:netmiko:write_channel: b'\n'
DEBUG:netmiko:read_channel: 
<core>
DEBUG:netmiko:read_channel: 
DEBUG:netmiko:[find_prompt()]: prompt is <core>
DEBUG:netmiko:In disable_paging
DEBUG:netmiko:Command: 
screen-length disable

DEBUG:netmiko:write_channel: b'\nscreen-length disable\n'
DEBUG:netmiko:Pattern is: core
DEBUG:netmiko:_read_channel_expect read_data: 
<core>screen-length disable
DEBUG:netmiko:Pattern found: core 
<core>screen-length disable
DEBUG:netmiko:
<core>screen-length disable
DEBUG:netmiko:Exiting disable_paging
DEBUG:netmiko:read_channel: 
<core>
DEBUG:netmiko:Clear buffer detects data in the channel
DEBUG:netmiko:read_channel: 
DEBUG:netmiko:write_channel: b'\n'
DEBUG:netmiko:read_channel: 
<core>
DEBUG:netmiko:read_channel: 
DEBUG:netmiko:read_channel: 
DEBUG:netmiko:write_channel: b'system-view\n'
DEBUG:netmiko:Pattern is: core
DEBUG:netmiko:_read_channel_expect read_data: system-view

DEBUG:netmiko:_read_channel_expect read_data: System View: return to User View with Ctrl+Z.
[core]
DEBUG:netmiko:Pattern found: core system-view
System View: return to User View with Ctrl+Z.
[core]
DEBUG:netmiko:write_channel: b'\n'
DEBUG:netmiko:read_channel: 
[core]
DEBUG:netmiko:read_channel: 
DEBUG:netmiko:read_channel: 
DEBUG:netmiko:write_channel: b'acl number 2020\n'
DEBUG:netmiko:Pattern is: acl\ number\ 2020
DEBUG:netmiko:_read_channel_expect read_data: acl number 2020

DEBUG:netmiko:Pattern found: acl\ number\ 2020 acl number 2020

DEBUG:netmiko:Pattern is: (?:core|#)
DEBUG:netmiko:_read_channel_expect read_data: [core-acl-ipv4-basic-2020]
DEBUG:netmiko:Pattern found: (?:core|#) [core-acl-ipv4-basic-2020]
DEBUG:netmiko:write_channel: b'dis this\n'
DEBUG:netmiko:Pattern is: dis\ this
DEBUG:netmiko:_read_channel_expect read_data: d
DEBUG:netmiko:_read_channel_expect read_data: is this

DEBUG:netmiko:Pattern found: dis\ this dis this

DEBUG:netmiko:Pattern is: (?:core|#)
DEBUG:netmiko:_read_channel_expect read_data: #
DEBUG:netmiko:Pattern found: (?:core|#) #
DEBUG:netmiko:write_channel: b'\n'
DEBUG:netmiko:read_channel: 
acl number 2020
 description fanqiang_NAT
 rule 2 permit source 192.168.112.0 0.0.0.255
 rule 7 permit source 172.16.30.0 0.0.0.255
 rule 10 permit source 192.168.138.44 0
 rule 15 permit source 172.16.22.229 0
 rule 20 permit source 172.16.22.190 0
 rule 25 permit source 172.16.23.176 0
 rule 30 permit source 172.16.22.39 0
 rule 35 permit source 172.16.22.213 0
 rule 40 permit source 172.16.23.97 0
 rule 45 permit source 192.168.214.35 0
 rule 50 permit source 172.16.23.239 0
 rule 55 permit source 172.16.23.39 0
 rule 60 permit source 172.16.23.95 0
 rule 65 permit source 172.16.22.222 0
 rule 70 permit source 172.16.23.58 0
 rule 75 permit source 172.16.22.129 0
 rule 80 permit source 172.16.22.180 0
 rule 85 permit source 172.16.40.4 0
 rule 90 permit source 192.168.138.27 0
 rule 95 permit source 192.168.214.116 0
 rule 100 permit source 192.168.214.102 0
 rule 105 permit source 192.168.138.5 0
 rule 110 permit source 172.16.22.231 0
 rule 115 permit source 192.168.214.101 0
 rule 125 permit source 172.16.40.197 0
 rule 130 permit source 172.16.40.198 0
 rule 135 permit source 192.168.216.71 0
 rule 140 permit source 192.168.138.101 0
 rule 145 permit source 192.168.214.115 0
 rule 150 permit source 192.168.216.70 0
 rule 160 permit source 172.16.22.200 0
#
return
[core-acl-ipv4-basic-2020]
[core-acl-ipv4-basic-2020]
DEBUG:netmiko:read_channel: 
DEBUG:netmiko:read_channel: 
DEBUG:netmiko:write_channel: b'return\n'
DEBUG:netmiko:Pattern is: >
DEBUG:netmiko:_read_channel_expect read_data: return
DEBUG:netmiko:_read_channel_expect read_data: 
<core>
DEBUG:netmiko:Pattern found: > return
<core>
DEBUG:netmiko:write_channel: b'\n'
DEBUG:netmiko:read_channel: 
<core>
DEBUG:netmiko:read_channel: 
DEBUG:netmiko:read_channel: 
DEBUG:netmiko:exit_config_mode: return
<core>
DEBUG:netmiko:system-view
System View: return to User View with Ctrl+Z.
[core]acl number 2020
[core-acl-ipv4-basic-2020]dis this
#return
<core>
DEBUG:netmiko:write_channel: b'exit\n'
DEBUG:paramiko.transport:EOF in transport thread
DEBUG:netmiko:Stripping ANSI escape codes
DEBUG:netmiko:new_output = 
DEBUG:netmiko:repr = ''
DEBUG:netmiko:read_channel: 
DEBUG:netmiko:write_channel: b'\n'
DEBUG:netmiko:Stripping ANSI escape codes
DEBUG:netmiko:new_output = 
<core>
DEBUG:netmiko:repr = '\r\r\n<core>'
DEBUG:netmiko:read_channel: 
<core>
DEBUG:netmiko:Stripping ANSI escape codes
DEBUG:netmiko:new_output = 
DEBUG:netmiko:repr = ''
DEBUG:netmiko:read_channel: 
DEBUG:netmiko:[find_prompt()]: prompt is <core>
DEBUG:netmiko:Stripping ANSI escape codes
DEBUG:netmiko:new_output = 
DEBUG:netmiko:repr = ''
DEBUG:netmiko:read_channel: 
DEBUG:netmiko:write_channel: b'save force\n'
DEBUG:netmiko:Pattern is: save\ force
DEBUG:netmiko:Stripping ANSI escape codes
DEBUG:netmiko:new_output = save force

DEBUG:netmiko:repr = 'save force\r\r\n'
DEBUG:netmiko:_read_channel_expect read_data: save force

DEBUG:netmiko:Pattern found: save\ force save force

DEBUG:netmiko:Stripping ANSI escape codes
DEBUG:netmiko:new_output = Validating file. Please wait...

DEBUG:netmiko:repr = 'Validating file. Please wait...\r\r\n'
DEBUG:netmiko:read_channel: Validating file. Please wait...

DEBUG:netmiko:Stripping ANSI escape codes
DEBUG:netmiko:new_output = 
DEBUG:netmiko:repr = ''
DEBUG:netmiko:read_channel: 
DEBUG:netmiko:Stripping ANSI escape codes
DEBUG:netmiko:new_output = 
DEBUG:netmiko:repr = ''
DEBUG:netmiko:read_channel: 
DEBUG:netmiko:Stripping ANSI escape codes
DEBUG:netmiko:new_output = 
DEBUG:netmiko:repr = ''
DEBUG:netmiko:read_channel: 
DEBUG:netmiko:Stripping ANSI escape codes
DEBUG:netmiko:new_output = 
DEBUG:netmiko:repr = ''
DEBUG:netmiko:read_channel: 
DEBUG:netmiko:Stripping ANSI escape codes
DEBUG:netmiko:new_output = 
DEBUG:netmiko:repr = ''
DEBUG:netmiko:read_channel: 
DEBUG:netmiko:Stripping ANSI escape codes
DEBUG:netmiko:new_output = 
DEBUG:netmiko:repr = ''
DEBUG:netmiko:read_channel: 
DEBUG:netmiko:Stripping ANSI escape codes
DEBUG:netmiko:new_output = 
DEBUG:netmiko:repr = ''
DEBUG:netmiko:read_channel: 
DEBUG:netmiko:Stripping ANSI escape codes
DEBUG:netmiko:new_output = 
DEBUG:netmiko:repr = ''
DEBUG:netmiko:read_channel: 
DEBUG:netmiko:Stripping ANSI escape codes
DEBUG:netmiko:new_output = 
DEBUG:netmiko:repr = ''
DEBUG:netmiko:read_channel: 
DEBUG:netmiko:Stripping ANSI escape codes
DEBUG:netmiko:new_output = 
DEBUG:netmiko:repr = ''
DEBUG:netmiko:read_channel: 
DEBUG:netmiko:Stripping ANSI escape codes
DEBUG:netmiko:new_output = 
DEBUG:netmiko:repr = ''
DEBUG:netmiko:read_channel: 
DEBUG:netmiko:Stripping ANSI escape codes
DEBUG:netmiko:new_output = 
DEBUG:netmiko:repr = ''
DEBUG:netmiko:read_channel: 
DEBUG:netmiko:Stripping ANSI escape codes
DEBUG:netmiko:new_output = 
DEBUG:netmiko:repr = ''
DEBUG:netmiko:read_channel: 
DEBUG:netmiko:Stripping ANSI escape codes
DEBUG:netmiko:new_output = 
DEBUG:netmiko:repr = ''
DEBUG:netmiko:read_channel: 
DEBUG:netmiko:Stripping ANSI escape codes
DEBUG:netmiko:new_output = 
DEBUG:netmiko:repr = ''
DEBUG:netmiko:read_channel: 
DEBUG:netmiko:Stripping ANSI escape codes
DEBUG:netmiko:new_output = 
DEBUG:netmiko:repr = ''
DEBUG:netmiko:read_channel: 
DEBUG:netmiko:Stripping ANSI escape codes
DEBUG:netmiko:new_output = 
DEBUG:netmiko:repr = ''
DEBUG:netmiko:read_channel: 
DEBUG:netmiko:Stripping ANSI escape codes
DEBUG:netmiko:new_output = 
DEBUG:netmiko:repr = ''
DEBUG:netmiko:read_channel: 
DEBUG:netmiko:Stripping ANSI escape codes
DEBUG:netmiko:new_output = 
DEBUG:netmiko:repr = ''
DEBUG:netmiko:read_channel: 
DEBUG:netmiko:Stripping ANSI escape codes
DEBUG:netmiko:new_output = 
DEBUG:netmiko:repr = ''
DEBUG:netmiko:read_channel: 
DEBUG:netmiko:Stripping ANSI escape codes
DEBUG:netmiko:new_output = 
DEBUG:netmiko:repr = ''
DEBUG:netmiko:read_channel: 
DEBUG:netmiko:Stripping ANSI escape codes
DEBUG:netmiko:new_output = 
DEBUG:netmiko:repr = ''
DEBUG:netmiko:read_channel: 
DEBUG:netmiko:Stripping ANSI escape codes
DEBUG:netmiko:new_output = 
DEBUG:netmiko:repr = ''
DEBUG:netmiko:read_channel: 
DEBUG:netmiko:Stripping ANSI escape codes
DEBUG:netmiko:new_output = 
DEBUG:netmiko:repr = ''
DEBUG:netmiko:read_channel: 
DEBUG:netmiko:Stripping ANSI escape codes
DEBUG:netmiko:new_output = 
DEBUG:netmiko:repr = ''
DEBUG:netmiko:read_channel: 
DEBUG:netmiko:Stripping ANSI escape codes
DEBUG:netmiko:new_output = Saved the current configuration to mainboard device successfully.
Slot 2:

DEBUG:netmiko:repr = 'Saved the current configuration to mainboard device successfully.\r\r\nSlot 2:\r\r\n'
DEBUG:netmiko:read_channel: Saved the current configuration to mainboard device successfully.
Slot 2:

DEBUG:netmiko:Stripping ANSI escape codes
DEBUG:netmiko:new_output = 
DEBUG:netmiko:repr = ''
DEBUG:netmiko:read_channel: 
DEBUG:netmiko:Stripping ANSI escape codes
DEBUG:netmiko:new_output = 
DEBUG:netmiko:repr = ''
DEBUG:netmiko:read_channel: 
DEBUG:netmiko:Stripping ANSI escape codes
DEBUG:netmiko:new_output = 
DEBUG:netmiko:repr = ''
DEBUG:netmiko:read_channel: 
DEBUG:netmiko:Stripping ANSI escape codes
DEBUG:netmiko:new_output = 
DEBUG:netmiko:repr = ''
DEBUG:netmiko:read_channel: 
DEBUG:netmiko:Stripping ANSI escape codes
DEBUG:netmiko:new_output = 
DEBUG:netmiko:repr = ''
DEBUG:netmiko:read_channel: 
DEBUG:netmiko:Stripping ANSI escape codes
DEBUG:netmiko:new_output = 
DEBUG:netmiko:repr = ''
DEBUG:netmiko:read_channel: 
DEBUG:netmiko:Stripping ANSI escape codes
DEBUG:netmiko:new_output = 
DEBUG:netmiko:repr = ''
DEBUG:netmiko:read_channel: 
DEBUG:netmiko:Stripping ANSI escape codes
DEBUG:netmiko:new_output = 
DEBUG:netmiko:repr = ''
DEBUG:netmiko:read_channel: 
DEBUG:netmiko:Stripping ANSI escape codes
DEBUG:netmiko:new_output = 
DEBUG:netmiko:repr = ''
DEBUG:netmiko:read_channel: 
DEBUG:netmiko:Stripping ANSI escape codes
DEBUG:netmiko:new_output = 
DEBUG:netmiko:repr = ''
DEBUG:netmiko:read_channel: 
DEBUG:netmiko:Stripping ANSI escape codes
DEBUG:netmiko:new_output = 
DEBUG:netmiko:repr = ''
DEBUG:netmiko:read_channel: 
DEBUG:netmiko:Stripping ANSI escape codes
DEBUG:netmiko:new_output = 
DEBUG:netmiko:repr = ''
DEBUG:netmiko:read_channel: 
DEBUG:netmiko:Stripping ANSI escape codes
DEBUG:netmiko:new_output = 
DEBUG:netmiko:repr = ''
DEBUG:netmiko:read_channel: 
DEBUG:netmiko:Stripping ANSI escape codes
DEBUG:netmiko:new_output = 
DEBUG:netmiko:repr = ''
DEBUG:netmiko:read_channel: 
DEBUG:netmiko:Stripping ANSI escape codes
DEBUG:netmiko:new_output = 
DEBUG:netmiko:repr = ''
DEBUG:netmiko:read_channel: 
DEBUG:netmiko:Stripping ANSI escape codes
DEBUG:netmiko:new_output = 
DEBUG:netmiko:repr = ''
DEBUG:netmiko:read_channel: 
DEBUG:netmiko:Stripping ANSI escape codes
DEBUG:netmiko:new_output = 
DEBUG:netmiko:repr = ''
DEBUG:netmiko:read_channel: 
DEBUG:netmiko:Stripping ANSI escape codes
DEBUG:netmiko:new_output = 
DEBUG:netmiko:repr = ''
DEBUG:netmiko:read_channel: 
DEBUG:netmiko:Stripping ANSI escape codes
DEBUG:netmiko:new_output = 
DEBUG:netmiko:repr = ''
DEBUG:netmiko:read_channel: 
DEBUG:netmiko:Stripping ANSI escape codes
DEBUG:netmiko:new_output = 
DEBUG:netmiko:repr = ''
DEBUG:netmiko:read_channel: 
DEBUG:netmiko:Stripping ANSI escape codes
DEBUG:netmiko:new_output = 
DEBUG:netmiko:repr = ''
DEBUG:netmiko:read_channel: 
DEBUG:netmiko:Stripping ANSI escape codes
DEBUG:netmiko:new_output = 
DEBUG:netmiko:repr = ''
DEBUG:netmiko:read_channel: 
DEBUG:netmiko:Stripping ANSI escape codes
DEBUG:netmiko:new_output = Save next configuration file successfully.
<core>
DEBUG:netmiko:repr = 'Save next configuration file successfully.\r\r\n<core>'
DEBUG:netmiko:read_channel: Save next configuration file successfully.
<core>
DEBUG:netmiko:write_channel: b'exit\n'
DEBUG:paramiko.transport:starting thread (client mode): 0x828b5850
DEBUG:paramiko.transport:Local version/idstring: SSH-2.0-paramiko_2.7.2
DEBUG:paramiko.transport:Remote version/idstring: SSH-2.0-Comware-7.1.070
INFO:paramiko.transport:Connected (version 2.0, client Comware-7.1.070)
DEBUG:paramiko.transport:kex algos:['ecdh-sha2-nistp256', 'ecdh-sha2-nistp384', 'diffie-hellman-group-exchange-sha1', 'diffie-hellman-group14-sha1', 'diffie-hellman-group1-sha1'] server key:['ssh-rsa'] client encrypt:['aes128-ctr', 'aes192-ctr', 'aes256-ctr', 'AEAD_AES_128_GCM', 'AEAD_AES_256_GCM', 'aes128-cbc', '3des-cbc', 'aes256-cbc', 'des-cbc'] server encrypt:['aes128-ctr', 'aes192-ctr', 'aes256-ctr', 'AEAD_AES_128_GCM', 'AEAD_AES_256_GCM', 'aes128-cbc', '3des-cbc', 'aes256-cbc', 'des-cbc'] client mac:['hmac-sha2-256', 'hmac-sha2-512', 'hmac-sha1', 'hmac-md5', 'hmac-sha1-96', 'hmac-md5-96'] server mac:['hmac-sha2-256', 'hmac-sha2-512', 'hmac-sha1', 'hmac-md5', 'hmac-sha1-96', 'hmac-md5-96'] client compress:['none', 'zlib', 'zlib@openssh.com'] server compress:['none', 'zlib', 'zlib@openssh.com'] client lang:[''] server lang:[''] kex follows?False
DEBUG:paramiko.transport:Kex agreed: ecdh-sha2-nistp256
DEBUG:paramiko.transport:HostKey agreed: ssh-rsa
DEBUG:paramiko.transport:Cipher agreed: aes128-ctr
DEBUG:paramiko.transport:MAC agreed: hmac-sha2-256
DEBUG:paramiko.transport:Compression agreed: none
DEBUG:paramiko.transport:kex engine KexNistp256 specified hash_algo <built-in function openssl_sha256>
DEBUG:paramiko.transport:Switch to new keys ...
DEBUG:paramiko.transport:Adding ssh-rsa host key for 192.168.136.1: b'91b6fba4d581f09405ec87eabef48312'
DEBUG:paramiko.transport:userauth is OK
INFO:paramiko.transport:Authentication (password) successful!
DEBUG:paramiko.transport:[chan 0] Max packet in: 32768 bytes
DEBUG:paramiko.transport:[chan 0] Max packet out: 32768 bytes
DEBUG:paramiko.transport:Secsh channel 0 opened.
DEBUG:paramiko.transport:[chan 0] Sesch channel 0 request ok
DEBUG:paramiko.transport:[chan 0] Sesch channel 0 request ok
DEBUG:netmiko:Pattern is: ((Change now|Please choose))|([\]>]\s*$)
DEBUG:netmiko:_read_channel_expect read_data: 
 
DEBUG:netmiko:_read_channel_expect read_data: ******************************************************************************
* Copyright (c) 2004-2019 New H3C Technologies Co., Ltd. All rights reserved.*
* Without the owner's prior written consent,                                 *
* no decompiling or reverse-engineering shall be allowed.                    *
******************************************************************************

 
DEBUG:netmiko:_read_channel_expect read_data: <core>
DEBUG:netmiko:Pattern found: ((Change now|Please choose))|([\]>]\s*$) 
 ******************************************************************************
* Copyright (c) 2004-2019 New H3C Technologies Co., Ltd. All rights reserved.*
* Without the owner's prior written consent,                                 *
* no decompiling or reverse-engineering shall be allowed.                    *
******************************************************************************

 <core>
DEBUG:netmiko:write_channel: b'N\n'
DEBUG:netmiko:read_channel: N
      ^
 % Unrecognized command found at '^' position.
<core>
DEBUG:netmiko:Clear buffer detects data in the channel
DEBUG:netmiko:read_channel: 
DEBUG:netmiko:Stripping ANSI escape codes
DEBUG:netmiko:new_output = 
DEBUG:netmiko:repr = ''
DEBUG:netmiko:read_channel: 
DEBUG:netmiko:Stripping ANSI escape codes
DEBUG:netmiko:new_output = 
DEBUG:netmiko:repr = ''
DEBUG:netmiko:read_channel: 
DEBUG:netmiko:write_channel: b'\n'
DEBUG:netmiko:Stripping ANSI escape codes
DEBUG:netmiko:new_output = 
<core>
DEBUG:netmiko:repr = '\r\r\n<core>'
DEBUG:netmiko:read_channel: 
<core>
DEBUG:netmiko:Stripping ANSI escape codes
DEBUG:netmiko:new_output = 
DEBUG:netmiko:repr = ''
DEBUG:netmiko:read_channel: 
DEBUG:netmiko:Stripping ANSI escape codes
DEBUG:netmiko:new_output = 
DEBUG:netmiko:repr = ''
DEBUG:netmiko:read_channel: 
DEBUG:netmiko:Stripping ANSI escape codes
DEBUG:netmiko:new_output = 
DEBUG:netmiko:repr = ''
DEBUG:netmiko:read_channel: 
DEBUG:netmiko:write_channel: b'\n'
DEBUG:netmiko:Stripping ANSI escape codes
DEBUG:netmiko:new_output = 
<core>
DEBUG:netmiko:repr = '\r\r\n<core>'
DEBUG:netmiko:read_channel: 
<core>
DEBUG:netmiko:prompt: core
DEBUG:netmiko:In disable_paging
DEBUG:netmiko:Command: screen-length 0 temporary

DEBUG:netmiko:write_channel: b'screen-length 0 temporary\n'
DEBUG:netmiko:Pattern is: screen\-length\ 0\ temporary
DEBUG:netmiko:Stripping ANSI escape codes
DEBUG:netmiko:new_output = screen-length 0 temporary
                    ^
 % Unrecognized command found at '^' position.
<core>
DEBUG:netmiko:repr = "screen-length 0 temporary\r\r\n                    ^\r\r\n % Unrecognized command found at '^' position.\r\r\n<core>"
DEBUG:netmiko:_read_channel_expect read_data: screen-length 0 temporary
                    ^
 % Unrecognized command found at '^' position.
<core>
DEBUG:netmiko:Pattern found: screen\-length\ 0\ temporary screen-length 0 temporary
                    ^
 % Unrecognized command found at '^' position.
<core>
DEBUG:netmiko:screen-length 0 temporary
                    ^
 % Unrecognized command found at '^' position.
<core>
DEBUG:netmiko:Exiting disable_paging
DEBUG:netmiko:Stripping ANSI escape codes
DEBUG:netmiko:new_output = 
DEBUG:netmiko:repr = ''
DEBUG:netmiko:read_channel: 
DEBUG:paramiko.transport:starting thread (client mode): 0x828e8f10
DEBUG:paramiko.transport:Local version/idstring: SSH-2.0-paramiko_2.7.2
DEBUG:paramiko.transport:Remote version/idstring: SSH-2.0-Comware-7.1.070
INFO:paramiko.transport:Connected (version 2.0, client Comware-7.1.070)
DEBUG:paramiko.transport:kex algos:['ecdh-sha2-nistp256', 'ecdh-sha2-nistp384', 'diffie-hellman-group-exchange-sha1', 'diffie-hellman-group14-sha1', 'diffie-hellman-group1-sha1'] server key:['ssh-rsa'] client encrypt:['aes128-ctr', 'aes192-ctr', 'aes256-ctr', 'AEAD_AES_128_GCM', 'AEAD_AES_256_GCM', 'aes128-cbc', '3des-cbc', 'aes256-cbc', 'des-cbc'] server encrypt:['aes128-ctr', 'aes192-ctr', 'aes256-ctr', 'AEAD_AES_128_GCM', 'AEAD_AES_256_GCM', 'aes128-cbc', '3des-cbc', 'aes256-cbc', 'des-cbc'] client mac:['hmac-sha2-256', 'hmac-sha2-512', 'hmac-sha1', 'hmac-md5', 'hmac-sha1-96', 'hmac-md5-96'] server mac:['hmac-sha2-256', 'hmac-sha2-512', 'hmac-sha1', 'hmac-md5', 'hmac-sha1-96', 'hmac-md5-96'] client compress:['none', 'zlib', 'zlib@openssh.com'] server compress:['none', 'zlib', 'zlib@openssh.com'] client lang:[''] server lang:[''] kex follows?False
DEBUG:paramiko.transport:Kex agreed: ecdh-sha2-nistp256
DEBUG:paramiko.transport:HostKey agreed: ssh-rsa
DEBUG:paramiko.transport:Cipher agreed: aes128-ctr
DEBUG:paramiko.transport:MAC agreed: hmac-sha2-256
DEBUG:paramiko.transport:Compression agreed: none
DEBUG:paramiko.transport:kex engine KexNistp256 specified hash_algo <built-in function openssl_sha256>
DEBUG:paramiko.transport:Switch to new keys ...
DEBUG:paramiko.transport:Adding ssh-rsa host key for 192.168.136.1: b'91b6fba4d581f09405ec87eabef48312'
DEBUG:paramiko.transport:userauth is OK
INFO:paramiko.transport:Authentication (password) successful!
DEBUG:paramiko.transport:[chan 0] Max packet in: 32768 bytes
DEBUG:paramiko.transport:[chan 0] Max packet out: 32768 bytes
DEBUG:paramiko.transport:Secsh channel 0 opened.
DEBUG:paramiko.transport:[chan 0] Sesch channel 0 request ok
DEBUG:paramiko.transport:[chan 0] Sesch channel 0 request ok
DEBUG:netmiko:write_channel: b'\n'
DEBUG:netmiko:write_channel: b'\n'
DEBUG:netmiko:write_channel: b'\n'
DEBUG:netmiko:write_channel: b'\n'
DEBUG:netmiko:read_channel: 


 ******************************************************************************
* Copyright (c) 2004-2019 New H3C Technologies Co., Ltd. All rights reserved.*
* Without the owner's prior written consent,                                 *
* no decompiling or reverse-engineering shall be allowed.                    *
******************************************************************************

 

<core>
<core>
<core>
<core>
<core>
DEBUG:netmiko:Clear buffer detects data in the channel
DEBUG:netmiko:read_channel: 
DEBUG:netmiko:read_channel: 
DEBUG:netmiko:read_channel: 
DEBUG:netmiko:write_channel: b'\n'
DEBUG:netmiko:read_channel: 
<core>
DEBUG:netmiko:read_channel: 
DEBUG:netmiko:read_channel: 
DEBUG:netmiko:read_channel: 
DEBUG:netmiko:write_channel: b'\n'
DEBUG:netmiko:read_channel: 
<core>
DEBUG:netmiko:read_channel: 
DEBUG:netmiko:[find_prompt()]: prompt is <core>
DEBUG:netmiko:In disable_paging
DEBUG:netmiko:Command: 
screen-length disable

DEBUG:netmiko:write_channel: b'\nscreen-length disable\n'
DEBUG:netmiko:Pattern is: core
DEBUG:netmiko:_read_channel_expect read_data: 

DEBUG:netmiko:_read_channel_expect read_data: <core>screen-length disable
<core>
DEBUG:netmiko:Pattern found: core 
<core>screen-length disable
<core>
DEBUG:netmiko:
<core>screen-length disable
<core>
DEBUG:netmiko:Exiting disable_paging
DEBUG:netmiko:read_channel: 
DEBUG:netmiko:write_channel: b'\n'
DEBUG:netmiko:read_channel: 
<core>
DEBUG:netmiko:read_channel: 
DEBUG:netmiko:read_channel: 
DEBUG:netmiko:write_channel: b'system-view\n'
DEBUG:netmiko:Pattern is: core
DEBUG:netmiko:_read_channel_expect read_data: system-view

DEBUG:netmiko:_read_channel_expect read_data: System View: return to User View with Ctrl+Z.
[core]
DEBUG:netmiko:Pattern found: core system-view
System View: return to User View with Ctrl+Z.
[core]
DEBUG:netmiko:write_channel: b'\n'
DEBUG:netmiko:read_channel: 
[core]
DEBUG:netmiko:read_channel: 
DEBUG:netmiko:read_channel: 
DEBUG:netmiko:write_channel: b'acl number 2020\n'
DEBUG:netmiko:Pattern is: acl\ number\ 2020
DEBUG:netmiko:_read_channel_expect read_data: acl number 2020
DEBUG:netmiko:Pattern found: acl\ number\ 2020 acl number 2020
DEBUG:netmiko:Pattern is: (?:core|#)
DEBUG:netmiko:_read_channel_expect read_data: 

DEBUG:netmiko:_read_channel_expect read_data: [core-acl-ipv4-basic-2020]
DEBUG:netmiko:Pattern found: (?:core|#) 
[core-acl-ipv4-basic-2020]
DEBUG:netmiko:write_channel: b'dis this\n'
DEBUG:netmiko:Pattern is: dis\ this
DEBUG:netmiko:_read_channel_expect read_data: d
DEBUG:netmiko:_read_channel_expect read_data: is this
#
acl number 2020
 description fanqiang_NAT
 rule 2 permit source 192.168.112.0 0.0.0.255
 rule 7 permit source 172.16.30.0 0.0.0.255
 rule 10 permit source 192.168.138.44 0
 rule 15 permit source 172.16.22.229 0
 rule 20 permit source 172.16.22.190 0
 rule 25 permit source 172.16.23.176 0
 rule 30 permit source 172.16.22.39 0
 rule 35 permit source 172.16.22.213 0
 rule 40 permit source 172.16.23.97 0
 rule 45 permit source 192.168.214.35 0
 rule 50 permit source 172.16.23.239 0
 rule 55 permit source 172.16.23.39 0
 rule 60 permit source 172.16.23.95 0
 rule 65 permit source 172.16.22.222 0
 rule 70 permit source 172.16.23.58 0
 rule 75 permit source 172.16.22.129 0
 rule 80 permit source 172.16.22.180 0
 rule 85 permit source 172.16.40.4 0
 rule 90 permit source 192.168.138.27 0
 rule 95 permit source 192.168.214.116 0
 rule 100 permit source 192.168.214.102 0
 rule 105 permit source 192.168.138.5 0
 rule 110 permit source 172.16.22.231 0
 rule 115 permit source 192.168.214.101 0
 rule 125 permit source 172.16.40.197 0
 rule 130 permit source 172.16.40.198 0
 rule 135 permit source 192.168.216.71 0
 rule 140 permit source 192.168.138.101 0
 rule 145 permit source 192.168.214.115 0
 rule 150 permit source 192.168.216.70 0
 rule 160 permit source 172.16.22.200 0
#
return

DEBUG:netmiko:Pattern found: dis\ this dis this
#
acl number 2020
 description fanqiang_NAT
 rule 2 permit source 192.168.112.0 0.0.0.255
 rule 7 permit source 172.16.30.0 0.0.0.255
 rule 10 permit source 192.168.138.44 0
 rule 15 permit source 172.16.22.229 0
 rule 20 permit source 172.16.22.190 0
 rule 25 permit source 172.16.23.176 0
 rule 30 permit source 172.16.22.39 0
 rule 35 permit source 172.16.22.213 0
 rule 40 permit source 172.16.23.97 0
 rule 45 permit source 192.168.214.35 0
 rule 50 permit source 172.16.23.239 0
 rule 55 permit source 172.16.23.39 0
 rule 60 permit source 172.16.23.95 0
 rule 65 permit source 172.16.22.222 0
 rule 70 permit source 172.16.23.58 0
 rule 75 permit source 172.16.22.129 0
 rule 80 permit source 172.16.22.180 0
 rule 85 permit source 172.16.40.4 0
 rule 90 permit source 192.168.138.27 0
 rule 95 permit source 192.168.214.116 0
 rule 100 permit source 192.168.214.102 0
 rule 105 permit source 192.168.138.5 0
 rule 110 permit source 172.16.22.231 0
 rule 115 permit source 192.168.214.101 0
 rule 125 permit source 172.16.40.197 0
 rule 130 permit source 172.16.40.198 0
 rule 135 permit source 192.168.216.71 0
 rule 140 permit source 192.168.138.101 0
 rule 145 permit source 192.168.214.115 0
 rule 150 permit source 192.168.216.70 0
 rule 160 permit source 172.16.22.200 0
#
return

DEBUG:netmiko:write_channel: b'\n'
DEBUG:netmiko:read_channel: [core-acl-ipv4-basic-2020]
[core-acl-ipv4-basic-2020]
DEBUG:netmiko:read_channel: 
DEBUG:netmiko:read_channel: 
DEBUG:netmiko:write_channel: b'return\n'
DEBUG:netmiko:Pattern is: >
DEBUG:netmiko:_read_channel_expect read_data: return
DEBUG:netmiko:_read_channel_expect read_data: 
<core>
DEBUG:netmiko:Pattern found: > return
<core>
DEBUG:netmiko:write_channel: b'\n'
DEBUG:netmiko:read_channel: 
<core>
DEBUG:netmiko:read_channel: 
DEBUG:netmiko:read_channel: 
DEBUG:netmiko:exit_config_mode: return
<core>
DEBUG:netmiko:system-view
System View: return to User View with Ctrl+Z.
[core]acl number 2020
[core-acl-ipv4-basic-2020]dis this
#
acl number 2020
 description fanqiang_NAT
 rule 2 permit source 192.168.112.0 0.0.0.255
 rule 7 permit source 172.16.30.0 0.0.0.255
 rule 10 permit source 192.168.138.44 0
 rule 15 permit source 172.16.22.229 0
 rule 20 permit source 172.16.22.190 0
 rule 25 permit source 172.16.23.176 0
 rule 30 permit source 172.16.22.39 0
 rule 35 permit source 172.16.22.213 0
 rule 40 permit source 172.16.23.97 0
 rule 45 permit source 192.168.214.35 0
 rule 50 permit source 172.16.23.239 0
 rule 55 permit source 172.16.23.39 0
 rule 60 permit source 172.16.23.95 0
 rule 65 permit source 172.16.22.222 0
 rule 70 permit source 172.16.23.58 0
 rule 75 permit source 172.16.22.129 0
 rule 80 permit source 172.16.22.180 0
 rule 85 permit source 172.16.40.4 0
 rule 90 permit source 192.168.138.27 0
 rule 95 permit source 192.168.214.116 0
 rule 100 permit source 192.168.214.102 0
 rule 105 permit source 192.168.138.5 0
 rule 110 permit source 172.16.22.231 0
 rule 115 permit source 192.168.214.101 0
 rule 125 permit source 172.16.40.197 0
 rule 130 permit source 172.16.40.198 0
 rule 135 permit source 192.168.216.71 0
 rule 140 permit source 192.168.138.101 0
 rule 145 permit source 192.168.214.115 0
 rule 150 permit source 192.168.216.70 0
 rule 160 permit source 172.16.22.200 0
#
return
return
<core>
DEBUG:paramiko.transport:starting thread (client mode): 0x8f065850
DEBUG:paramiko.transport:Local version/idstring: SSH-2.0-paramiko_2.7.2
DEBUG:paramiko.transport:Remote version/idstring: SSH-2.0-Comware-7.1.070
INFO:paramiko.transport:Connected (version 2.0, client Comware-7.1.070)
DEBUG:paramiko.transport:kex algos:['ecdh-sha2-nistp256', 'ecdh-sha2-nistp384', 'diffie-hellman-group-exchange-sha1', 'diffie-hellman-group14-sha1', 'diffie-hellman-group1-sha1'] server key:['ssh-rsa'] client encrypt:['aes128-ctr', 'aes192-ctr', 'aes256-ctr', 'AEAD_AES_128_GCM', 'AEAD_AES_256_GCM', 'aes128-cbc', '3des-cbc', 'aes256-cbc', 'des-cbc'] server encrypt:['aes128-ctr', 'aes192-ctr', 'aes256-ctr', 'AEAD_AES_128_GCM', 'AEAD_AES_256_GCM', 'aes128-cbc', '3des-cbc', 'aes256-cbc', 'des-cbc'] client mac:['hmac-sha2-256', 'hmac-sha2-512', 'hmac-sha1', 'hmac-md5', 'hmac-sha1-96', 'hmac-md5-96'] server mac:['hmac-sha2-256', 'hmac-sha2-512', 'hmac-sha1', 'hmac-md5', 'hmac-sha1-96', 'hmac-md5-96'] client compress:['none', 'zlib', 'zlib@openssh.com'] server compress:['none', 'zlib', 'zlib@openssh.com'] client lang:[''] server lang:[''] kex follows?False
DEBUG:paramiko.transport:Kex agreed: ecdh-sha2-nistp256
DEBUG:paramiko.transport:HostKey agreed: ssh-rsa
DEBUG:paramiko.transport:Cipher agreed: aes128-ctr
DEBUG:paramiko.transport:MAC agreed: hmac-sha2-256
DEBUG:paramiko.transport:Compression agreed: none
DEBUG:paramiko.transport:kex engine KexNistp256 specified hash_algo <built-in function openssl_sha256>
DEBUG:paramiko.transport:Switch to new keys ...
DEBUG:paramiko.transport:Adding ssh-rsa host key for 192.168.136.1: b'91b6fba4d581f09405ec87eabef48312'
DEBUG:paramiko.transport:userauth is OK
INFO:paramiko.transport:Authentication (password) successful!
DEBUG:paramiko.transport:[chan 0] Max packet in: 32768 bytes
DEBUG:paramiko.transport:[chan 0] Max packet out: 32768 bytes
DEBUG:paramiko.transport:Secsh channel 0 opened.
DEBUG:paramiko.transport:[chan 0] Sesch channel 0 request ok
DEBUG:paramiko.transport:[chan 0] Sesch channel 0 request ok
DEBUG:netmiko:Pattern is: ((Change now|Please choose))|([\]>]\s*$)
DEBUG:netmiko:_read_channel_expect read_data: 
 
DEBUG:netmiko:_read_channel_expect read_data: ******************************************************************************
* Copyright (c) 2004-2019 New H3C Technologies Co., Ltd. All rights reserved.*
* Without the owner's prior written consent,                                 *
* no decompiling or reverse-engineering shall be allowed.                    *
******************************************************************************

 
DEBUG:netmiko:_read_channel_expect read_data: <core>
DEBUG:netmiko:Pattern found: ((Change now|Please choose))|([\]>]\s*$) 
 ******************************************************************************
* Copyright (c) 2004-2019 New H3C Technologies Co., Ltd. All rights reserved.*
* Without the owner's prior written consent,                                 *
* no decompiling or reverse-engineering shall be allowed.                    *
******************************************************************************

 <core>
DEBUG:netmiko:write_channel: b'N\n'
DEBUG:netmiko:read_channel: N
      ^
 % Unrecognized command found at '^' position.
<core>
DEBUG:netmiko:Clear buffer detects data in the channel
DEBUG:netmiko:read_channel: 
DEBUG:netmiko:Stripping ANSI escape codes
DEBUG:netmiko:new_output = 
DEBUG:netmiko:repr = ''
DEBUG:netmiko:read_channel: 
DEBUG:netmiko:Stripping ANSI escape codes
DEBUG:netmiko:new_output = 
DEBUG:netmiko:repr = ''
DEBUG:netmiko:read_channel: 
DEBUG:netmiko:write_channel: b'\n'
DEBUG:netmiko:Stripping ANSI escape codes
DEBUG:netmiko:new_output = 
<core>
DEBUG:netmiko:repr = '\r\r\n<core>'
DEBUG:netmiko:read_channel: 
<core>
DEBUG:netmiko:Stripping ANSI escape codes
DEBUG:netmiko:new_output = 
DEBUG:netmiko:repr = ''
DEBUG:netmiko:read_channel: 
DEBUG:netmiko:Stripping ANSI escape codes
DEBUG:netmiko:new_output = 
DEBUG:netmiko:repr = ''
DEBUG:netmiko:read_channel: 
DEBUG:netmiko:Stripping ANSI escape codes
DEBUG:netmiko:new_output = 
DEBUG:netmiko:repr = ''
DEBUG:netmiko:read_channel: 
DEBUG:netmiko:write_channel: b'\n'
DEBUG:netmiko:Stripping ANSI escape codes
DEBUG:netmiko:new_output = 
<core>
DEBUG:netmiko:repr = '\r\r\n<core>'
DEBUG:netmiko:read_channel: 
<core>
DEBUG:netmiko:prompt: core
DEBUG:netmiko:In disable_paging
DEBUG:netmiko:Command: screen-length 0 temporary

DEBUG:netmiko:write_channel: b'screen-length 0 temporary\n'
DEBUG:netmiko:Pattern is: screen\-length\ 0\ temporary
DEBUG:netmiko:Stripping ANSI escape codes
DEBUG:netmiko:new_output = screen-length 0 temporary

DEBUG:netmiko:repr = 'screen-length 0 temporary\r\r\n'
DEBUG:netmiko:_read_channel_expect read_data: screen-length 0 temporary

DEBUG:netmiko:Pattern found: screen\-length\ 0\ temporary screen-length 0 temporary

DEBUG:netmiko:screen-length 0 temporary

DEBUG:netmiko:Exiting disable_paging
DEBUG:netmiko:Stripping ANSI escape codes
DEBUG:netmiko:new_output =                     ^
 % Unrecognized command found at '^' position.
<core>
DEBUG:netmiko:repr = "                    ^\r\r\n % Unrecognized command found at '^' position.\r\r\n<core>"
DEBUG:netmiko:read_channel:                     ^
 % Unrecognized command found at '^' position.
<core>
DEBUG:netmiko:Clear buffer detects data in the channel
DEBUG:netmiko:Stripping ANSI escape codes
DEBUG:netmiko:new_output = 
DEBUG:netmiko:repr = ''
DEBUG:netmiko:read_channel: 
DEBUG:paramiko.transport:starting thread (client mode): 0x8f098d60
DEBUG:paramiko.transport:Local version/idstring: SSH-2.0-paramiko_2.7.2
DEBUG:paramiko.transport:Remote version/idstring: SSH-2.0-Comware-7.1.070
INFO:paramiko.transport:Connected (version 2.0, client Comware-7.1.070)
DEBUG:paramiko.transport:kex algos:['ecdh-sha2-nistp256', 'ecdh-sha2-nistp384', 'diffie-hellman-group-exchange-sha1', 'diffie-hellman-group14-sha1', 'diffie-hellman-group1-sha1'] server key:['ssh-rsa'] client encrypt:['aes128-ctr', 'aes192-ctr', 'aes256-ctr', 'AEAD_AES_128_GCM', 'AEAD_AES_256_GCM', 'aes128-cbc', '3des-cbc', 'aes256-cbc', 'des-cbc'] server encrypt:['aes128-ctr', 'aes192-ctr', 'aes256-ctr', 'AEAD_AES_128_GCM', 'AEAD_AES_256_GCM', 'aes128-cbc', '3des-cbc', 'aes256-cbc', 'des-cbc'] client mac:['hmac-sha2-256', 'hmac-sha2-512', 'hmac-sha1', 'hmac-md5', 'hmac-sha1-96', 'hmac-md5-96'] server mac:['hmac-sha2-256', 'hmac-sha2-512', 'hmac-sha1', 'hmac-md5', 'hmac-sha1-96', 'hmac-md5-96'] client compress:['none', 'zlib', 'zlib@openssh.com'] server compress:['none', 'zlib', 'zlib@openssh.com'] client lang:[''] server lang:[''] kex follows?False
DEBUG:paramiko.transport:Kex agreed: ecdh-sha2-nistp256
DEBUG:paramiko.transport:HostKey agreed: ssh-rsa
DEBUG:paramiko.transport:Cipher agreed: aes128-ctr
DEBUG:paramiko.transport:MAC agreed: hmac-sha2-256
DEBUG:paramiko.transport:Compression agreed: none
DEBUG:paramiko.transport:kex engine KexNistp256 specified hash_algo <built-in function openssl_sha256>
DEBUG:paramiko.transport:Switch to new keys ...
DEBUG:paramiko.transport:Adding ssh-rsa host key for 192.168.136.1: b'91b6fba4d581f09405ec87eabef48312'
DEBUG:paramiko.transport:userauth is OK
INFO:paramiko.transport:Authentication (password) successful!
DEBUG:paramiko.transport:[chan 0] Max packet in: 32768 bytes
DEBUG:paramiko.transport:[chan 0] Max packet out: 32768 bytes
DEBUG:paramiko.transport:Secsh channel 0 opened.
DEBUG:paramiko.transport:[chan 0] Sesch channel 0 request ok
DEBUG:paramiko.transport:[chan 0] Sesch channel 0 request ok
DEBUG:netmiko:write_channel: b'\n'
DEBUG:netmiko:write_channel: b'\n'
DEBUG:netmiko:write_channel: b'\n'
DEBUG:netmiko:write_channel: b'\n'
DEBUG:netmiko:read_channel: 


 ******************************************************************************
* Copyright (c) 2004-2019 New H3C Technologies Co., Ltd. All rights reserved.*
* Without the owner's prior written consent,                                 *
* no decompiling or reverse-engineering shall be allowed.                    *
******************************************************************************

 


DEBUG:netmiko:Clear buffer detects data in the channel
DEBUG:netmiko:read_channel: <core>
<core>
<core>
<core>
<core>
DEBUG:netmiko:Clear buffer detects data in the channel
DEBUG:netmiko:read_channel: 
DEBUG:netmiko:read_channel: 
DEBUG:netmiko:read_channel: 
DEBUG:netmiko:write_channel: b'\n'
DEBUG:netmiko:read_channel: 
<core>
DEBUG:netmiko:read_channel: 
DEBUG:netmiko:read_channel: 
DEBUG:netmiko:read_channel: 
DEBUG:netmiko:write_channel: b'\n'
DEBUG:netmiko:read_channel: 
<core>
DEBUG:netmiko:read_channel: 
DEBUG:netmiko:[find_prompt()]: prompt is <core>
DEBUG:netmiko:In disable_paging
DEBUG:netmiko:Command: 
screen-length disable

DEBUG:netmiko:write_channel: b'\nscreen-length disable\n'
DEBUG:netmiko:Pattern is: core
DEBUG:netmiko:_read_channel_expect read_data: 
<core>scr
DEBUG:netmiko:Pattern found: core 
<core>scr
DEBUG:netmiko:
<core>scr
DEBUG:netmiko:Exiting disable_paging
DEBUG:netmiko:read_channel: een-length disable
<core>
DEBUG:netmiko:Clear buffer detects data in the channel
DEBUG:netmiko:read_channel: 
DEBUG:netmiko:write_channel: b'\n'
DEBUG:netmiko:read_channel: 
<core>
DEBUG:netmiko:read_channel: 
DEBUG:netmiko:read_channel: 
DEBUG:netmiko:write_channel: b'system-view\n'
DEBUG:netmiko:Pattern is: core
DEBUG:netmiko:_read_channel_expect read_data: system-view
System View: return to User View with Ctrl+Z.

DEBUG:netmiko:_read_channel_expect read_data: [core]
DEBUG:netmiko:Pattern found: core system-view
System View: return to User View with Ctrl+Z.
[core]
DEBUG:netmiko:write_channel: b'\n'
DEBUG:netmiko:read_channel: 
[core]
DEBUG:netmiko:read_channel: 
DEBUG:netmiko:read_channel: 
DEBUG:netmiko:write_channel: b'acl number 2020\n'
DEBUG:netmiko:Pattern is: acl\ number\ 2020
DEBUG:netmiko:_read_channel_expect read_data: acl number 2
DEBUG:netmiko:_read_channel_expect read_data: 020
[core-acl-ipv4-basic-2020]
DEBUG:netmiko:Pattern found: acl\ number\ 2020 acl number 2020
[core-acl-ipv4-basic-2020]
DEBUG:netmiko:write_channel: b'dis this\n'
DEBUG:netmiko:Pattern is: dis\ this
DEBUG:netmiko:_read_channel_expect read_data: d
DEBUG:netmiko:_read_channel_expect read_data: is this

DEBUG:netmiko:Pattern found: dis\ this dis this

DEBUG:netmiko:Pattern is: (?:core|#)
DEBUG:netmiko:_read_channel_expect read_data: #
DEBUG:netmiko:Pattern found: (?:core|#) #
DEBUG:netmiko:write_channel: b'\n'
DEBUG:netmiko:read_channel: 
acl number 2020
 description fanqiang_NAT
 rule 2 permit source 192.168.112.0 0.0.0.255
 rule 7 permit source 172.16.30.0 0.0.0.255
 rule 10 permit source 192.168.138.44 0
 rule 15 permit source 172.16.22.229 0
 rule 20 permit source 172.16.22.190 0
 rule 25 permit source 172.16.23.176 0
 rule 30 permit source 172.16.22.39 0
 rule 35 permit source 172.16.22.213 0
 rule 40 permit source 172.16.23.97 0
 rule 45 permit source 192.168.214.35 0
 rule 50 permit source 172.16.23.239 0
 rule 55 permit source 172.16.23.39 0
 rule 60 permit source 172.16.23.95 0
 rule 65 permit source 172.16.22.222 0
 rule 70 permit source 172.16.23.58 0
 rule 75 permit source 172.16.22.129 0
 rule 80 permit source 172.16.22.180 0
 rule 85 permit source 172.16.40.4 0
 rule 90 permit source 192.168.138.27 0
 rule 95 permit source 192.168.214.116 0
 rule 100 permit source 192.168.214.102 0
 rule 105 permit source 192.168.138.5 0
 rule 110 permit source 172.16.22.231 0
 rule 115 permit source 192.168.214.101 0
 rule 125 permit source 172.16.40.197 0
 rule 130 permit source 172.16.40.198 0
 rule 135 permit source 192.168.216.71 0
 rule 140 permit source 192.168.138.101 0
 rule 145 permit source 192.168.214.115 0
 rule 150 permit source 192.168.216.70 0
 rule 160 permit source 172.16.22.200 0
#
return
[core-acl-ipv4-basic-2020]
[core-acl-ipv4-basic-2020]
DEBUG:netmiko:read_channel: 
DEBUG:netmiko:read_channel: 
DEBUG:netmiko:write_channel: b'return\n'
DEBUG:netmiko:Pattern is: >
DEBUG:netmiko:_read_channel_expect read_data: return
DEBUG:netmiko:_read_channel_expect read_data: 
<core>
DEBUG:netmiko:Pattern found: > return
<core>
DEBUG:netmiko:write_channel: b'\n'
DEBUG:netmiko:read_channel: 
<core>
DEBUG:netmiko:read_channel: 
DEBUG:netmiko:read_channel: 
DEBUG:netmiko:exit_config_mode: return
<core>
DEBUG:netmiko:system-view
System View: return to User View with Ctrl+Z.
[core]acl number 2020
[core-acl-ipv4-basic-2020]dis this
#return
<core>
DEBUG:netmiko:write_channel: b'exit\n'
DEBUG:paramiko.transport:EOF in transport thread
DEBUG:netmiko:write_channel: b'exit\n'
DEBUG:paramiko.transport:starting thread (client mode): 0x9e6e68b0
DEBUG:paramiko.transport:Local version/idstring: SSH-2.0-paramiko_2.7.2
DEBUG:paramiko.transport:Remote version/idstring: SSH-2.0-Comware-7.1.070
INFO:paramiko.transport:Connected (version 2.0, client Comware-7.1.070)
DEBUG:paramiko.transport:kex algos:['ecdh-sha2-nistp256', 'ecdh-sha2-nistp384', 'diffie-hellman-group-exchange-sha1', 'diffie-hellman-group14-sha1', 'diffie-hellman-group1-sha1'] server key:['ssh-rsa'] client encrypt:['aes128-ctr', 'aes192-ctr', 'aes256-ctr', 'AEAD_AES_128_GCM', 'AEAD_AES_256_GCM', 'aes128-cbc', '3des-cbc', 'aes256-cbc', 'des-cbc'] server encrypt:['aes128-ctr', 'aes192-ctr', 'aes256-ctr', 'AEAD_AES_128_GCM', 'AEAD_AES_256_GCM', 'aes128-cbc', '3des-cbc', 'aes256-cbc', 'des-cbc'] client mac:['hmac-sha2-256', 'hmac-sha2-512', 'hmac-sha1', 'hmac-md5', 'hmac-sha1-96', 'hmac-md5-96'] server mac:['hmac-sha2-256', 'hmac-sha2-512', 'hmac-sha1', 'hmac-md5', 'hmac-sha1-96', 'hmac-md5-96'] client compress:['none', 'zlib', 'zlib@openssh.com'] server compress:['none', 'zlib', 'zlib@openssh.com'] client lang:[''] server lang:[''] kex follows?False
DEBUG:paramiko.transport:Kex agreed: ecdh-sha2-nistp256
DEBUG:paramiko.transport:HostKey agreed: ssh-rsa
DEBUG:paramiko.transport:Cipher agreed: aes128-ctr
DEBUG:paramiko.transport:MAC agreed: hmac-sha2-256
DEBUG:paramiko.transport:Compression agreed: none
DEBUG:paramiko.transport:kex engine KexNistp256 specified hash_algo <built-in function openssl_sha256>
DEBUG:paramiko.transport:Switch to new keys ...
DEBUG:paramiko.transport:Adding ssh-rsa host key for 192.168.136.1: b'91b6fba4d581f09405ec87eabef48312'
DEBUG:paramiko.transport:userauth is OK
INFO:paramiko.transport:Authentication (password) successful!
DEBUG:paramiko.transport:[chan 0] Max packet in: 32768 bytes
DEBUG:paramiko.transport:[chan 0] Max packet out: 32768 bytes
DEBUG:paramiko.transport:Secsh channel 0 opened.
DEBUG:paramiko.transport:[chan 0] Sesch channel 0 request ok
DEBUG:paramiko.transport:[chan 0] Sesch channel 0 request ok
DEBUG:netmiko:Pattern is: ((Change now|Please choose))|([\]>]\s*$)
DEBUG:netmiko:_read_channel_expect read_data: 
 
DEBUG:netmiko:_read_channel_expect read_data: ******************************************************************************
* Copyright (c) 2004-2019 New H3C Technologies Co., Ltd. All rights reserved.*
* Without the owner's prior written consent,                                 *
* no decompiling or reverse-engineering shall be allowed.                    *
******************************************************************************

 
DEBUG:netmiko:_read_channel_expect read_data: <core>
DEBUG:netmiko:Pattern found: ((Change now|Please choose))|([\]>]\s*$) 
 ******************************************************************************
* Copyright (c) 2004-2019 New H3C Technologies Co., Ltd. All rights reserved.*
* Without the owner's prior written consent,                                 *
* no decompiling or reverse-engineering shall be allowed.                    *
******************************************************************************

 <core>
DEBUG:netmiko:write_channel: b'N\n'
DEBUG:netmiko:read_channel: N
      ^
 % Unrecognized command found at '^' position.
<core>
DEBUG:netmiko:Clear buffer detects data in the channel
DEBUG:netmiko:read_channel: 
DEBUG:netmiko:Stripping ANSI escape codes
DEBUG:netmiko:new_output = 
DEBUG:netmiko:repr = ''
DEBUG:netmiko:read_channel: 
DEBUG:netmiko:Stripping ANSI escape codes
DEBUG:netmiko:new_output = 
DEBUG:netmiko:repr = ''
DEBUG:netmiko:read_channel: 
DEBUG:netmiko:write_channel: b'\n'
DEBUG:netmiko:Stripping ANSI escape codes
DEBUG:netmiko:new_output = 
<core>
DEBUG:netmiko:repr = '\r\r\n<core>'
DEBUG:netmiko:read_channel: 
<core>
DEBUG:netmiko:Stripping ANSI escape codes
DEBUG:netmiko:new_output = 
DEBUG:netmiko:repr = ''
DEBUG:netmiko:read_channel: 
DEBUG:netmiko:Stripping ANSI escape codes
DEBUG:netmiko:new_output = 
DEBUG:netmiko:repr = ''
DEBUG:netmiko:read_channel: 
DEBUG:netmiko:Stripping ANSI escape codes
DEBUG:netmiko:new_output = 
DEBUG:netmiko:repr = ''
DEBUG:netmiko:read_channel: 
DEBUG:netmiko:write_channel: b'\n'
DEBUG:netmiko:Stripping ANSI escape codes
DEBUG:netmiko:new_output = 
<core>
DEBUG:netmiko:repr = '\r\r\n<core>'
DEBUG:netmiko:read_channel: 
<core>
DEBUG:netmiko:prompt: core
DEBUG:netmiko:In disable_paging
DEBUG:netmiko:Command: screen-length 0 temporary

DEBUG:netmiko:write_channel: b'screen-length 0 temporary\n'
DEBUG:netmiko:Pattern is: screen\-length\ 0\ temporary
DEBUG:netmiko:Stripping ANSI escape codes
DEBUG:netmiko:new_output = screen-length 0 temporary

DEBUG:netmiko:repr = 'screen-length 0 temporary\r\r\n'
DEBUG:netmiko:_read_channel_expect read_data: screen-length 0 temporary

DEBUG:netmiko:Pattern found: screen\-length\ 0\ temporary screen-length 0 temporary

DEBUG:netmiko:screen-length 0 temporary

DEBUG:netmiko:Exiting disable_paging
DEBUG:netmiko:Stripping ANSI escape codes
DEBUG:netmiko:new_output =                     ^
 % Unrecognized command found at '^' position.
<core>
DEBUG:netmiko:repr = "                    ^\r\r\n % Unrecognized command found at '^' position.\r\r\n<core>"
DEBUG:netmiko:read_channel:                     ^
 % Unrecognized command found at '^' position.
<core>
DEBUG:netmiko:Clear buffer detects data in the channel
DEBUG:netmiko:Stripping ANSI escape codes
DEBUG:netmiko:new_output = 
DEBUG:netmiko:repr = ''
DEBUG:netmiko:read_channel: 
DEBUG:paramiko.transport:starting thread (client mode): 0x9e719f40
DEBUG:paramiko.transport:Local version/idstring: SSH-2.0-paramiko_2.7.2
DEBUG:paramiko.transport:Remote version/idstring: SSH-2.0-Comware-7.1.070
INFO:paramiko.transport:Connected (version 2.0, client Comware-7.1.070)
DEBUG:paramiko.transport:kex algos:['ecdh-sha2-nistp256', 'ecdh-sha2-nistp384', 'diffie-hellman-group-exchange-sha1', 'diffie-hellman-group14-sha1', 'diffie-hellman-group1-sha1'] server key:['ssh-rsa'] client encrypt:['aes128-ctr', 'aes192-ctr', 'aes256-ctr', 'AEAD_AES_128_GCM', 'AEAD_AES_256_GCM', 'aes128-cbc', '3des-cbc', 'aes256-cbc', 'des-cbc'] server encrypt:['aes128-ctr', 'aes192-ctr', 'aes256-ctr', 'AEAD_AES_128_GCM', 'AEAD_AES_256_GCM', 'aes128-cbc', '3des-cbc', 'aes256-cbc', 'des-cbc'] client mac:['hmac-sha2-256', 'hmac-sha2-512', 'hmac-sha1', 'hmac-md5', 'hmac-sha1-96', 'hmac-md5-96'] server mac:['hmac-sha2-256', 'hmac-sha2-512', 'hmac-sha1', 'hmac-md5', 'hmac-sha1-96', 'hmac-md5-96'] client compress:['none', 'zlib', 'zlib@openssh.com'] server compress:['none', 'zlib', 'zlib@openssh.com'] client lang:[''] server lang:[''] kex follows?False
DEBUG:paramiko.transport:Kex agreed: ecdh-sha2-nistp256
DEBUG:paramiko.transport:HostKey agreed: ssh-rsa
DEBUG:paramiko.transport:Cipher agreed: aes128-ctr
DEBUG:paramiko.transport:MAC agreed: hmac-sha2-256
DEBUG:paramiko.transport:Compression agreed: none
DEBUG:paramiko.transport:kex engine KexNistp256 specified hash_algo <built-in function openssl_sha256>
DEBUG:paramiko.transport:Switch to new keys ...
DEBUG:paramiko.transport:Adding ssh-rsa host key for 192.168.136.1: b'91b6fba4d581f09405ec87eabef48312'
DEBUG:paramiko.transport:userauth is OK
INFO:paramiko.transport:Authentication (password) successful!
DEBUG:paramiko.transport:[chan 0] Max packet in: 32768 bytes
DEBUG:paramiko.transport:[chan 0] Max packet out: 32768 bytes
DEBUG:paramiko.transport:Secsh channel 0 opened.
DEBUG:paramiko.transport:[chan 0] Sesch channel 0 request ok
DEBUG:paramiko.transport:[chan 0] Sesch channel 0 request ok
DEBUG:netmiko:write_channel: b'\n'
DEBUG:netmiko:write_channel: b'\n'
DEBUG:netmiko:write_channel: b'\n'
DEBUG:netmiko:write_channel: b'\n'
DEBUG:netmiko:read_channel: 


 ******************************************************************************
* Copyright (c) 2004-2019 New H3C Technologies Co., Ltd. All rights reserved.*
* Without the owner's prior written consent,                                 *
* no decompiling or reverse-engineering shall be allowed.                    *
******************************************************************************

 


DEBUG:netmiko:Clear buffer detects data in the channel
DEBUG:netmiko:read_channel: <core>
<core>
<core>
<core>
<core>
DEBUG:netmiko:Clear buffer detects data in the channel
DEBUG:netmiko:read_channel: 
DEBUG:netmiko:read_channel: 
DEBUG:netmiko:read_channel: 
DEBUG:netmiko:write_channel: b'\n'
DEBUG:netmiko:read_channel: 
<core>
DEBUG:netmiko:read_channel: 
DEBUG:netmiko:read_channel: 
DEBUG:netmiko:read_channel: 
DEBUG:netmiko:write_channel: b'\n'
DEBUG:netmiko:read_channel: 
<core>
DEBUG:netmiko:read_channel: 
DEBUG:netmiko:[find_prompt()]: prompt is <core>
DEBUG:netmiko:In disable_paging
DEBUG:netmiko:Command: 
screen-length disable

DEBUG:netmiko:write_channel: b'\nscreen-length disable\n'
DEBUG:netmiko:Pattern is: core
DEBUG:netmiko:_read_channel_expect read_data: 
<core>screen-length disable

DEBUG:netmiko:Pattern found: core 
<core>screen-length disable

DEBUG:netmiko:
<core>screen-length disable

DEBUG:netmiko:Exiting disable_paging
DEBUG:netmiko:read_channel: <core>
DEBUG:netmiko:Clear buffer detects data in the channel
DEBUG:netmiko:read_channel: 
DEBUG:netmiko:read_channel: 
DEBUG:netmiko:write_channel: b'\n'
DEBUG:netmiko:read_channel: 
<core>
DEBUG:netmiko:read_channel: 
DEBUG:netmiko:[find_prompt()]: prompt is <core>
DEBUG:netmiko:read_channel: 
DEBUG:netmiko:write_channel: b'dis acl 2020\n'
DEBUG:netmiko:read_channel: dis acl 2020
Basic IPv4 ACL 2020, 31 rules,
fanqiang_NAT
ACL's step is 5, start ID is 0
 rule 2 permit source 192.168.112.0 0.0.0.255
 rule 7 permit source 172.16.30.0 0.0.0.255
 rule 10 permit source 192.168.138.44 0
 rule 15 permit source 172.16.22.229 0
 rule 20 permit source 172.16.22.190 0
 rule 25 permit source 172.16.23.176 0
 rule 30 permit source 172.16.22.39 0
 rule 35 permit source 172.16.22.213 0
 rule 40 permit source 172.16.23.97 0
 rule 45 permit source 192.168.214.35 0
 rule 50 permit source 172.16.23.239 0
 rule 55 permit source 172.16.23.39 0
 rule 60 permit source 172.16.23.95 0
 rule 65 permit source 172.16.22.222 0
 rule 70 permit source 172.16.23.58 0
 rule 75 permit source 172.16.22.129 0
 rule 80 permit source 172.16.22.180 0
 rule 85 permit source 172.16.40.4 0
 rule 90 permit source 192.168.138.27 0
 rule 95 permit source 192.168.214.116 0
 rule 100 permit source 192.168.214.102 0
 rule 105 permit source 192.168.138.5 0
 rule 110 permit source 172.16.22.231 0
 rule 115 permit source 192.168.214.101 0
 rule 125 permit source 172.16.40.197 0
 rule 130 permit source 172.16.40.198 0
 rule 135 permit source 192.168.216.71 0
 rule 140 permit source 192.168.138.101 0
 rule 145 permit source 192.168.214.115 0
 rule 150 permit source 192.168.216.70 0
 rule 160 permit source 172.16.22.200 0

<core>
DEBUG:netmiko:write_channel: b'exit\n'
DEBUG:paramiko.transport:starting thread (client mode): 0xd657e8b0
DEBUG:paramiko.transport:Local version/idstring: SSH-2.0-paramiko_2.7.2
DEBUG:paramiko.transport:Remote version/idstring: SSH-2.0-Comware-7.1.070
INFO:paramiko.transport:Connected (version 2.0, client Comware-7.1.070)
DEBUG:paramiko.transport:kex algos:['ecdh-sha2-nistp256', 'ecdh-sha2-nistp384', 'diffie-hellman-group-exchange-sha1', 'diffie-hellman-group14-sha1', 'diffie-hellman-group1-sha1'] server key:['ssh-rsa'] client encrypt:['aes128-ctr', 'aes192-ctr', 'aes256-ctr', 'AEAD_AES_128_GCM', 'AEAD_AES_256_GCM', 'aes128-cbc', '3des-cbc', 'aes256-cbc', 'des-cbc'] server encrypt:['aes128-ctr', 'aes192-ctr', 'aes256-ctr', 'AEAD_AES_128_GCM', 'AEAD_AES_256_GCM', 'aes128-cbc', '3des-cbc', 'aes256-cbc', 'des-cbc'] client mac:['hmac-sha2-256', 'hmac-sha2-512', 'hmac-sha1', 'hmac-md5', 'hmac-sha1-96', 'hmac-md5-96'] server mac:['hmac-sha2-256', 'hmac-sha2-512', 'hmac-sha1', 'hmac-md5', 'hmac-sha1-96', 'hmac-md5-96'] client compress:['none', 'zlib', 'zlib@openssh.com'] server compress:['none', 'zlib', 'zlib@openssh.com'] client lang:[''] server lang:[''] kex follows?False
DEBUG:paramiko.transport:Kex agreed: ecdh-sha2-nistp256
DEBUG:paramiko.transport:HostKey agreed: ssh-rsa
DEBUG:paramiko.transport:Cipher agreed: aes128-ctr
DEBUG:paramiko.transport:MAC agreed: hmac-sha2-256
DEBUG:paramiko.transport:Compression agreed: none
DEBUG:paramiko.transport:kex engine KexNistp256 specified hash_algo <built-in function openssl_sha256>
DEBUG:paramiko.transport:Switch to new keys ...
DEBUG:paramiko.transport:Adding ssh-rsa host key for 192.168.136.1: b'91b6fba4d581f09405ec87eabef48312'
DEBUG:paramiko.transport:userauth is OK
INFO:paramiko.transport:Authentication (password) successful!
DEBUG:paramiko.transport:[chan 0] Max packet in: 32768 bytes
DEBUG:paramiko.transport:[chan 0] Max packet out: 32768 bytes
DEBUG:paramiko.transport:Secsh channel 0 opened.
DEBUG:paramiko.transport:[chan 0] Sesch channel 0 request ok
DEBUG:paramiko.transport:[chan 0] Sesch channel 0 request ok
DEBUG:netmiko:Pattern is: ((Change now|Please choose))|([\]>]\s*$)
DEBUG:netmiko:_read_channel_expect read_data: 
 
DEBUG:netmiko:_read_channel_expect read_data: ******************************************************************************
* Copyright (c) 2004-2019 New H3C Technologies Co., Ltd. All rights reserved.*
* Without the owner's prior written consent,                                 *
* no decompiling or reverse-engineering shall be allowed.                    *
******************************************************************************

 
DEBUG:netmiko:_read_channel_expect read_data: <core>
DEBUG:netmiko:Pattern found: ((Change now|Please choose))|([\]>]\s*$) 
 ******************************************************************************
* Copyright (c) 2004-2019 New H3C Technologies Co., Ltd. All rights reserved.*
* Without the owner's prior written consent,                                 *
* no decompiling or reverse-engineering shall be allowed.                    *
******************************************************************************

 <core>
DEBUG:netmiko:write_channel: b'N\n'
DEBUG:netmiko:read_channel: N
      ^
 % Unrecognized command found at '^' position.
<core>
DEBUG:netmiko:Clear buffer detects data in the channel
DEBUG:netmiko:read_channel: 
DEBUG:netmiko:Stripping ANSI escape codes
DEBUG:netmiko:new_output = 
DEBUG:netmiko:repr = ''
DEBUG:netmiko:read_channel: 
DEBUG:netmiko:Stripping ANSI escape codes
DEBUG:netmiko:new_output = 
DEBUG:netmiko:repr = ''
DEBUG:netmiko:read_channel: 
DEBUG:netmiko:write_channel: b'\n'
DEBUG:netmiko:Stripping ANSI escape codes
DEBUG:netmiko:new_output = 
<core>
DEBUG:netmiko:repr = '\r\r\n<core>'
DEBUG:netmiko:read_channel: 
<core>
DEBUG:netmiko:Stripping ANSI escape codes
DEBUG:netmiko:new_output = 
DEBUG:netmiko:repr = ''
DEBUG:netmiko:read_channel: 
DEBUG:netmiko:Stripping ANSI escape codes
DEBUG:netmiko:new_output = 
DEBUG:netmiko:repr = ''
DEBUG:netmiko:read_channel: 
DEBUG:netmiko:Stripping ANSI escape codes
DEBUG:netmiko:new_output = 
DEBUG:netmiko:repr = ''
DEBUG:netmiko:read_channel: 
DEBUG:netmiko:write_channel: b'\n'
DEBUG:netmiko:Stripping ANSI escape codes
DEBUG:netmiko:new_output = 
<core>
DEBUG:netmiko:repr = '\r\r\n<core>'
DEBUG:netmiko:read_channel: 
<core>
DEBUG:netmiko:prompt: core
DEBUG:netmiko:In disable_paging
DEBUG:netmiko:Command: screen-length 0 temporary

DEBUG:netmiko:write_channel: b'screen-length 0 temporary\n'
DEBUG:netmiko:Pattern is: screen\-length\ 0\ temporary
DEBUG:netmiko:Stripping ANSI escape codes
DEBUG:netmiko:new_output = screen-length 0 temporary

DEBUG:netmiko:repr = 'screen-length 0 temporary\r\r\n'
DEBUG:netmiko:_read_channel_expect read_data: screen-length 0 temporary

DEBUG:netmiko:Pattern found: screen\-length\ 0\ temporary screen-length 0 temporary

DEBUG:netmiko:screen-length 0 temporary

DEBUG:netmiko:Exiting disable_paging
DEBUG:netmiko:Stripping ANSI escape codes
DEBUG:netmiko:new_output =                     ^
 % Unrecognized command found at '^' position.
<core>
DEBUG:netmiko:repr = "                    ^\r\r\n % Unrecognized command found at '^' position.\r\r\n<core>"
DEBUG:netmiko:read_channel:                     ^
 % Unrecognized command found at '^' position.
<core>
DEBUG:netmiko:Clear buffer detects data in the channel
DEBUG:netmiko:Stripping ANSI escape codes
DEBUG:netmiko:new_output = 
DEBUG:netmiko:repr = ''
DEBUG:netmiko:read_channel: 
DEBUG:paramiko.transport:starting thread (client mode): 0xd65b0f40
DEBUG:paramiko.transport:Local version/idstring: SSH-2.0-paramiko_2.7.2
DEBUG:paramiko.transport:Remote version/idstring: SSH-2.0-Comware-7.1.070
INFO:paramiko.transport:Connected (version 2.0, client Comware-7.1.070)
DEBUG:paramiko.transport:kex algos:['ecdh-sha2-nistp256', 'ecdh-sha2-nistp384', 'diffie-hellman-group-exchange-sha1', 'diffie-hellman-group14-sha1', 'diffie-hellman-group1-sha1'] server key:['ssh-rsa'] client encrypt:['aes128-ctr', 'aes192-ctr', 'aes256-ctr', 'AEAD_AES_128_GCM', 'AEAD_AES_256_GCM', 'aes128-cbc', '3des-cbc', 'aes256-cbc', 'des-cbc'] server encrypt:['aes128-ctr', 'aes192-ctr', 'aes256-ctr', 'AEAD_AES_128_GCM', 'AEAD_AES_256_GCM', 'aes128-cbc', '3des-cbc', 'aes256-cbc', 'des-cbc'] client mac:['hmac-sha2-256', 'hmac-sha2-512', 'hmac-sha1', 'hmac-md5', 'hmac-sha1-96', 'hmac-md5-96'] server mac:['hmac-sha2-256', 'hmac-sha2-512', 'hmac-sha1', 'hmac-md5', 'hmac-sha1-96', 'hmac-md5-96'] client compress:['none', 'zlib', 'zlib@openssh.com'] server compress:['none', 'zlib', 'zlib@openssh.com'] client lang:[''] server lang:[''] kex follows?False
DEBUG:paramiko.transport:Kex agreed: ecdh-sha2-nistp256
DEBUG:paramiko.transport:HostKey agreed: ssh-rsa
DEBUG:paramiko.transport:Cipher agreed: aes128-ctr
DEBUG:paramiko.transport:MAC agreed: hmac-sha2-256
DEBUG:paramiko.transport:Compression agreed: none
DEBUG:paramiko.transport:kex engine KexNistp256 specified hash_algo <built-in function openssl_sha256>
DEBUG:paramiko.transport:Switch to new keys ...
DEBUG:paramiko.transport:Adding ssh-rsa host key for 192.168.136.1: b'91b6fba4d581f09405ec87eabef48312'
DEBUG:paramiko.transport:userauth is OK
INFO:paramiko.transport:Authentication (password) successful!
DEBUG:paramiko.transport:[chan 0] Max packet in: 32768 bytes
DEBUG:paramiko.transport:[chan 0] Max packet out: 32768 bytes
DEBUG:paramiko.transport:Secsh channel 0 opened.
DEBUG:paramiko.transport:[chan 0] Sesch channel 0 request ok
DEBUG:paramiko.transport:[chan 0] Sesch channel 0 request ok
DEBUG:netmiko:write_channel: b'\n'
DEBUG:netmiko:write_channel: b'\n'
DEBUG:netmiko:write_channel: b'\n'
DEBUG:netmiko:write_channel: b'\n'
DEBUG:netmiko:read_channel: 


 ******************************************************************************
* Copyright (c) 2004-2019 New H3C Technologies Co., Ltd. All rights reserved.*
* Without the owner's prior written consent,                                 *
* no decompiling or reverse-engineering shall be allowed.                    *
******************************************************************************

 

<core>
<core>
<core>
<core>
<core>
DEBUG:netmiko:Clear buffer detects data in the channel
DEBUG:netmiko:read_channel: 
DEBUG:netmiko:read_channel: 
DEBUG:netmiko:read_channel: 
DEBUG:netmiko:write_channel: b'\n'
DEBUG:netmiko:read_channel: 
<core>
DEBUG:netmiko:read_channel: 
DEBUG:netmiko:read_channel: 
DEBUG:netmiko:read_channel: 
DEBUG:netmiko:write_channel: b'\n'
DEBUG:netmiko:read_channel: 
<core>
DEBUG:netmiko:read_channel: 
DEBUG:netmiko:[find_prompt()]: prompt is <core>
DEBUG:netmiko:In disable_paging
DEBUG:netmiko:Command: 
screen-length disable

DEBUG:netmiko:write_channel: b'\nscreen-length disable\n'
DEBUG:netmiko:Pattern is: core
DEBUG:netmiko:_read_channel_expect read_data: 
<core>screen-length disable

DEBUG:netmiko:Pattern found: core 
<core>screen-length disable

DEBUG:netmiko:
<core>screen-length disable

DEBUG:netmiko:Exiting disable_paging
DEBUG:netmiko:read_channel: <core>
DEBUG:netmiko:Clear buffer detects data in the channel
DEBUG:netmiko:read_channel: 
DEBUG:netmiko:read_channel: 
DEBUG:netmiko:write_channel: b'\n'
DEBUG:netmiko:read_channel: 
<core>
DEBUG:netmiko:read_channel: 
DEBUG:netmiko:[find_prompt()]: prompt is <core>
DEBUG:netmiko:read_channel: 
DEBUG:netmiko:write_channel: b'dis acl 2020\n'
DEBUG:netmiko:read_channel: dis acl 2020
Basic IPv4 ACL 2020, 31 rules,
fanqiang_NAT
ACL's step is 5, start ID is 0
 rule 2 permit source 192.168.112.0 0.0.0.255
 rule 7 permit source 172.16.30.0 0.0.0.255
 rule 10 permit source 192.168.138.44 0
 rule 15 permit source 172.16.22.229 0
 rule 20 permit source 172.16.22.190 0
 rule 25 permit source 172.16.23.176 0
 rule 30 permit source 172.16.22.39 0
 rule 35 permit source 172.16.22.213 0
 rule 40 permit source 172.16.23.97 0
 rule 45 permit source 192.168.214.35 0
 rule 50 permit source 172.16.23.239 0
 rule 55 permit source 172.16.23.39 0
 rule 60 permit source 172.16.23.95 0
 rule 65 permit source 172.16.22.222 0
 rule 70 permit source 172.16.23.58 0
 rule 75 permit source 172.16.22.129 0
 rule 80 permit source 172.16.22.180 0
 rule 85 permit source 172.16.40.4 0
 rule 90 permit source 192.168.138.27 0
 rule 95 permit source 192.168.214.116 0
 rule 100 permit source 192.168.214.102 0
 rule 105 permit source 192.168.138.5 0
 rule 110 permit source 172.16.22.231 0
 rule 115 permit source 192.168.214.101 0
 rule 125 permit source 172.16.40.197 0
 rule 130 permit source 172.16.40.198 0
 rule 135 permit source 192.168.216.71 0
 rule 140 permit source 192.168.138.101 0
 rule 145 permit source 192.168.214.115 0
 rule 150 permit source 192.168.216.70 0
 rule 160 permit source 172.16.22.200 0

<core>
DEBUG:netmiko:write_channel: b'exit\n'
DEBUG:paramiko.transport:EOF in transport thread
DEBUG:netmiko:write_channel: b'exit\n'
DEBUG:paramiko.transport:starting thread (client mode): 0x7dbc57f0
DEBUG:paramiko.transport:Local version/idstring: SSH-2.0-paramiko_2.7.2
DEBUG:paramiko.transport:Remote version/idstring: SSH-2.0-Comware-7.1.070
INFO:paramiko.transport:Connected (version 2.0, client Comware-7.1.070)
DEBUG:paramiko.transport:kex algos:['ecdh-sha2-nistp256', 'ecdh-sha2-nistp384', 'diffie-hellman-group-exchange-sha1', 'diffie-hellman-group14-sha1', 'diffie-hellman-group1-sha1'] server key:['ssh-rsa'] client encrypt:['aes128-ctr', 'aes192-ctr', 'aes256-ctr', 'AEAD_AES_128_GCM', 'AEAD_AES_256_GCM', 'aes128-cbc', '3des-cbc', 'aes256-cbc', 'des-cbc'] server encrypt:['aes128-ctr', 'aes192-ctr', 'aes256-ctr', 'AEAD_AES_128_GCM', 'AEAD_AES_256_GCM', 'aes128-cbc', '3des-cbc', 'aes256-cbc', 'des-cbc'] client mac:['hmac-sha2-256', 'hmac-sha2-512', 'hmac-sha1', 'hmac-md5', 'hmac-sha1-96', 'hmac-md5-96'] server mac:['hmac-sha2-256', 'hmac-sha2-512', 'hmac-sha1', 'hmac-md5', 'hmac-sha1-96', 'hmac-md5-96'] client compress:['none', 'zlib', 'zlib@openssh.com'] server compress:['none', 'zlib', 'zlib@openssh.com'] client lang:[''] server lang:[''] kex follows?False
DEBUG:paramiko.transport:Kex agreed: ecdh-sha2-nistp256
DEBUG:paramiko.transport:HostKey agreed: ssh-rsa
DEBUG:paramiko.transport:Cipher agreed: aes128-ctr
DEBUG:paramiko.transport:MAC agreed: hmac-sha2-256
DEBUG:paramiko.transport:Compression agreed: none
DEBUG:paramiko.transport:kex engine KexNistp256 specified hash_algo <built-in function openssl_sha256>
DEBUG:paramiko.transport:Switch to new keys ...
DEBUG:paramiko.transport:Adding ssh-rsa host key for 192.168.136.1: b'91b6fba4d581f09405ec87eabef48312'
DEBUG:paramiko.transport:userauth is OK
INFO:paramiko.transport:Authentication (password) successful!
DEBUG:paramiko.transport:[chan 0] Max packet in: 32768 bytes
DEBUG:paramiko.transport:[chan 0] Max packet out: 32768 bytes
DEBUG:paramiko.transport:Secsh channel 0 opened.
DEBUG:paramiko.transport:[chan 0] Sesch channel 0 request ok
DEBUG:paramiko.transport:[chan 0] Sesch channel 0 request ok
DEBUG:netmiko:Pattern is: ((Change now|Please choose))|([\]>]\s*$)
DEBUG:netmiko:_read_channel_expect read_data: 
 
DEBUG:netmiko:_read_channel_expect read_data: ******************************************************************************
* Copyright (c) 2004-2019 New H3C Technologies Co., Ltd. All rights reserved.*
* Without the owner's prior written consent,                                 *
* no decompiling or reverse-engineering shall be allowed.                    *
******************************************************************************

 
DEBUG:netmiko:_read_channel_expect read_data: <core>
DEBUG:netmiko:Pattern found: ((Change now|Please choose))|([\]>]\s*$) 
 ******************************************************************************
* Copyright (c) 2004-2019 New H3C Technologies Co., Ltd. All rights reserved.*
* Without the owner's prior written consent,                                 *
* no decompiling or reverse-engineering shall be allowed.                    *
******************************************************************************

 <core>
DEBUG:netmiko:write_channel: b'N\n'
DEBUG:netmiko:read_channel: N
      ^
 % Unrecognized command found at '^' position.
<core>
DEBUG:netmiko:Clear buffer detects data in the channel
DEBUG:netmiko:read_channel: 
DEBUG:netmiko:Stripping ANSI escape codes
DEBUG:netmiko:new_output = 
DEBUG:netmiko:repr = ''
DEBUG:netmiko:read_channel: 
DEBUG:netmiko:Stripping ANSI escape codes
DEBUG:netmiko:new_output = 
DEBUG:netmiko:repr = ''
DEBUG:netmiko:read_channel: 
DEBUG:netmiko:write_channel: b'\n'
DEBUG:netmiko:Stripping ANSI escape codes
DEBUG:netmiko:new_output = 
<core>
DEBUG:netmiko:repr = '\r\r\n<core>'
DEBUG:netmiko:read_channel: 
<core>
DEBUG:netmiko:Stripping ANSI escape codes
DEBUG:netmiko:new_output = 
DEBUG:netmiko:repr = ''
DEBUG:netmiko:read_channel: 
DEBUG:netmiko:Stripping ANSI escape codes
DEBUG:netmiko:new_output = 
DEBUG:netmiko:repr = ''
DEBUG:netmiko:read_channel: 
DEBUG:netmiko:Stripping ANSI escape codes
DEBUG:netmiko:new_output = 
DEBUG:netmiko:repr = ''
DEBUG:netmiko:read_channel: 
DEBUG:netmiko:write_channel: b'\n'
DEBUG:netmiko:Stripping ANSI escape codes
DEBUG:netmiko:new_output = 
<core>
DEBUG:netmiko:repr = '\r\r\n<core>'
DEBUG:netmiko:read_channel: 
<core>
DEBUG:netmiko:prompt: core
DEBUG:netmiko:In disable_paging
DEBUG:netmiko:Command: screen-length 0 temporary

DEBUG:netmiko:write_channel: b'screen-length 0 temporary\n'
DEBUG:netmiko:Pattern is: screen\-length\ 0\ temporary
DEBUG:netmiko:Stripping ANSI escape codes
DEBUG:netmiko:new_output = screen-length 0 temporary

DEBUG:netmiko:repr = 'screen-length 0 temporary\r\r\n'
DEBUG:netmiko:_read_channel_expect read_data: screen-length 0 temporary

DEBUG:netmiko:Pattern found: screen\-length\ 0\ temporary screen-length 0 temporary

DEBUG:netmiko:screen-length 0 temporary

DEBUG:netmiko:Exiting disable_paging
DEBUG:netmiko:Stripping ANSI escape codes
DEBUG:netmiko:new_output =                     ^
 % Unrecognized command found at '^' position.
<core>
DEBUG:netmiko:repr = "                    ^\r\r\n % Unrecognized command found at '^' position.\r\r\n<core>"
DEBUG:netmiko:read_channel:                     ^
 % Unrecognized command found at '^' position.
<core>
DEBUG:netmiko:Clear buffer detects data in the channel
DEBUG:netmiko:Stripping ANSI escape codes
DEBUG:netmiko:new_output = 
DEBUG:netmiko:repr = ''
DEBUG:netmiko:read_channel: 
DEBUG:paramiko.transport:starting thread (client mode): 0x7dbf8f70
DEBUG:paramiko.transport:Local version/idstring: SSH-2.0-paramiko_2.7.2
DEBUG:paramiko.transport:Remote version/idstring: SSH-2.0-Comware-7.1.070
INFO:paramiko.transport:Connected (version 2.0, client Comware-7.1.070)
DEBUG:paramiko.transport:kex algos:['ecdh-sha2-nistp256', 'ecdh-sha2-nistp384', 'diffie-hellman-group-exchange-sha1', 'diffie-hellman-group14-sha1', 'diffie-hellman-group1-sha1'] server key:['ssh-rsa'] client encrypt:['aes128-ctr', 'aes192-ctr', 'aes256-ctr', 'AEAD_AES_128_GCM', 'AEAD_AES_256_GCM', 'aes128-cbc', '3des-cbc', 'aes256-cbc', 'des-cbc'] server encrypt:['aes128-ctr', 'aes192-ctr', 'aes256-ctr', 'AEAD_AES_128_GCM', 'AEAD_AES_256_GCM', 'aes128-cbc', '3des-cbc', 'aes256-cbc', 'des-cbc'] client mac:['hmac-sha2-256', 'hmac-sha2-512', 'hmac-sha1', 'hmac-md5', 'hmac-sha1-96', 'hmac-md5-96'] server mac:['hmac-sha2-256', 'hmac-sha2-512', 'hmac-sha1', 'hmac-md5', 'hmac-sha1-96', 'hmac-md5-96'] client compress:['none', 'zlib', 'zlib@openssh.com'] server compress:['none', 'zlib', 'zlib@openssh.com'] client lang:[''] server lang:[''] kex follows?False
DEBUG:paramiko.transport:Kex agreed: ecdh-sha2-nistp256
DEBUG:paramiko.transport:HostKey agreed: ssh-rsa
DEBUG:paramiko.transport:Cipher agreed: aes128-ctr
DEBUG:paramiko.transport:MAC agreed: hmac-sha2-256
DEBUG:paramiko.transport:Compression agreed: none
DEBUG:paramiko.transport:kex engine KexNistp256 specified hash_algo <built-in function openssl_sha256>
DEBUG:paramiko.transport:Switch to new keys ...
DEBUG:paramiko.transport:Adding ssh-rsa host key for 192.168.136.1: b'91b6fba4d581f09405ec87eabef48312'
DEBUG:paramiko.transport:userauth is OK
INFO:paramiko.transport:Authentication (password) successful!
DEBUG:paramiko.transport:[chan 0] Max packet in: 32768 bytes
DEBUG:paramiko.transport:[chan 0] Max packet out: 32768 bytes
DEBUG:paramiko.transport:Secsh channel 0 opened.
DEBUG:paramiko.transport:[chan 0] Sesch channel 0 request ok
DEBUG:paramiko.transport:[chan 0] Sesch channel 0 request ok
DEBUG:netmiko:write_channel: b'\n'
DEBUG:netmiko:write_channel: b'\n'
DEBUG:netmiko:write_channel: b'\n'
DEBUG:netmiko:write_channel: b'\n'
DEBUG:netmiko:read_channel: 


 ******************************************************************************
* Copyright (c) 2004-2019 New H3C Technologies Co., Ltd. All rights reserved.*
* Without the owner's prior written consent,                                 *
* no decompiling or reverse-engineering shall be allowed.                    *
******************************************************************************

 

<core>
<core>
<core>
<core>
<core>
DEBUG:netmiko:Clear buffer detects data in the channel
DEBUG:netmiko:read_channel: 
DEBUG:netmiko:read_channel: 
DEBUG:netmiko:read_channel: 
DEBUG:netmiko:write_channel: b'\n'
DEBUG:netmiko:read_channel: 
<core>
DEBUG:netmiko:read_channel: 
DEBUG:netmiko:read_channel: 
DEBUG:netmiko:read_channel: 
DEBUG:netmiko:write_channel: b'\n'
DEBUG:netmiko:read_channel: 
<core>
DEBUG:netmiko:read_channel: 
DEBUG:netmiko:[find_prompt()]: prompt is <core>
DEBUG:netmiko:In disable_paging
DEBUG:netmiko:Command: 
screen-length disable

DEBUG:netmiko:write_channel: b'\nscreen-length disable\n'
DEBUG:netmiko:Pattern is: core
DEBUG:netmiko:_read_channel_expect read_data: 
<core>screen-length disable

DEBUG:netmiko:Pattern found: core 
<core>screen-length disable

DEBUG:netmiko:
<core>screen-length disable

DEBUG:netmiko:Exiting disable_paging
DEBUG:netmiko:read_channel: <core>
DEBUG:netmiko:Clear buffer detects data in the channel
DEBUG:netmiko:read_channel: 
DEBUG:netmiko:read_channel: 
DEBUG:netmiko:write_channel: b'\n'
DEBUG:netmiko:read_channel: 
<core>
DEBUG:netmiko:read_channel: 
DEBUG:netmiko:[find_prompt()]: prompt is <core>
DEBUG:netmiko:read_channel: 
DEBUG:netmiko:write_channel: b'dis acl 2020\n'
DEBUG:netmiko:read_channel: dis acl 2020
Basic IPv4 ACL 2020, 31 rules,
fanqiang_NAT
ACL's step is 5, start ID is 0
 rule 2 permit source 192.168.112.0 0.0.0.255
 rule 7 permit source 172.16.30.0 0.0.0.255
 rule 10 permit source 192.168.138.44 0
 rule 15 permit source 172.16.22.229 0
 rule 20 permit source 172.16.22.190 0
 rule 25 permit source 172.16.23.176 0
 rule 30 permit source 172.16.22.39 0
 rule 35 permit source 172.16.22.213 0
 rule 40 permit source 172.16.23.97 0
 rule 45 permit source 192.168.214.35 0
 rule 50 permit source 172.16.23.239 0
 rule 55 permit source 172.16.23.39 0
 rule 60 permit source 172.16.23.95 0
 rule 65 permit source 172.16.22.222 0
 rule 70 permit source 172.16.23.58 0
 rule 75 permit source 172.16.22.129 0
 rule 80 permit source 172.16.22.180 0
 rule 85 permit source 172.16.40.4 0
 rule 90 permit source 192.168.138.27 0
 rule 95 permit source 192.168.214.116 0
 rule 100 permit source 192.168.214.102 0
 rule 105 permit source 192.168.138.5 0
 rule 110 permit source 172.16.22.231 0
 rule 115 permit source 192.168.214.101 0
 rule 125 permit source 172.16.40.197 0
 rule 130 permit source 172.16.40.198 0
 rule 135 permit source 192.168.216.71 0
 rule 140 permit source 192.168.138.101 0
 rule 145 permit source 192.168.214.115 0
 rule 150 permit source 192.168.216.70 0
 rule 160 permit source 172.16.22.200 0

<core>
DEBUG:netmiko:write_channel: b'exit\n'
DEBUG:paramiko.transport:EOF in transport thread
DEBUG:netmiko:write_channel: b'exit\n'
DEBUG:paramiko.transport:starting thread (client mode): 0x8fce3970
DEBUG:paramiko.transport:Local version/idstring: SSH-2.0-paramiko_2.7.2
DEBUG:paramiko.transport:Remote version/idstring: SSH-2.0-Comware-7.1.070
INFO:paramiko.transport:Connected (version 2.0, client Comware-7.1.070)
DEBUG:paramiko.transport:kex algos:['ecdh-sha2-nistp256', 'ecdh-sha2-nistp384', 'diffie-hellman-group-exchange-sha1', 'diffie-hellman-group14-sha1', 'diffie-hellman-group1-sha1'] server key:['ssh-rsa'] client encrypt:['aes128-ctr', 'aes192-ctr', 'aes256-ctr', 'AEAD_AES_128_GCM', 'AEAD_AES_256_GCM', 'aes128-cbc', '3des-cbc', 'aes256-cbc', 'des-cbc'] server encrypt:['aes128-ctr', 'aes192-ctr', 'aes256-ctr', 'AEAD_AES_128_GCM', 'AEAD_AES_256_GCM', 'aes128-cbc', '3des-cbc', 'aes256-cbc', 'des-cbc'] client mac:['hmac-sha2-256', 'hmac-sha2-512', 'hmac-sha1', 'hmac-md5', 'hmac-sha1-96', 'hmac-md5-96'] server mac:['hmac-sha2-256', 'hmac-sha2-512', 'hmac-sha1', 'hmac-md5', 'hmac-sha1-96', 'hmac-md5-96'] client compress:['none', 'zlib', 'zlib@openssh.com'] server compress:['none', 'zlib', 'zlib@openssh.com'] client lang:[''] server lang:[''] kex follows?False
DEBUG:paramiko.transport:Kex agreed: ecdh-sha2-nistp256
DEBUG:paramiko.transport:HostKey agreed: ssh-rsa
DEBUG:paramiko.transport:Cipher agreed: aes128-ctr
DEBUG:paramiko.transport:MAC agreed: hmac-sha2-256
DEBUG:paramiko.transport:Compression agreed: none
DEBUG:paramiko.transport:kex engine KexNistp256 specified hash_algo <built-in function openssl_sha256>
DEBUG:paramiko.transport:Switch to new keys ...
DEBUG:paramiko.transport:Adding ssh-rsa host key for 192.168.136.1: b'91b6fba4d581f09405ec87eabef48312'
DEBUG:paramiko.transport:userauth is OK
INFO:paramiko.transport:Authentication (password) successful!
DEBUG:paramiko.transport:[chan 0] Max packet in: 32768 bytes
DEBUG:paramiko.transport:[chan 0] Max packet out: 32768 bytes
DEBUG:paramiko.transport:Secsh channel 0 opened.
DEBUG:paramiko.transport:[chan 0] Sesch channel 0 request ok
DEBUG:paramiko.transport:[chan 0] Sesch channel 0 request ok
DEBUG:netmiko:Pattern is: ((Change now|Please choose))|([\]>]\s*$)
DEBUG:netmiko:_read_channel_expect read_data: 
 
DEBUG:netmiko:_read_channel_expect read_data: ******************************************************************************
* Copyright (c) 2004-2019 New H3C Technologies Co., Ltd. All rights reserved.*
* Without the owner's prior written consent,                                 *
* no decompiling or reverse-engineering shall be allowed.                    *
******************************************************************************

 
DEBUG:netmiko:_read_channel_expect read_data: <core>
DEBUG:netmiko:Pattern found: ((Change now|Please choose))|([\]>]\s*$) 
 ******************************************************************************
* Copyright (c) 2004-2019 New H3C Technologies Co., Ltd. All rights reserved.*
* Without the owner's prior written consent,                                 *
* no decompiling or reverse-engineering shall be allowed.                    *
******************************************************************************

 <core>
DEBUG:netmiko:write_channel: b'N\n'
DEBUG:netmiko:read_channel: N
      ^
 % Unrecognized command found at '^' position.
<core>
DEBUG:netmiko:Clear buffer detects data in the channel
DEBUG:netmiko:read_channel: 
DEBUG:netmiko:Stripping ANSI escape codes
DEBUG:netmiko:new_output = 
DEBUG:netmiko:repr = ''
DEBUG:netmiko:read_channel: 
DEBUG:netmiko:Stripping ANSI escape codes
DEBUG:netmiko:new_output = 
DEBUG:netmiko:repr = ''
DEBUG:netmiko:read_channel: 
DEBUG:netmiko:write_channel: b'\n'
DEBUG:netmiko:Stripping ANSI escape codes
DEBUG:netmiko:new_output = 
<core>
DEBUG:netmiko:repr = '\r\r\n<core>'
DEBUG:netmiko:read_channel: 
<core>
DEBUG:netmiko:Stripping ANSI escape codes
DEBUG:netmiko:new_output = 
DEBUG:netmiko:repr = ''
DEBUG:netmiko:read_channel: 
DEBUG:netmiko:Stripping ANSI escape codes
DEBUG:netmiko:new_output = 
DEBUG:netmiko:repr = ''
DEBUG:netmiko:read_channel: 
DEBUG:netmiko:Stripping ANSI escape codes
DEBUG:netmiko:new_output = 
DEBUG:netmiko:repr = ''
DEBUG:netmiko:read_channel: 
DEBUG:netmiko:write_channel: b'\n'
DEBUG:netmiko:Stripping ANSI escape codes
DEBUG:netmiko:new_output = 
<core>
DEBUG:netmiko:repr = '\r\r\n<core>'
DEBUG:netmiko:read_channel: 
<core>
DEBUG:netmiko:prompt: core
DEBUG:netmiko:In disable_paging
DEBUG:netmiko:Command: screen-length 0 temporary

DEBUG:netmiko:write_channel: b'screen-length 0 temporary\n'
DEBUG:netmiko:Pattern is: screen\-length\ 0\ temporary
DEBUG:netmiko:Stripping ANSI escape codes
DEBUG:netmiko:new_output = screen-length 0 temporary

DEBUG:netmiko:repr = 'screen-length 0 temporary\r\r\n'
DEBUG:netmiko:_read_channel_expect read_data: screen-length 0 temporary

DEBUG:netmiko:Pattern found: screen\-length\ 0\ temporary screen-length 0 temporary

DEBUG:netmiko:screen-length 0 temporary

DEBUG:netmiko:Exiting disable_paging
DEBUG:netmiko:Stripping ANSI escape codes
DEBUG:netmiko:new_output =                     ^
 % Unrecognized command found at '^' position.
<core>
DEBUG:netmiko:repr = "                    ^\r\r\n % Unrecognized command found at '^' position.\r\r\n<core>"
DEBUG:netmiko:read_channel:                     ^
 % Unrecognized command found at '^' position.
<core>
DEBUG:netmiko:Clear buffer detects data in the channel
DEBUG:netmiko:Stripping ANSI escape codes
DEBUG:netmiko:new_output = 
DEBUG:netmiko:repr = ''
DEBUG:netmiko:read_channel: 
DEBUG:paramiko.transport:starting thread (client mode): 0x8fc96c70
DEBUG:paramiko.transport:Local version/idstring: SSH-2.0-paramiko_2.7.2
DEBUG:paramiko.transport:Remote version/idstring: SSH-2.0-Comware-7.1.070
INFO:paramiko.transport:Connected (version 2.0, client Comware-7.1.070)
DEBUG:paramiko.transport:kex algos:['ecdh-sha2-nistp256', 'ecdh-sha2-nistp384', 'diffie-hellman-group-exchange-sha1', 'diffie-hellman-group14-sha1', 'diffie-hellman-group1-sha1'] server key:['ssh-rsa'] client encrypt:['aes128-ctr', 'aes192-ctr', 'aes256-ctr', 'AEAD_AES_128_GCM', 'AEAD_AES_256_GCM', 'aes128-cbc', '3des-cbc', 'aes256-cbc', 'des-cbc'] server encrypt:['aes128-ctr', 'aes192-ctr', 'aes256-ctr', 'AEAD_AES_128_GCM', 'AEAD_AES_256_GCM', 'aes128-cbc', '3des-cbc', 'aes256-cbc', 'des-cbc'] client mac:['hmac-sha2-256', 'hmac-sha2-512', 'hmac-sha1', 'hmac-md5', 'hmac-sha1-96', 'hmac-md5-96'] server mac:['hmac-sha2-256', 'hmac-sha2-512', 'hmac-sha1', 'hmac-md5', 'hmac-sha1-96', 'hmac-md5-96'] client compress:['none', 'zlib', 'zlib@openssh.com'] server compress:['none', 'zlib', 'zlib@openssh.com'] client lang:[''] server lang:[''] kex follows?False
DEBUG:paramiko.transport:Kex agreed: ecdh-sha2-nistp256
DEBUG:paramiko.transport:HostKey agreed: ssh-rsa
DEBUG:paramiko.transport:Cipher agreed: aes128-ctr
DEBUG:paramiko.transport:MAC agreed: hmac-sha2-256
DEBUG:paramiko.transport:Compression agreed: none
DEBUG:paramiko.transport:kex engine KexNistp256 specified hash_algo <built-in function openssl_sha256>
DEBUG:paramiko.transport:Switch to new keys ...
DEBUG:paramiko.transport:Adding ssh-rsa host key for 192.168.136.1: b'91b6fba4d581f09405ec87eabef48312'
DEBUG:paramiko.transport:userauth is OK
INFO:paramiko.transport:Authentication (password) successful!
DEBUG:paramiko.transport:[chan 0] Max packet in: 32768 bytes
DEBUG:paramiko.transport:[chan 0] Max packet out: 32768 bytes
DEBUG:paramiko.transport:Secsh channel 0 opened.
DEBUG:paramiko.transport:[chan 0] Sesch channel 0 request ok
DEBUG:paramiko.transport:[chan 0] Sesch channel 0 request ok
DEBUG:netmiko:write_channel: b'\n'
DEBUG:netmiko:write_channel: b'\n'
DEBUG:netmiko:write_channel: b'\n'
DEBUG:netmiko:write_channel: b'\n'
DEBUG:netmiko:read_channel: 


 ******************************************************************************
* Copyright (c) 2004-2019 New H3C Technologies Co., Ltd. All rights reserved.*
* Without the owner's prior written consent,                                 *
* no decompiling or reverse-engineering shall be allowed.                    *
******************************************************************************

 


DEBUG:netmiko:Clear buffer detects data in the channel
DEBUG:netmiko:read_channel: 
DEBUG:netmiko:read_channel: <core>
<core>
<core>
<core>
<core>
DEBUG:netmiko:read_channel: 
DEBUG:netmiko:read_channel: 
DEBUG:netmiko:read_channel: 
DEBUG:netmiko:write_channel: b'\n'
DEBUG:netmiko:read_channel: 
<core>
DEBUG:netmiko:read_channel: 
DEBUG:netmiko:[find_prompt()]: prompt is <core>
DEBUG:netmiko:In disable_paging
DEBUG:netmiko:Command: 
screen-length disable

DEBUG:netmiko:write_channel: b'\nscreen-length disable\n'
DEBUG:netmiko:Pattern is: core
DEBUG:netmiko:_read_channel_expect read_data: 
<core>screen-length disable
DEBUG:netmiko:Pattern found: core 
<core>screen-length disable
DEBUG:netmiko:
<core>screen-length disable
DEBUG:netmiko:Exiting disable_paging
DEBUG:netmiko:read_channel: 
<core>
DEBUG:netmiko:Clear buffer detects data in the channel
DEBUG:netmiko:read_channel: 
DEBUG:netmiko:read_channel: 
DEBUG:netmiko:write_channel: b'\n'
DEBUG:netmiko:read_channel: 
<core>
DEBUG:netmiko:read_channel: 
DEBUG:netmiko:[find_prompt()]: prompt is <core>
DEBUG:netmiko:read_channel: 
DEBUG:netmiko:write_channel: b'dis acl 2020\n'
DEBUG:netmiko:read_channel: dis acl 2020
Basic IPv4 ACL 2020, 31 rules,
fanqiang_NAT
ACL's step is 5, start ID is 0
 rule 2 permit source 192.168.112.0 0.0.0.255
 rule 7 permit source 172.16.30.0 0.0.0.255
 rule 10 permit source 192.168.138.44 0
 rule 15 permit source 172.16.22.229 0
 rule 20 permit source 172.16.22.190 0
 rule 25 permit source 172.16.23.176 0
 rule 30 permit source 172.16.22.39 0
 rule 35 permit source 172.16.22.213 0
 rule 40 permit source 172.16.23.97 0
 rule 45 permit source 192.168.214.35 0
 rule 50 permit source 172.16.23.239 0
 rule 55 permit source 172.16.23.39 0
 rule 60 permit source 172.16.23.95 0
 rule 65 permit source 172.16.22.222 0
 rule 70 permit source 172.16.23.58 0
 rule 75 permit source 172.16.22.129 0
 rule 80 permit source 172.16.22.180 0
 rule 85 permit source 172.16.40.4 0
 rule 90 permit source 192.168.138.27 0
 rule 95 permit source 192.168.214.116 0
 rule 100 permit source 192.168.214.102 0
 rule 105 permit source 192.168.138.5 0
 rule 110 permit source 172.16.22.231 0
 rule 115 permit source 192.168.214.101 0
 rule 125 permit source 172.16.40.197 0
 rule 130 permit source 172.16.40.198 0
 rule 135 permit source 192.168.216.71 0
 rule 140 permit source 192.168.138.101 0
 rule 145 permit source 192.168.214.115 0
 rule 150 permit source 192.168.216.70 0
 rule 160 permit source 172.16.22.200 0

<core>
DEBUG:netmiko:write_channel: b'exit\n'
DEBUG:paramiko.transport:EOF in transport thread
DEBUG:paramiko.transport:starting thread (client mode): 0x8fc96e80
DEBUG:paramiko.transport:Local version/idstring: SSH-2.0-paramiko_2.7.2
DEBUG:paramiko.transport:Remote version/idstring: SSH-2.0-Comware-7.1.070
INFO:paramiko.transport:Connected (version 2.0, client Comware-7.1.070)
DEBUG:paramiko.transport:kex algos:['ecdh-sha2-nistp256', 'ecdh-sha2-nistp384', 'diffie-hellman-group-exchange-sha1', 'diffie-hellman-group14-sha1', 'diffie-hellman-group1-sha1'] server key:['ssh-rsa'] client encrypt:['aes128-ctr', 'aes192-ctr', 'aes256-ctr', 'AEAD_AES_128_GCM', 'AEAD_AES_256_GCM', 'aes128-cbc', '3des-cbc', 'aes256-cbc', 'des-cbc'] server encrypt:['aes128-ctr', 'aes192-ctr', 'aes256-ctr', 'AEAD_AES_128_GCM', 'AEAD_AES_256_GCM', 'aes128-cbc', '3des-cbc', 'aes256-cbc', 'des-cbc'] client mac:['hmac-sha2-256', 'hmac-sha2-512', 'hmac-sha1', 'hmac-md5', 'hmac-sha1-96', 'hmac-md5-96'] server mac:['hmac-sha2-256', 'hmac-sha2-512', 'hmac-sha1', 'hmac-md5', 'hmac-sha1-96', 'hmac-md5-96'] client compress:['none', 'zlib', 'zlib@openssh.com'] server compress:['none', 'zlib', 'zlib@openssh.com'] client lang:[''] server lang:[''] kex follows?False
DEBUG:paramiko.transport:Kex agreed: ecdh-sha2-nistp256
DEBUG:paramiko.transport:HostKey agreed: ssh-rsa
DEBUG:paramiko.transport:Cipher agreed: aes128-ctr
DEBUG:paramiko.transport:MAC agreed: hmac-sha2-256
DEBUG:paramiko.transport:Compression agreed: none
DEBUG:paramiko.transport:kex engine KexNistp256 specified hash_algo <built-in function openssl_sha256>
DEBUG:paramiko.transport:Switch to new keys ...
DEBUG:paramiko.transport:Adding ssh-rsa host key for 192.168.136.13: b'10926a007c7f7da5cd4c7f9f21a1b4f7'
DEBUG:paramiko.transport:userauth is OK
INFO:paramiko.transport:Authentication (password) successful!
DEBUG:paramiko.transport:[chan 0] Max packet in: 32768 bytes
DEBUG:paramiko.transport:[chan 0] Max packet out: 32768 bytes
DEBUG:paramiko.transport:Secsh channel 0 opened.
DEBUG:paramiko.transport:[chan 0] Sesch channel 0 request ok
DEBUG:paramiko.transport:[chan 0] Sesch channel 0 request ok
DEBUG:netmiko:Pattern is: ((Change now|Please choose))|([\]>]\s*$)
DEBUG:netmiko:_read_channel_expect read_data: 
 
DEBUG:netmiko:_read_channel_expect read_data: ******************************************************************************
* Copyright (c) 2004-2018 New H3C Technologies Co., Ltd. All rights reserved.*
* Without the owner's prior written consent,                                 *
* no decompiling or reverse-engineering shall be allowed.                    *
******************************************************************************

 
DEBUG:netmiko:_read_channel_expect read_data: <SW13>
DEBUG:netmiko:Pattern found: ((Change now|Please choose))|([\]>]\s*$) 
 ******************************************************************************
* Copyright (c) 2004-2018 New H3C Technologies Co., Ltd. All rights reserved.*
* Without the owner's prior written consent,                                 *
* no decompiling or reverse-engineering shall be allowed.                    *
******************************************************************************

 <SW13>
DEBUG:netmiko:write_channel: b'N\n'
DEBUG:netmiko:read_channel: N
      ^
 % Unrecognized command found at '^' position.
<SW13>
DEBUG:netmiko:Clear buffer detects data in the channel
DEBUG:netmiko:read_channel: 
DEBUG:netmiko:Stripping ANSI escape codes
DEBUG:netmiko:new_output = 
DEBUG:netmiko:repr = ''
DEBUG:netmiko:read_channel: 
DEBUG:netmiko:Stripping ANSI escape codes
DEBUG:netmiko:new_output = 
DEBUG:netmiko:repr = ''
DEBUG:netmiko:read_channel: 
DEBUG:netmiko:write_channel: b'\n'
DEBUG:netmiko:Stripping ANSI escape codes
DEBUG:netmiko:new_output = 
<SW13>
DEBUG:netmiko:repr = '\r\r\n<SW13>'
DEBUG:netmiko:read_channel: 
<SW13>
DEBUG:netmiko:Stripping ANSI escape codes
DEBUG:netmiko:new_output = 
DEBUG:netmiko:repr = ''
DEBUG:netmiko:read_channel: 
DEBUG:netmiko:Stripping ANSI escape codes
DEBUG:netmiko:new_output = 
DEBUG:netmiko:repr = ''
DEBUG:netmiko:read_channel: 
DEBUG:netmiko:Stripping ANSI escape codes
DEBUG:netmiko:new_output = 
DEBUG:netmiko:repr = ''
DEBUG:netmiko:read_channel: 
DEBUG:netmiko:write_channel: b'\n'
DEBUG:netmiko:Stripping ANSI escape codes
DEBUG:netmiko:new_output = 
<SW13>
DEBUG:netmiko:repr = '\r\r\n<SW13>'
DEBUG:netmiko:read_channel: 
<SW13>
DEBUG:netmiko:prompt: SW13
DEBUG:netmiko:In disable_paging
DEBUG:netmiko:Command: screen-length 0 temporary

DEBUG:netmiko:write_channel: b'screen-length 0 temporary\n'
DEBUG:netmiko:Pattern is: screen\-length\ 0\ temporary
DEBUG:netmiko:Stripping ANSI escape codes
DEBUG:netmiko:new_output = screen-length 0 temporary

DEBUG:netmiko:repr = 'screen-length 0 temporary\r\r\n'
DEBUG:netmiko:_read_channel_expect read_data: screen-length 0 temporary

DEBUG:netmiko:Pattern found: screen\-length\ 0\ temporary screen-length 0 temporary

DEBUG:netmiko:screen-length 0 temporary

DEBUG:netmiko:Exiting disable_paging
DEBUG:netmiko:Stripping ANSI escape codes
DEBUG:netmiko:new_output =                     ^
 % Unrecognized command found at '^' position.
<SW13>
DEBUG:netmiko:repr = "                    ^\r\r\n % Unrecognized command found at '^' position.\r\r\n<SW13>"
DEBUG:netmiko:read_channel:                     ^
 % Unrecognized command found at '^' position.
<SW13>
DEBUG:netmiko:Clear buffer detects data in the channel
DEBUG:netmiko:Stripping ANSI escape codes
DEBUG:netmiko:new_output = 
DEBUG:netmiko:repr = ''
DEBUG:netmiko:read_channel: 
DEBUG:netmiko:write_channel: b'\n'
DEBUG:netmiko:Stripping ANSI escape codes
DEBUG:netmiko:new_output = 
<SW13>
DEBUG:netmiko:repr = '\r\r\n<SW13>'
DEBUG:netmiko:read_channel: 
<SW13>
DEBUG:netmiko:Stripping ANSI escape codes
DEBUG:netmiko:new_output = 
DEBUG:netmiko:repr = ''
DEBUG:netmiko:read_channel: 
DEBUG:netmiko:Stripping ANSI escape codes
DEBUG:netmiko:new_output = 
DEBUG:netmiko:repr = ''
DEBUG:netmiko:read_channel: 
DEBUG:netmiko:write_channel: b'system-view\n'
DEBUG:netmiko:Pattern is: system\-view
DEBUG:netmiko:Stripping ANSI escape codes
DEBUG:netmiko:new_output = system-view

DEBUG:netmiko:repr = 'system-view\r\r\n'
DEBUG:netmiko:_read_channel_expect read_data: system-view

DEBUG:netmiko:Pattern found: system\-view system-view

DEBUG:netmiko:Pattern is: SW13
DEBUG:netmiko:Stripping ANSI escape codes
DEBUG:netmiko:new_output = System View: return to User View with Ctrl+Z.
[SW13]
DEBUG:netmiko:repr = 'System View: return to User View with Ctrl+Z.\r\r\n[SW13]'
DEBUG:netmiko:_read_channel_expect read_data: System View: return to User View with Ctrl+Z.
[SW13]
DEBUG:netmiko:Pattern found: SW13 System View: return to User View with Ctrl+Z.
[SW13]
DEBUG:netmiko:write_channel: b'\n'
DEBUG:netmiko:Stripping ANSI escape codes
DEBUG:netmiko:new_output = 
[SW13]
DEBUG:netmiko:repr = '\r\r\n[SW13]'
DEBUG:netmiko:read_channel: 
[SW13]
DEBUG:netmiko:Stripping ANSI escape codes
DEBUG:netmiko:new_output = 
DEBUG:netmiko:repr = ''
DEBUG:netmiko:read_channel: 
DEBUG:netmiko:Stripping ANSI escape codes
DEBUG:netmiko:new_output = 
DEBUG:netmiko:repr = ''
DEBUG:netmiko:read_channel: 
DEBUG:netmiko:write_channel: b'interface GigabitEthernet 1/0/25\n'
DEBUG:netmiko:Pattern is: interface\ GigabitEthernet\ 1/0/25
DEBUG:netmiko:Stripping ANSI escape codes
DEBUG:netmiko:new_output = interface GigabitEthernet 1/0/25

DEBUG:netmiko:repr = 'interface GigabitEthernet 1/0/25\r\r\n'
DEBUG:netmiko:_read_channel_expect read_data: interface GigabitEthernet 1/0/25

DEBUG:netmiko:Pattern found: interface\ GigabitEthernet\ 1/0/25 interface GigabitEthernet 1/0/25

DEBUG:netmiko:Pattern is: (?:SW13|#)
DEBUG:netmiko:Stripping ANSI escape codes
DEBUG:netmiko:new_output = [SW13-GigabitEthernet1/0/25]
DEBUG:netmiko:repr = '[SW13-GigabitEthernet1/0/25]'
DEBUG:netmiko:_read_channel_expect read_data: [SW13-GigabitEthernet1/0/25]
DEBUG:netmiko:Pattern found: (?:SW13|#) [SW13-GigabitEthernet1/0/25]
DEBUG:netmiko:write_channel: b'port access vlan 52\n'
DEBUG:netmiko:Pattern is: port\ access\ vlan\ 52
DEBUG:netmiko:Stripping ANSI escape codes
DEBUG:netmiko:new_output = p
DEBUG:netmiko:repr = 'p'
DEBUG:netmiko:_read_channel_expect read_data: p
DEBUG:netmiko:Stripping ANSI escape codes
DEBUG:netmiko:new_output = ort access vlan 52
[SW13-GigabitEthernet1/0/25]
DEBUG:netmiko:repr = 'ort access vlan 52\r\r\n[SW13-GigabitEthernet1/0/25]'
DEBUG:netmiko:_read_channel_expect read_data: ort access vlan 52
[SW13-GigabitEthernet1/0/25]
DEBUG:netmiko:Pattern found: port\ access\ vlan\ 52 port access vlan 52
[SW13-GigabitEthernet1/0/25]
DEBUG:netmiko:write_channel: b'save force\n'
DEBUG:netmiko:Pattern is: save\ force
DEBUG:netmiko:Stripping ANSI escape codes
DEBUG:netmiko:new_output = save force
DEBUG:netmiko:repr = 'save force'
DEBUG:netmiko:_read_channel_expect read_data: save force
DEBUG:netmiko:Pattern found: save\ force save force
DEBUG:netmiko:Pattern is: (?:SW13|#)
DEBUG:netmiko:Stripping ANSI escape codes
DEBUG:netmiko:new_output = 

DEBUG:netmiko:repr = '\r\r\n'
DEBUG:netmiko:_read_channel_expect read_data: 

DEBUG:netmiko:Stripping ANSI escape codes
DEBUG:netmiko:new_output = Validating file. Please wait...

DEBUG:netmiko:repr = 'Validating file. Please wait...\r\r\n'
DEBUG:netmiko:_read_channel_expect read_data: Validating file. Please wait...

DEBUG:netmiko:Stripping ANSI escape codes
DEBUG:netmiko:new_output = Saved the current configuration
DEBUG:netmiko:repr = 'Saved the current configuration'
DEBUG:netmiko:_read_channel_expect read_data: Saved the current configuration
DEBUG:netmiko:Stripping ANSI escape codes
DEBUG:netmiko:new_output =  to mainboard device successfully.
[SW13-GigabitEthernet1/0/25]
DEBUG:netmiko:repr = ' to mainboard device successfully.\r\r\n[SW13-GigabitEthernet1/0/25]'
DEBUG:netmiko:_read_channel_expect read_data:  to mainboard device successfully.
[SW13-GigabitEthernet1/0/25]
DEBUG:netmiko:Pattern found: (?:SW13|#) 
Validating file. Please wait...
Saved the current configuration to mainboard device successfully.
[SW13-GigabitEthernet1/0/25]
DEBUG:netmiko:write_channel: b'\n'
DEBUG:netmiko:Stripping ANSI escape codes
DEBUG:netmiko:new_output = 
[SW13-GigabitEthernet1/0/25]
DEBUG:netmiko:repr = '\r\r\n[SW13-GigabitEthernet1/0/25]'
DEBUG:netmiko:read_channel: 
[SW13-GigabitEthernet1/0/25]
DEBUG:netmiko:Stripping ANSI escape codes
DEBUG:netmiko:new_output = 
DEBUG:netmiko:repr = ''
DEBUG:netmiko:read_channel: 
DEBUG:netmiko:Stripping ANSI escape codes
DEBUG:netmiko:new_output = 
DEBUG:netmiko:repr = ''
DEBUG:netmiko:read_channel: 
DEBUG:netmiko:write_channel: b'return\n'
DEBUG:netmiko:Pattern is: return
DEBUG:netmiko:Stripping ANSI escape codes
DEBUG:netmiko:new_output = return

DEBUG:netmiko:repr = 'return\r\r\n'
DEBUG:netmiko:_read_channel_expect read_data: return

DEBUG:netmiko:Pattern found: return return

DEBUG:netmiko:Pattern is: >
DEBUG:netmiko:Stripping ANSI escape codes
DEBUG:netmiko:new_output = <SW13>
DEBUG:netmiko:repr = '<SW13>'
DEBUG:netmiko:_read_channel_expect read_data: <SW13>
DEBUG:netmiko:Pattern found: > <SW13>
DEBUG:netmiko:write_channel: b'\n'
DEBUG:netmiko:Stripping ANSI escape codes
DEBUG:netmiko:new_output = 
<SW13>
DEBUG:netmiko:repr = '\r\r\n<SW13>'
DEBUG:netmiko:read_channel: 
<SW13>
DEBUG:netmiko:Stripping ANSI escape codes
DEBUG:netmiko:new_output = 
DEBUG:netmiko:repr = ''
DEBUG:netmiko:read_channel: 
DEBUG:netmiko:Stripping ANSI escape codes
DEBUG:netmiko:new_output = 
DEBUG:netmiko:repr = ''
DEBUG:netmiko:read_channel: 
DEBUG:netmiko:exit_config_mode: return
<SW13>
DEBUG:netmiko:system-view
System View: return to User View with Ctrl+Z.
[SW13]interface GigabitEthernet 1/0/25
[SW13-GigabitEthernet1/0/25]port access vlan 52
[SW13-GigabitEthernet1/0/25]save force
Validating file. Please wait...
Saved the current configuration to mainboard device successfully.
[SW13-GigabitEthernet1/0/25]return
<SW13>
DEBUG:netmiko:write_channel: b'exit\n'
DEBUG:paramiko.transport:EOF in transport thread
DEBUG:netmiko:write_channel: b'exit\n'
DEBUG:paramiko.transport:starting thread (client mode): 0xe70e18e0
DEBUG:paramiko.transport:Local version/idstring: SSH-2.0-paramiko_2.7.2
DEBUG:paramiko.transport:Remote version/idstring: SSH-2.0-Comware-7.1.070
INFO:paramiko.transport:Connected (version 2.0, client Comware-7.1.070)
DEBUG:paramiko.transport:kex algos:['ecdh-sha2-nistp256', 'ecdh-sha2-nistp384', 'diffie-hellman-group-exchange-sha1', 'diffie-hellman-group14-sha1', 'diffie-hellman-group1-sha1'] server key:['ssh-rsa'] client encrypt:['aes128-ctr', 'aes192-ctr', 'aes256-ctr', 'AEAD_AES_128_GCM', 'AEAD_AES_256_GCM', 'aes128-cbc', '3des-cbc', 'aes256-cbc', 'des-cbc'] server encrypt:['aes128-ctr', 'aes192-ctr', 'aes256-ctr', 'AEAD_AES_128_GCM', 'AEAD_AES_256_GCM', 'aes128-cbc', '3des-cbc', 'aes256-cbc', 'des-cbc'] client mac:['hmac-sha2-256', 'hmac-sha2-512', 'hmac-sha1', 'hmac-md5', 'hmac-sha1-96', 'hmac-md5-96'] server mac:['hmac-sha2-256', 'hmac-sha2-512', 'hmac-sha1', 'hmac-md5', 'hmac-sha1-96', 'hmac-md5-96'] client compress:['none', 'zlib', 'zlib@openssh.com'] server compress:['none', 'zlib', 'zlib@openssh.com'] client lang:[''] server lang:[''] kex follows?False
DEBUG:paramiko.transport:Kex agreed: ecdh-sha2-nistp256
DEBUG:paramiko.transport:HostKey agreed: ssh-rsa
DEBUG:paramiko.transport:Cipher agreed: aes128-ctr
DEBUG:paramiko.transport:MAC agreed: hmac-sha2-256
DEBUG:paramiko.transport:Compression agreed: none
DEBUG:paramiko.transport:kex engine KexNistp256 specified hash_algo <built-in function openssl_sha256>
DEBUG:paramiko.transport:Switch to new keys ...
DEBUG:paramiko.transport:Adding ssh-rsa host key for 192.168.136.1: b'91b6fba4d581f09405ec87eabef48312'
DEBUG:paramiko.transport:userauth is OK
INFO:paramiko.transport:Authentication (password) successful!
DEBUG:paramiko.transport:[chan 0] Max packet in: 32768 bytes
DEBUG:paramiko.transport:[chan 0] Max packet out: 32768 bytes
DEBUG:paramiko.transport:Secsh channel 0 opened.
DEBUG:paramiko.transport:[chan 0] Sesch channel 0 request ok
DEBUG:paramiko.transport:[chan 0] Sesch channel 0 request ok
DEBUG:netmiko:Pattern is: ((Change now|Please choose))|([\]>]\s*$)
DEBUG:netmiko:_read_channel_expect read_data: 
 
DEBUG:netmiko:_read_channel_expect read_data: ******************************************************************************
* Copyright (c) 2004-2019 New H3C Technologies Co., Ltd. All rights reserved.*
* Without the owner's prior written consent,                                 *
* no decompiling or reverse-engineering shall be allowed.                    *
******************************************************************************

 
DEBUG:netmiko:_read_channel_expect read_data: <core>
DEBUG:netmiko:Pattern found: ((Change now|Please choose))|([\]>]\s*$) 
 ******************************************************************************
* Copyright (c) 2004-2019 New H3C Technologies Co., Ltd. All rights reserved.*
* Without the owner's prior written consent,                                 *
* no decompiling or reverse-engineering shall be allowed.                    *
******************************************************************************

 <core>
DEBUG:netmiko:write_channel: b'N\n'
DEBUG:netmiko:read_channel: N
      ^
 % Unrecognized command found at '^' position.
<core>
DEBUG:netmiko:Clear buffer detects data in the channel
DEBUG:netmiko:read_channel: 
DEBUG:netmiko:Stripping ANSI escape codes
DEBUG:netmiko:new_output = 
DEBUG:netmiko:repr = ''
DEBUG:netmiko:read_channel: 
DEBUG:netmiko:Stripping ANSI escape codes
DEBUG:netmiko:new_output = 
DEBUG:netmiko:repr = ''
DEBUG:netmiko:read_channel: 
DEBUG:netmiko:write_channel: b'\n'
DEBUG:netmiko:Stripping ANSI escape codes
DEBUG:netmiko:new_output = 
<core>
DEBUG:netmiko:repr = '\r\r\n<core>'
DEBUG:netmiko:read_channel: 
<core>
DEBUG:netmiko:Stripping ANSI escape codes
DEBUG:netmiko:new_output = 
DEBUG:netmiko:repr = ''
DEBUG:netmiko:read_channel: 
DEBUG:netmiko:Stripping ANSI escape codes
DEBUG:netmiko:new_output = 
DEBUG:netmiko:repr = ''
DEBUG:netmiko:read_channel: 
DEBUG:netmiko:Stripping ANSI escape codes
DEBUG:netmiko:new_output = 
DEBUG:netmiko:repr = ''
DEBUG:netmiko:read_channel: 
DEBUG:netmiko:write_channel: b'\n'
DEBUG:netmiko:Stripping ANSI escape codes
DEBUG:netmiko:new_output = 
<core>
DEBUG:netmiko:repr = '\r\r\n<core>'
DEBUG:netmiko:read_channel: 
<core>
DEBUG:netmiko:prompt: core
DEBUG:netmiko:In disable_paging
DEBUG:netmiko:Command: screen-length 0 temporary

DEBUG:netmiko:write_channel: b'screen-length 0 temporary\n'
DEBUG:netmiko:Pattern is: screen\-length\ 0\ temporary
DEBUG:netmiko:Stripping ANSI escape codes
DEBUG:netmiko:new_output = scre
DEBUG:netmiko:repr = 'scre'
DEBUG:netmiko:_read_channel_expect read_data: scre
DEBUG:netmiko:Stripping ANSI escape codes
DEBUG:netmiko:new_output = en-length 0 temporary
                    ^
 % Unrecognized command found at '^' position.
<core>
DEBUG:netmiko:repr = "en-length 0 temporary\r\r\n                    ^\r\r\n % Unrecognized command found at '^' position.\r\r\n<core>"
DEBUG:netmiko:_read_channel_expect read_data: en-length 0 temporary
                    ^
 % Unrecognized command found at '^' position.
<core>
DEBUG:netmiko:Pattern found: screen\-length\ 0\ temporary screen-length 0 temporary
                    ^
 % Unrecognized command found at '^' position.
<core>
DEBUG:netmiko:screen-length 0 temporary
                    ^
 % Unrecognized command found at '^' position.
<core>
DEBUG:netmiko:Exiting disable_paging
DEBUG:netmiko:Stripping ANSI escape codes
DEBUG:netmiko:new_output = 
DEBUG:netmiko:repr = ''
DEBUG:netmiko:read_channel: 
DEBUG:paramiko.transport:starting thread (client mode): 0xe7115f70
DEBUG:paramiko.transport:Local version/idstring: SSH-2.0-paramiko_2.7.2
DEBUG:paramiko.transport:Remote version/idstring: SSH-2.0-Comware-7.1.070
INFO:paramiko.transport:Connected (version 2.0, client Comware-7.1.070)
DEBUG:paramiko.transport:kex algos:['ecdh-sha2-nistp256', 'ecdh-sha2-nistp384', 'diffie-hellman-group-exchange-sha1', 'diffie-hellman-group14-sha1', 'diffie-hellman-group1-sha1'] server key:['ssh-rsa'] client encrypt:['aes128-ctr', 'aes192-ctr', 'aes256-ctr', 'AEAD_AES_128_GCM', 'AEAD_AES_256_GCM', 'aes128-cbc', '3des-cbc', 'aes256-cbc', 'des-cbc'] server encrypt:['aes128-ctr', 'aes192-ctr', 'aes256-ctr', 'AEAD_AES_128_GCM', 'AEAD_AES_256_GCM', 'aes128-cbc', '3des-cbc', 'aes256-cbc', 'des-cbc'] client mac:['hmac-sha2-256', 'hmac-sha2-512', 'hmac-sha1', 'hmac-md5', 'hmac-sha1-96', 'hmac-md5-96'] server mac:['hmac-sha2-256', 'hmac-sha2-512', 'hmac-sha1', 'hmac-md5', 'hmac-sha1-96', 'hmac-md5-96'] client compress:['none', 'zlib', 'zlib@openssh.com'] server compress:['none', 'zlib', 'zlib@openssh.com'] client lang:[''] server lang:[''] kex follows?False
DEBUG:paramiko.transport:Kex agreed: ecdh-sha2-nistp256
DEBUG:paramiko.transport:HostKey agreed: ssh-rsa
DEBUG:paramiko.transport:Cipher agreed: aes128-ctr
DEBUG:paramiko.transport:MAC agreed: hmac-sha2-256
DEBUG:paramiko.transport:Compression agreed: none
DEBUG:paramiko.transport:kex engine KexNistp256 specified hash_algo <built-in function openssl_sha256>
DEBUG:paramiko.transport:Switch to new keys ...
DEBUG:paramiko.transport:Adding ssh-rsa host key for 192.168.136.1: b'91b6fba4d581f09405ec87eabef48312'
DEBUG:paramiko.transport:userauth is OK
INFO:paramiko.transport:Authentication (password) successful!
DEBUG:paramiko.transport:[chan 0] Max packet in: 32768 bytes
DEBUG:paramiko.transport:[chan 0] Max packet out: 32768 bytes
DEBUG:paramiko.transport:Secsh channel 0 opened.
DEBUG:paramiko.transport:[chan 0] Sesch channel 0 request ok
DEBUG:paramiko.transport:[chan 0] Sesch channel 0 request ok
DEBUG:netmiko:write_channel: b'\n'
DEBUG:netmiko:write_channel: b'\n'
DEBUG:netmiko:write_channel: b'\n'
DEBUG:netmiko:write_channel: b'\n'
DEBUG:netmiko:read_channel: 


 ******************************************************************************
* Copyright (c) 2004-2019 New H3C Technologies Co., Ltd. All rights reserved.*
* Without the owner's prior written consent,                                 *
* no decompiling or reverse-engineering shall be allowed.                    *
******************************************************************************

 

<core>
<core>
<core>
<core>
<core>
DEBUG:netmiko:Clear buffer detects data in the channel
DEBUG:netmiko:read_channel: 
DEBUG:netmiko:read_channel: 
DEBUG:netmiko:read_channel: 
DEBUG:netmiko:write_channel: b'\n'
DEBUG:netmiko:read_channel: 
<core>
DEBUG:netmiko:read_channel: 
DEBUG:netmiko:read_channel: 
DEBUG:netmiko:read_channel: 
DEBUG:netmiko:write_channel: b'\n'
DEBUG:netmiko:read_channel: 
<core>
DEBUG:netmiko:read_channel: 
DEBUG:netmiko:[find_prompt()]: prompt is <core>
DEBUG:netmiko:In disable_paging
DEBUG:netmiko:Command: 
screen-length disable

DEBUG:netmiko:write_channel: b'\nscreen-length disable\n'
DEBUG:netmiko:Pattern is: core
DEBUG:netmiko:_read_channel_expect read_data: 
<core>screen-length disable
DEBUG:netmiko:Pattern found: core 
<core>screen-length disable
DEBUG:netmiko:
<core>screen-length disable
DEBUG:netmiko:Exiting disable_paging
DEBUG:netmiko:read_channel: 
<core>
DEBUG:netmiko:Clear buffer detects data in the channel
DEBUG:netmiko:read_channel: 
DEBUG:netmiko:read_channel: 
DEBUG:netmiko:write_channel: b'\n'
DEBUG:netmiko:read_channel: 
<core>
DEBUG:netmiko:read_channel: 
DEBUG:netmiko:[find_prompt()]: prompt is <core>
DEBUG:netmiko:read_channel: 
DEBUG:netmiko:write_channel: b'dis acl 2020\n'
DEBUG:netmiko:read_channel: dis acl 2020
Basic IPv4 ACL 2020, 31 rules,
fanqiang_NAT
ACL's step is 5, start ID is 0
 rule 2 permit source 192.168.112.0 0.0.0.255
 rule 7 permit source 172.16.30.0 0.0.0.255
 rule 10 permit source 192.168.138.44 0
 rule 15 permit source 172.16.22.229 0
 rule 20 permit source 172.16.22.190 0
 rule 25 permit source 172.16.23.176 0
 rule 30 permit source 172.16.22.39 0
 rule 35 permit source 172.16.22.213 0
 rule 40 permit source 172.16.23.97 0
 rule 45 permit source 192.168.214.35 0
 rule 50 permit source 172.16.23.239 0
 rule 55 permit source 172.16.23.39 0
 rule 60 permit source 172.16.23.95 0
 rule 65 permit source 172.16.22.222 0
 rule 70 permit source 172.16.23.58 0
 rule 75 permit source 172.16.22.129 0
 rule 80 permit source 172.16.22.180 0
 rule 85 permit source 172.16.40.4 0
 rule 90 permit source 192.168.138.27 0
 rule 95 permit source 192.168.214.116 0
 rule 100 permit source 192.168.214.102 0
 rule 105 permit source 192.168.138.5 0
 rule 110 permit source 172.16.22.231 0
 rule 115 permit source 192.168.214.101 0
 rule 125 permit source 172.16.40.197 0
 rule 130 permit source 172.16.40.198 0
 rule 135 permit source 192.168.216.71 0
 rule 140 permit source 192.168.138.101 0
 rule 145 permit source 192.168.214.115 0
 rule 150 permit source 192.168.216.70 0
 rule 160 permit source 172.16.22.200 0

<core>
DEBUG:netmiko:write_channel: b'exit\n'
DEBUG:paramiko.transport:EOF in transport thread
DEBUG:netmiko:Stripping ANSI escape codes
DEBUG:netmiko:new_output = 
DEBUG:netmiko:repr = ''
DEBUG:netmiko:read_channel: 
DEBUG:netmiko:write_channel: b'\n'
DEBUG:netmiko:Stripping ANSI escape codes
DEBUG:netmiko:new_output = 
<core>
DEBUG:netmiko:repr = '\r\r\n<core>'
DEBUG:netmiko:read_channel: 
<core>
DEBUG:netmiko:Stripping ANSI escape codes
DEBUG:netmiko:new_output = 
DEBUG:netmiko:repr = ''
DEBUG:netmiko:read_channel: 
DEBUG:netmiko:[find_prompt()]: prompt is <core>
DEBUG:netmiko:Stripping ANSI escape codes
DEBUG:netmiko:new_output = 
DEBUG:netmiko:repr = ''
DEBUG:netmiko:read_channel: 
DEBUG:netmiko:write_channel: b'save force\n'
DEBUG:netmiko:Pattern is: save\ force
DEBUG:netmiko:Stripping ANSI escape codes
DEBUG:netmiko:new_output = save force

DEBUG:netmiko:repr = 'save force\r\r\n'
DEBUG:netmiko:_read_channel_expect read_data: save force

DEBUG:netmiko:Pattern found: save\ force save force

DEBUG:netmiko:Stripping ANSI escape codes
DEBUG:netmiko:new_output = Validating file. Please wait...

DEBUG:netmiko:repr = 'Validating file. Please wait...\r\r\n'
DEBUG:netmiko:read_channel: Validating file. Please wait...

DEBUG:netmiko:Stripping ANSI escape codes
DEBUG:netmiko:new_output = 
DEBUG:netmiko:repr = ''
DEBUG:netmiko:read_channel: 
DEBUG:netmiko:Stripping ANSI escape codes
DEBUG:netmiko:new_output = 
DEBUG:netmiko:repr = ''
DEBUG:netmiko:read_channel: 
DEBUG:netmiko:Stripping ANSI escape codes
DEBUG:netmiko:new_output = 
DEBUG:netmiko:repr = ''
DEBUG:netmiko:read_channel: 
DEBUG:netmiko:Stripping ANSI escape codes
DEBUG:netmiko:new_output = 
DEBUG:netmiko:repr = ''
DEBUG:netmiko:read_channel: 
DEBUG:netmiko:Stripping ANSI escape codes
DEBUG:netmiko:new_output = 
DEBUG:netmiko:repr = ''
DEBUG:netmiko:read_channel: 
DEBUG:netmiko:Stripping ANSI escape codes
DEBUG:netmiko:new_output = 
DEBUG:netmiko:repr = ''
DEBUG:netmiko:read_channel: 
DEBUG:netmiko:Stripping ANSI escape codes
DEBUG:netmiko:new_output = 
DEBUG:netmiko:repr = ''
DEBUG:netmiko:read_channel: 
DEBUG:netmiko:Stripping ANSI escape codes
DEBUG:netmiko:new_output = 
DEBUG:netmiko:repr = ''
DEBUG:netmiko:read_channel: 
DEBUG:netmiko:Stripping ANSI escape codes
DEBUG:netmiko:new_output = 
DEBUG:netmiko:repr = ''
DEBUG:netmiko:read_channel: 
DEBUG:netmiko:Stripping ANSI escape codes
DEBUG:netmiko:new_output = 
DEBUG:netmiko:repr = ''
DEBUG:netmiko:read_channel: 
DEBUG:netmiko:Stripping ANSI escape codes
DEBUG:netmiko:new_output = 
DEBUG:netmiko:repr = ''
DEBUG:netmiko:read_channel: 
DEBUG:netmiko:Stripping ANSI escape codes
DEBUG:netmiko:new_output = 
DEBUG:netmiko:repr = ''
DEBUG:netmiko:read_channel: 
DEBUG:netmiko:Stripping ANSI escape codes
DEBUG:netmiko:new_output = 
DEBUG:netmiko:repr = ''
DEBUG:netmiko:read_channel: 
DEBUG:netmiko:Stripping ANSI escape codes
DEBUG:netmiko:new_output = 
DEBUG:netmiko:repr = ''
DEBUG:netmiko:read_channel: 
DEBUG:netmiko:Stripping ANSI escape codes
DEBUG:netmiko:new_output = Saved the current configuration to mainboard device successfully.
Slot 1:

DEBUG:netmiko:repr = 'Saved the current configuration to mainboard device successfully.\r\r\nSlot 1:\r\r\n'
DEBUG:netmiko:read_channel: Saved the current configuration to mainboard device successfully.
Slot 1:

DEBUG:netmiko:Stripping ANSI escape codes
DEBUG:netmiko:new_output = 
DEBUG:netmiko:repr = ''
DEBUG:netmiko:read_channel: 
DEBUG:netmiko:Stripping ANSI escape codes
DEBUG:netmiko:new_output = 
DEBUG:netmiko:repr = ''
DEBUG:netmiko:read_channel: 
DEBUG:netmiko:Stripping ANSI escape codes
DEBUG:netmiko:new_output = 
DEBUG:netmiko:repr = ''
DEBUG:netmiko:read_channel: 
DEBUG:netmiko:Stripping ANSI escape codes
DEBUG:netmiko:new_output = 
DEBUG:netmiko:repr = ''
DEBUG:netmiko:read_channel: 
DEBUG:netmiko:Stripping ANSI escape codes
DEBUG:netmiko:new_output = 
DEBUG:netmiko:repr = ''
DEBUG:netmiko:read_channel: 
DEBUG:netmiko:Stripping ANSI escape codes
DEBUG:netmiko:new_output = 
DEBUG:netmiko:repr = ''
DEBUG:netmiko:read_channel: 
DEBUG:netmiko:Stripping ANSI escape codes
DEBUG:netmiko:new_output = 
DEBUG:netmiko:repr = ''
DEBUG:netmiko:read_channel: 
DEBUG:netmiko:Stripping ANSI escape codes
DEBUG:netmiko:new_output = 
DEBUG:netmiko:repr = ''
DEBUG:netmiko:read_channel: 
DEBUG:netmiko:Stripping ANSI escape codes
DEBUG:netmiko:new_output = 
DEBUG:netmiko:repr = ''
DEBUG:netmiko:read_channel: 
DEBUG:netmiko:Stripping ANSI escape codes
DEBUG:netmiko:new_output = 
DEBUG:netmiko:repr = ''
DEBUG:netmiko:read_channel: 
DEBUG:netmiko:Stripping ANSI escape codes
DEBUG:netmiko:new_output = 
DEBUG:netmiko:repr = ''
DEBUG:netmiko:read_channel: 
DEBUG:netmiko:Stripping ANSI escape codes
DEBUG:netmiko:new_output = 
DEBUG:netmiko:repr = ''
DEBUG:netmiko:read_channel: 
DEBUG:netmiko:Stripping ANSI escape codes
DEBUG:netmiko:new_output = 
DEBUG:netmiko:repr = ''
DEBUG:netmiko:read_channel: 
DEBUG:netmiko:Stripping ANSI escape codes
DEBUG:netmiko:new_output = 
DEBUG:netmiko:repr = ''
DEBUG:netmiko:read_channel: 
DEBUG:netmiko:Stripping ANSI escape codes
DEBUG:netmiko:new_output = 
DEBUG:netmiko:repr = ''
DEBUG:netmiko:read_channel: 
DEBUG:netmiko:Stripping ANSI escape codes
DEBUG:netmiko:new_output = 
DEBUG:netmiko:repr = ''
DEBUG:netmiko:read_channel: 
DEBUG:netmiko:Stripping ANSI escape codes
DEBUG:netmiko:new_output = 
DEBUG:netmiko:repr = ''
DEBUG:netmiko:read_channel: 
DEBUG:netmiko:Stripping ANSI escape codes
DEBUG:netmiko:new_output = 
DEBUG:netmiko:repr = ''
DEBUG:netmiko:read_channel: 
DEBUG:netmiko:Stripping ANSI escape codes
DEBUG:netmiko:new_output = 
DEBUG:netmiko:repr = ''
DEBUG:netmiko:read_channel: 
DEBUG:netmiko:Stripping ANSI escape codes
DEBUG:netmiko:new_output = 
DEBUG:netmiko:repr = ''
DEBUG:netmiko:read_channel: 
DEBUG:netmiko:Stripping ANSI escape codes
DEBUG:netmiko:new_output = 
DEBUG:netmiko:repr = ''
DEBUG:netmiko:read_channel: 
DEBUG:netmiko:Stripping ANSI escape codes
DEBUG:netmiko:new_output = Save next configuration file successfully.
<core>
DEBUG:netmiko:repr = 'Save next configuration file successfully.\r\r\n<core>'
DEBUG:netmiko:read_channel: Save next configuration file successfully.
<core>
DEBUG:netmiko:write_channel: b'exit\n'
DEBUG:paramiko.transport:starting thread (client mode): 0xc450e8e0
DEBUG:paramiko.transport:Local version/idstring: SSH-2.0-paramiko_2.7.2
DEBUG:paramiko.transport:Remote version/idstring: SSH-2.0-Comware-7.1.070
INFO:paramiko.transport:Connected (version 2.0, client Comware-7.1.070)
DEBUG:paramiko.transport:kex algos:['ecdh-sha2-nistp256', 'ecdh-sha2-nistp384', 'diffie-hellman-group-exchange-sha1', 'diffie-hellman-group14-sha1', 'diffie-hellman-group1-sha1'] server key:['ssh-rsa'] client encrypt:['aes128-ctr', 'aes192-ctr', 'aes256-ctr', 'AEAD_AES_128_GCM', 'AEAD_AES_256_GCM', 'aes128-cbc', '3des-cbc', 'aes256-cbc', 'des-cbc'] server encrypt:['aes128-ctr', 'aes192-ctr', 'aes256-ctr', 'AEAD_AES_128_GCM', 'AEAD_AES_256_GCM', 'aes128-cbc', '3des-cbc', 'aes256-cbc', 'des-cbc'] client mac:['hmac-sha2-256', 'hmac-sha2-512', 'hmac-sha1', 'hmac-md5', 'hmac-sha1-96', 'hmac-md5-96'] server mac:['hmac-sha2-256', 'hmac-sha2-512', 'hmac-sha1', 'hmac-md5', 'hmac-sha1-96', 'hmac-md5-96'] client compress:['none', 'zlib', 'zlib@openssh.com'] server compress:['none', 'zlib', 'zlib@openssh.com'] client lang:[''] server lang:[''] kex follows?False
DEBUG:paramiko.transport:Kex agreed: ecdh-sha2-nistp256
DEBUG:paramiko.transport:HostKey agreed: ssh-rsa
DEBUG:paramiko.transport:Cipher agreed: aes128-ctr
DEBUG:paramiko.transport:MAC agreed: hmac-sha2-256
DEBUG:paramiko.transport:Compression agreed: none
DEBUG:paramiko.transport:kex engine KexNistp256 specified hash_algo <built-in function openssl_sha256>
DEBUG:paramiko.transport:Switch to new keys ...
DEBUG:paramiko.transport:Adding ssh-rsa host key for 192.168.136.1: b'91b6fba4d581f09405ec87eabef48312'
DEBUG:paramiko.transport:userauth is OK
INFO:paramiko.transport:Authentication (password) successful!
DEBUG:paramiko.transport:[chan 0] Max packet in: 32768 bytes
DEBUG:paramiko.transport:[chan 0] Max packet out: 32768 bytes
DEBUG:paramiko.transport:Secsh channel 0 opened.
DEBUG:paramiko.transport:[chan 0] Sesch channel 0 request ok
DEBUG:paramiko.transport:[chan 0] Sesch channel 0 request ok
DEBUG:netmiko:Pattern is: ((Change now|Please choose))|([\]>]\s*$)
DEBUG:netmiko:_read_channel_expect read_data: 
 
DEBUG:netmiko:_read_channel_expect read_data: ******************************************************************************
* Copyright (c) 2004-2019 New H3C Technologies Co., Ltd. All rights reserved.*
* Without the owner's prior written consent,                                 *
* no decompiling or reverse-engineering shall be allowed.                    *
******************************************************************************

 
DEBUG:netmiko:_read_channel_expect read_data: <core>
DEBUG:netmiko:Pattern found: ((Change now|Please choose))|([\]>]\s*$) 
 ******************************************************************************
* Copyright (c) 2004-2019 New H3C Technologies Co., Ltd. All rights reserved.*
* Without the owner's prior written consent,                                 *
* no decompiling or reverse-engineering shall be allowed.                    *
******************************************************************************

 <core>
DEBUG:netmiko:write_channel: b'N\n'
DEBUG:netmiko:read_channel: N
      ^
 % Unrecognized command found at '^' position.
<core>
DEBUG:netmiko:Clear buffer detects data in the channel
DEBUG:netmiko:read_channel: 
DEBUG:netmiko:Stripping ANSI escape codes
DEBUG:netmiko:new_output = 
DEBUG:netmiko:repr = ''
DEBUG:netmiko:read_channel: 
DEBUG:netmiko:Stripping ANSI escape codes
DEBUG:netmiko:new_output = 
DEBUG:netmiko:repr = ''
DEBUG:netmiko:read_channel: 
DEBUG:netmiko:write_channel: b'\n'
DEBUG:netmiko:Stripping ANSI escape codes
DEBUG:netmiko:new_output = 
<core>
DEBUG:netmiko:repr = '\r\r\n<core>'
DEBUG:netmiko:read_channel: 
<core>
DEBUG:netmiko:Stripping ANSI escape codes
DEBUG:netmiko:new_output = 
DEBUG:netmiko:repr = ''
DEBUG:netmiko:read_channel: 
DEBUG:netmiko:Stripping ANSI escape codes
DEBUG:netmiko:new_output = 
DEBUG:netmiko:repr = ''
DEBUG:netmiko:read_channel: 
DEBUG:netmiko:Stripping ANSI escape codes
DEBUG:netmiko:new_output = 
DEBUG:netmiko:repr = ''
DEBUG:netmiko:read_channel: 
DEBUG:netmiko:write_channel: b'\n'
DEBUG:netmiko:Stripping ANSI escape codes
DEBUG:netmiko:new_output = 
<core>
DEBUG:netmiko:repr = '\r\r\n<core>'
DEBUG:netmiko:read_channel: 
<core>
DEBUG:netmiko:prompt: core
DEBUG:netmiko:In disable_paging
DEBUG:netmiko:Command: screen-length 0 temporary

DEBUG:netmiko:write_channel: b'screen-length 0 temporary\n'
DEBUG:netmiko:Pattern is: screen\-length\ 0\ temporary
DEBUG:netmiko:Stripping ANSI escape codes
DEBUG:netmiko:new_output = screen-length 0 temporary
                    ^
 % Unrecognized command found at '^' position.
<core>
DEBUG:netmiko:repr = "screen-length 0 temporary\r\r\n                    ^\r\r\n % Unrecognized command found at '^' position.\r\r\n<core>"
DEBUG:netmiko:_read_channel_expect read_data: screen-length 0 temporary
                    ^
 % Unrecognized command found at '^' position.
<core>
DEBUG:netmiko:Pattern found: screen\-length\ 0\ temporary screen-length 0 temporary
                    ^
 % Unrecognized command found at '^' position.
<core>
DEBUG:netmiko:screen-length 0 temporary
                    ^
 % Unrecognized command found at '^' position.
<core>
DEBUG:netmiko:Exiting disable_paging
DEBUG:netmiko:Stripping ANSI escape codes
DEBUG:netmiko:new_output = 
DEBUG:netmiko:repr = ''
DEBUG:netmiko:read_channel: 
DEBUG:netmiko:Stripping ANSI escape codes
DEBUG:netmiko:new_output = 
DEBUG:netmiko:repr = ''
DEBUG:netmiko:read_channel: 
DEBUG:netmiko:write_channel: b'\n'
DEBUG:netmiko:Stripping ANSI escape codes
DEBUG:netmiko:new_output = 
<core>
DEBUG:netmiko:repr = '\r\r\n<core>'
DEBUG:netmiko:read_channel: 
<core>
DEBUG:netmiko:Stripping ANSI escape codes
DEBUG:netmiko:new_output = 
DEBUG:netmiko:repr = ''
DEBUG:netmiko:read_channel: 
DEBUG:netmiko:[find_prompt()]: prompt is <core>
DEBUG:netmiko:Stripping ANSI escape codes
DEBUG:netmiko:new_output = 
DEBUG:netmiko:repr = ''
DEBUG:netmiko:read_channel: 
DEBUG:netmiko:write_channel: b'dis dhcp server ip-in-use | include "192.168.138.31   \\w+"\n'
DEBUG:netmiko:Pattern is: dis\ dhcp\ server\ ip\-in\-use\ \|\ include\ "192\.168\.138\.31\ \ \ \\w\+"
DEBUG:netmiko:Stripping ANSI escape codes
DEBUG:netmiko:new_output = dis dhcp server ip-in-use | include "192.168.138.31   \w+"

DEBUG:netmiko:repr = 'dis dhcp server ip-in-use | include "192.168.138.31   \\w+"\r\r\n'
DEBUG:netmiko:_read_channel_expect read_data: dis dhcp server ip-in-use | include "192.168.138.31   \w+"

DEBUG:netmiko:Pattern found: dis\ dhcp\ server\ ip\-in\-use\ \|\ include\ "192\.168\.138\.31\ \ \ \\w\+" dis dhcp server ip-in-use | include "192.168.138.31   \w+"

DEBUG:netmiko:Stripping ANSI escape codes
DEBUG:netmiko:new_output = 
DEBUG:netmiko:repr = ''
DEBUG:netmiko:read_channel: 
DEBUG:netmiko:Stripping ANSI escape codes
DEBUG:netmiko:new_output = 
DEBUG:netmiko:repr = ''
DEBUG:netmiko:read_channel: 
DEBUG:netmiko:Stripping ANSI escape codes
DEBUG:netmiko:new_output = 
DEBUG:netmiko:repr = ''
DEBUG:netmiko:read_channel: 
DEBUG:netmiko:Stripping ANSI escape codes
DEBUG:netmiko:new_output = 192.168.138.31   b42e-9970-644d        Jan  6 15:45:47 2013  Static(C)          
<core>
DEBUG:netmiko:repr = '192.168.138.31   b42e-9970-644d        Jan  6 15:45:47 2013  Static(C)          \r\r\n<core>'
DEBUG:netmiko:read_channel: 192.168.138.31   b42e-9970-644d        Jan  6 15:45:47 2013  Static(C)          
<core>
DEBUG:netmiko:Stripping ANSI escape codes
DEBUG:netmiko:new_output = 
DEBUG:netmiko:repr = ''
DEBUG:netmiko:read_channel: 
DEBUG:netmiko:write_channel: b'\n'
DEBUG:netmiko:Stripping ANSI escape codes
DEBUG:netmiko:new_output = 
<core>
DEBUG:netmiko:repr = '\r\r\n<core>'
DEBUG:netmiko:read_channel: 
<core>
DEBUG:netmiko:Stripping ANSI escape codes
DEBUG:netmiko:new_output = 
DEBUG:netmiko:repr = ''
DEBUG:netmiko:read_channel: 
DEBUG:netmiko:[find_prompt()]: prompt is <core>
DEBUG:netmiko:Stripping ANSI escape codes
DEBUG:netmiko:new_output = 
DEBUG:netmiko:repr = ''
DEBUG:netmiko:read_channel: 
DEBUG:netmiko:write_channel: b'dis mac-address | include b42e-9970-644d\n'
DEBUG:netmiko:Pattern is: dis\ mac\-address\ \|\ include\ b42e\-9970\-644d
DEBUG:netmiko:Stripping ANSI escape codes
DEBUG:netmiko:new_output = dis mac-address | includ
DEBUG:netmiko:repr = 'dis mac-address | includ'
DEBUG:netmiko:_read_channel_expect read_data: dis mac-address | includ
DEBUG:netmiko:Stripping ANSI escape codes
DEBUG:netmiko:new_output = e b42e-9970-644d

DEBUG:netmiko:repr = 'e b42e-9970-644d\r\r\n'
DEBUG:netmiko:_read_channel_expect read_data: e b42e-9970-644d

DEBUG:netmiko:Pattern found: dis\ mac\-address\ \|\ include\ b42e\-9970\-644d dis mac-address | include b42e-9970-644d

DEBUG:netmiko:Stripping ANSI escape codes
DEBUG:netmiko:new_output = 
DEBUG:netmiko:repr = ''
DEBUG:netmiko:read_channel: 
DEBUG:netmiko:Stripping ANSI escape codes
DEBUG:netmiko:new_output = 
DEBUG:netmiko:repr = ''
DEBUG:netmiko:read_channel: 
DEBUG:netmiko:Stripping ANSI escape codes
DEBUG:netmiko:new_output = 
DEBUG:netmiko:repr = ''
DEBUG:netmiko:read_channel: 
DEBUG:netmiko:Stripping ANSI escape codes
DEBUG:netmiko:new_output = 
DEBUG:netmiko:repr = ''
DEBUG:netmiko:read_channel: 
DEBUG:netmiko:Stripping ANSI escape codes
DEBUG:netmiko:new_output = 
DEBUG:netmiko:repr = ''
DEBUG:netmiko:read_channel: 
DEBUG:netmiko:Stripping ANSI escape codes
DEBUG:netmiko:new_output = b42e-9970-644d   138        Learned          BAGG3                    Y
<core>
DEBUG:netmiko:repr = 'b42e-9970-644d   138        Learned          BAGG3                    Y\r\r\n<core>'
DEBUG:netmiko:read_channel: b42e-9970-644d   138        Learned          BAGG3                    Y
<core>
DEBUG:paramiko.transport:starting thread (client mode): 0xc4542fa0
DEBUG:paramiko.transport:Local version/idstring: SSH-2.0-paramiko_2.7.2
DEBUG:paramiko.transport:Remote version/idstring: SSH-2.0-Comware-7.1.070
INFO:paramiko.transport:Connected (version 2.0, client Comware-7.1.070)
DEBUG:paramiko.transport:kex algos:['ecdh-sha2-nistp256', 'ecdh-sha2-nistp384', 'diffie-hellman-group-exchange-sha1', 'diffie-hellman-group14-sha1', 'diffie-hellman-group1-sha1'] server key:['ssh-rsa'] client encrypt:['aes128-ctr', 'aes192-ctr', 'aes256-ctr', 'AEAD_AES_128_GCM', 'AEAD_AES_256_GCM', 'aes128-cbc', '3des-cbc', 'aes256-cbc', 'des-cbc'] server encrypt:['aes128-ctr', 'aes192-ctr', 'aes256-ctr', 'AEAD_AES_128_GCM', 'AEAD_AES_256_GCM', 'aes128-cbc', '3des-cbc', 'aes256-cbc', 'des-cbc'] client mac:['hmac-sha2-256', 'hmac-sha2-512', 'hmac-sha1', 'hmac-md5', 'hmac-sha1-96', 'hmac-md5-96'] server mac:['hmac-sha2-256', 'hmac-sha2-512', 'hmac-sha1', 'hmac-md5', 'hmac-sha1-96', 'hmac-md5-96'] client compress:['none', 'zlib', 'zlib@openssh.com'] server compress:['none', 'zlib', 'zlib@openssh.com'] client lang:[''] server lang:[''] kex follows?False
DEBUG:paramiko.transport:Kex agreed: ecdh-sha2-nistp256
DEBUG:paramiko.transport:HostKey agreed: ssh-rsa
DEBUG:paramiko.transport:Cipher agreed: aes128-ctr
DEBUG:paramiko.transport:MAC agreed: hmac-sha2-256
DEBUG:paramiko.transport:Compression agreed: none
DEBUG:paramiko.transport:kex engine KexNistp256 specified hash_algo <built-in function openssl_sha256>
DEBUG:paramiko.transport:Switch to new keys ...
DEBUG:paramiko.transport:Adding ssh-rsa host key for 192.168.136.13: b'10926a007c7f7da5cd4c7f9f21a1b4f7'
DEBUG:paramiko.transport:userauth is OK
INFO:paramiko.transport:Authentication (password) successful!
DEBUG:paramiko.transport:[chan 0] Max packet in: 32768 bytes
DEBUG:paramiko.transport:[chan 0] Max packet out: 32768 bytes
DEBUG:paramiko.transport:Secsh channel 0 opened.
DEBUG:paramiko.transport:[chan 0] Sesch channel 0 request ok
DEBUG:paramiko.transport:[chan 0] Sesch channel 0 request ok
DEBUG:netmiko:Pattern is: ((Change now|Please choose))|([\]>]\s*$)
DEBUG:netmiko:_read_channel_expect read_data: 
 
DEBUG:netmiko:_read_channel_expect read_data: ******************************************************************************
* Copyright (c) 2004-2018 New H3C Technologies Co., Ltd. All rights reserved.*
* Without the owner's prior written consent,                                 *
* no decompiling or reverse-engineering shall be allowed.                    *
******************************************************************************

 
DEBUG:netmiko:_read_channel_expect read_data: <SW13>
DEBUG:netmiko:Pattern found: ((Change now|Please choose))|([\]>]\s*$) 
 ******************************************************************************
* Copyright (c) 2004-2018 New H3C Technologies Co., Ltd. All rights reserved.*
* Without the owner's prior written consent,                                 *
* no decompiling or reverse-engineering shall be allowed.                    *
******************************************************************************

 <SW13>
DEBUG:netmiko:write_channel: b'N\n'
DEBUG:netmiko:read_channel: N
      ^
 % Unrecognized command found at '^' position.
<SW13>
DEBUG:netmiko:Clear buffer detects data in the channel
DEBUG:netmiko:read_channel: 
DEBUG:netmiko:Stripping ANSI escape codes
DEBUG:netmiko:new_output = 
DEBUG:netmiko:repr = ''
DEBUG:netmiko:read_channel: 
DEBUG:netmiko:Stripping ANSI escape codes
DEBUG:netmiko:new_output = 
DEBUG:netmiko:repr = ''
DEBUG:netmiko:read_channel: 
DEBUG:netmiko:write_channel: b'\n'
DEBUG:netmiko:Stripping ANSI escape codes
DEBUG:netmiko:new_output = 
<SW13>
DEBUG:netmiko:repr = '\r\r\n<SW13>'
DEBUG:netmiko:read_channel: 
<SW13>
DEBUG:netmiko:Stripping ANSI escape codes
DEBUG:netmiko:new_output = 
DEBUG:netmiko:repr = ''
DEBUG:netmiko:read_channel: 
DEBUG:netmiko:Stripping ANSI escape codes
DEBUG:netmiko:new_output = 
DEBUG:netmiko:repr = ''
DEBUG:netmiko:read_channel: 
DEBUG:netmiko:Stripping ANSI escape codes
DEBUG:netmiko:new_output = 
DEBUG:netmiko:repr = ''
DEBUG:netmiko:read_channel: 
DEBUG:netmiko:write_channel: b'\n'
DEBUG:netmiko:Stripping ANSI escape codes
DEBUG:netmiko:new_output = 
<SW13>
DEBUG:netmiko:repr = '\r\r\n<SW13>'
DEBUG:netmiko:read_channel: 
<SW13>
DEBUG:netmiko:prompt: SW13
DEBUG:netmiko:In disable_paging
DEBUG:netmiko:Command: screen-length 0 temporary

DEBUG:netmiko:write_channel: b'screen-length 0 temporary\n'
DEBUG:netmiko:Pattern is: screen\-length\ 0\ temporary
DEBUG:netmiko:Stripping ANSI escape codes
DEBUG:netmiko:new_output = screen-length 0 temporary

DEBUG:netmiko:repr = 'screen-length 0 temporary\r\r\n'
DEBUG:netmiko:_read_channel_expect read_data: screen-length 0 temporary

DEBUG:netmiko:Pattern found: screen\-length\ 0\ temporary screen-length 0 temporary

DEBUG:netmiko:screen-length 0 temporary

DEBUG:netmiko:Exiting disable_paging
DEBUG:netmiko:Stripping ANSI escape codes
DEBUG:netmiko:new_output =                     ^
 % Unrecognized command found at '^' position.
<SW13>
DEBUG:netmiko:repr = "                    ^\r\r\n % Unrecognized command found at '^' position.\r\r\n<SW13>"
DEBUG:netmiko:read_channel:                     ^
 % Unrecognized command found at '^' position.
<SW13>
DEBUG:netmiko:Clear buffer detects data in the channel
DEBUG:netmiko:Stripping ANSI escape codes
DEBUG:netmiko:new_output = 
DEBUG:netmiko:repr = ''
DEBUG:netmiko:read_channel: 
DEBUG:netmiko:Stripping ANSI escape codes
DEBUG:netmiko:new_output = 
DEBUG:netmiko:repr = ''
DEBUG:netmiko:read_channel: 
DEBUG:netmiko:write_channel: b'\n'
DEBUG:netmiko:Stripping ANSI escape codes
DEBUG:netmiko:new_output = 
<SW13>
DEBUG:netmiko:repr = '\r\r\n<SW13>'
DEBUG:netmiko:read_channel: 
<SW13>
DEBUG:netmiko:Stripping ANSI escape codes
DEBUG:netmiko:new_output = 
DEBUG:netmiko:repr = ''
DEBUG:netmiko:read_channel: 
DEBUG:netmiko:[find_prompt()]: prompt is <SW13>
DEBUG:netmiko:Stripping ANSI escape codes
DEBUG:netmiko:new_output = 
DEBUG:netmiko:repr = ''
DEBUG:netmiko:read_channel: 
DEBUG:netmiko:write_channel: b'dis mac-address | include b42e-9970-644d\n'
DEBUG:netmiko:Pattern is: dis\ mac\-address\ \|\ include\ b42e\-9970\-644d
DEBUG:netmiko:Stripping ANSI escape codes
DEBUG:netmiko:new_output = di
DEBUG:netmiko:repr = 'di'
DEBUG:netmiko:_read_channel_expect read_data: di
DEBUG:netmiko:Stripping ANSI escape codes
DEBUG:netmiko:new_output = s mac-address | include b42e-9970-644d

DEBUG:netmiko:repr = 's mac-address | include b42e-9970-644d\r\r\n'
DEBUG:netmiko:_read_channel_expect read_data: s mac-address | include b42e-9970-644d

DEBUG:netmiko:Pattern found: dis\ mac\-address\ \|\ include\ b42e\-9970\-644d dis mac-address | include b42e-9970-644d

DEBUG:netmiko:Stripping ANSI escape codes
DEBUG:netmiko:new_output = 
DEBUG:netmiko:repr = ''
DEBUG:netmiko:read_channel: 
DEBUG:netmiko:Stripping ANSI escape codes
DEBUG:netmiko:new_output = 
DEBUG:netmiko:repr = ''
DEBUG:netmiko:read_channel: 
DEBUG:netmiko:Stripping ANSI escape codes
DEBUG:netmiko:new_output = 
DEBUG:netmiko:repr = ''
DEBUG:netmiko:read_channel: 
DEBUG:netmiko:Stripping ANSI escape codes
DEBUG:netmiko:new_output = 
DEBUG:netmiko:repr = ''
DEBUG:netmiko:read_channel: 
DEBUG:netmiko:Stripping ANSI escape codes
DEBUG:netmiko:new_output = b42e-9970-644d   138        Learned          GE1/0/27                 Y
<SW13>
DEBUG:netmiko:repr = 'b42e-9970-644d   138        Learned          GE1/0/27                 Y\r\r\n<SW13>'
DEBUG:netmiko:read_channel: b42e-9970-644d   138        Learned          GE1/0/27                 Y
<SW13>
DEBUG:netmiko:Stripping ANSI escape codes
DEBUG:netmiko:new_output = 
DEBUG:netmiko:repr = ''
DEBUG:netmiko:read_channel: 
DEBUG:netmiko:write_channel: b'\n'
DEBUG:netmiko:Stripping ANSI escape codes
DEBUG:netmiko:new_output = 
<SW13>
DEBUG:netmiko:repr = '\r\r\n<SW13>'
DEBUG:netmiko:read_channel: 
<SW13>
DEBUG:netmiko:Stripping ANSI escape codes
DEBUG:netmiko:new_output = 
DEBUG:netmiko:repr = ''
DEBUG:netmiko:read_channel: 
DEBUG:netmiko:[find_prompt()]: prompt is <SW13>
DEBUG:netmiko:Stripping ANSI escape codes
DEBUG:netmiko:new_output = 
DEBUG:netmiko:repr = ''
DEBUG:netmiko:read_channel: 
DEBUG:netmiko:write_channel: b'dis interface GE1/0/27 brief\n'
DEBUG:netmiko:Pattern is: dis\ interface\ GE1/0/27\ brief
DEBUG:netmiko:Stripping ANSI escape codes
DEBUG:netmiko:new_output = dis interface GE1/0/27 brief

DEBUG:netmiko:repr = 'dis interface GE1/0/27 brief\r\r\n'
DEBUG:netmiko:_read_channel_expect read_data: dis interface GE1/0/27 brief

DEBUG:netmiko:Pattern found: dis\ interface\ GE1/0/27\ brief dis interface GE1/0/27 brief

DEBUG:netmiko:Stripping ANSI escape codes
DEBUG:netmiko:new_output = Brief information on interfaces in bridge mode:
Link: ADM - administratively down; Stby - standby
Speed: (a) - auto
Duplex: (a)/A - auto; H - half; F - full
Type: A - access; T - trunk; H - hybrid
Interface            Link Speed   Duplex Type PVID Description                
GE1/0/27             UP   1G(a)   F(a)   A    138  to-171
<SW13>
DEBUG:netmiko:repr = 'Brief information on interfaces in bridge mode:\r\r\r\nLink: ADM - administratively down; Stby - standby\r\r\r\nSpeed: (a) - auto\r\r\r\nDuplex: (a)/A - auto; H - half; F - full\r\r\r\nType: A - access; T - trunk; H - hybrid\r\r\r\nInterface            Link Speed   Duplex Type PVID Description                \r\r\nGE1/0/27             UP   1G(a)   F(a)   A    138  to-171\r\r\n<SW13>'
DEBUG:netmiko:read_channel: Brief information on interfaces in bridge mode:
Link: ADM - administratively down; Stby - standby
Speed: (a) - auto
Duplex: (a)/A - auto; H - half; F - full
Type: A - access; T - trunk; H - hybrid
Interface            Link Speed   Duplex Type PVID Description                
GE1/0/27             UP   1G(a)   F(a)   A    138  to-171
<SW13>
DEBUG:netmiko:write_channel: b'exit\n'
DEBUG:paramiko.transport:EOF in transport thread
DEBUG:netmiko:Stripping ANSI escape codes
DEBUG:netmiko:new_output = 
DEBUG:netmiko:repr = ''
DEBUG:netmiko:read_channel: 
DEBUG:netmiko:write_channel: b'\n'
DEBUG:netmiko:Stripping ANSI escape codes
DEBUG:netmiko:new_output = 
<core>
DEBUG:netmiko:repr = '\r\r\n<core>'
DEBUG:netmiko:read_channel: 
<core>
DEBUG:netmiko:Stripping ANSI escape codes
DEBUG:netmiko:new_output = 
DEBUG:netmiko:repr = ''
DEBUG:netmiko:read_channel: 
DEBUG:netmiko:[find_prompt()]: prompt is <core>
DEBUG:netmiko:Stripping ANSI escape codes
DEBUG:netmiko:new_output = 
DEBUG:netmiko:repr = ''
DEBUG:netmiko:read_channel: 
DEBUG:netmiko:write_channel: b'dis dhcp server ip-in-use | include "192.168.138.30   \\w+"\n'
DEBUG:netmiko:Pattern is: dis\ dhcp\ server\ ip\-in\-use\ \|\ include\ "192\.168\.138\.30\ \ \ \\w\+"
DEBUG:netmiko:Stripping ANSI escape codes
DEBUG:netmiko:new_output = dis dhcp server ip-in-
DEBUG:netmiko:repr = 'dis dhcp server ip-in-'
DEBUG:netmiko:_read_channel_expect read_data: dis dhcp server ip-in-
DEBUG:netmiko:Stripping ANSI escape codes
DEBUG:netmiko:new_output = use | include "192.168.138.30   \w+"

DEBUG:netmiko:repr = 'use | include "192.168.138.30   \\w+"\r\r\n'
DEBUG:netmiko:_read_channel_expect read_data: use | include "192.168.138.30   \w+"

DEBUG:netmiko:Pattern found: dis\ dhcp\ server\ ip\-in\-use\ \|\ include\ "192\.168\.138\.30\ \ \ \\w\+" dis dhcp server ip-in-use | include "192.168.138.30   \w+"

DEBUG:netmiko:Stripping ANSI escape codes
DEBUG:netmiko:new_output = 
DEBUG:netmiko:repr = ''
DEBUG:netmiko:read_channel: 
DEBUG:netmiko:Stripping ANSI escape codes
DEBUG:netmiko:new_output = 
DEBUG:netmiko:repr = ''
DEBUG:netmiko:read_channel: 
DEBUG:netmiko:Stripping ANSI escape codes
DEBUG:netmiko:new_output = 
DEBUG:netmiko:repr = ''
DEBUG:netmiko:read_channel: 
DEBUG:netmiko:Stripping ANSI escape codes
DEBUG:netmiko:new_output = 
DEBUG:netmiko:repr = ''
DEBUG:netmiko:read_channel: 
DEBUG:netmiko:Stripping ANSI escape codes
DEBUG:netmiko:new_output = 192.168.138.30   01b4-2e99-7045-ce     Jan  6 16:02:22 2013  Auto(C)            
<core>
DEBUG:netmiko:repr = '192.168.138.30   01b4-2e99-7045-ce     Jan  6 16:02:22 2013  Auto(C)            \r\r\n<core>'
DEBUG:netmiko:read_channel: 192.168.138.30   01b4-2e99-7045-ce     Jan  6 16:02:22 2013  Auto(C)            
<core>
DEBUG:netmiko:Stripping ANSI escape codes
DEBUG:netmiko:new_output = 
DEBUG:netmiko:repr = ''
DEBUG:netmiko:read_channel: 
DEBUG:netmiko:write_channel: b'\n'
DEBUG:netmiko:Stripping ANSI escape codes
DEBUG:netmiko:new_output = 
<core>
DEBUG:netmiko:repr = '\r\r\n<core>'
DEBUG:netmiko:read_channel: 
<core>
DEBUG:netmiko:Stripping ANSI escape codes
DEBUG:netmiko:new_output = 
DEBUG:netmiko:repr = ''
DEBUG:netmiko:read_channel: 
DEBUG:netmiko:[find_prompt()]: prompt is <core>
DEBUG:netmiko:Stripping ANSI escape codes
DEBUG:netmiko:new_output = 
DEBUG:netmiko:repr = ''
DEBUG:netmiko:read_channel: 
DEBUG:netmiko:write_channel: b'dis mac-address | include b42e-9970-45ce\n'
DEBUG:netmiko:Pattern is: dis\ mac\-address\ \|\ include\ b42e\-9970\-45ce
DEBUG:netmiko:Stripping ANSI escape codes
DEBUG:netmiko:new_output = dis mac-address |
DEBUG:netmiko:repr = 'dis mac-address |'
DEBUG:netmiko:_read_channel_expect read_data: dis mac-address |
DEBUG:netmiko:Stripping ANSI escape codes
DEBUG:netmiko:new_output =  include b42e-9970-45ce

DEBUG:netmiko:repr = ' include b42e-9970-45ce\r\r\n'
DEBUG:netmiko:_read_channel_expect read_data:  include b42e-9970-45ce

DEBUG:netmiko:Pattern found: dis\ mac\-address\ \|\ include\ b42e\-9970\-45ce dis mac-address | include b42e-9970-45ce

DEBUG:netmiko:Stripping ANSI escape codes
DEBUG:netmiko:new_output = 
DEBUG:netmiko:repr = ''
DEBUG:netmiko:read_channel: 
DEBUG:netmiko:Stripping ANSI escape codes
DEBUG:netmiko:new_output = 
DEBUG:netmiko:repr = ''
DEBUG:netmiko:read_channel: 
DEBUG:netmiko:Stripping ANSI escape codes
DEBUG:netmiko:new_output = 
DEBUG:netmiko:repr = ''
DEBUG:netmiko:read_channel: 
DEBUG:netmiko:Stripping ANSI escape codes
DEBUG:netmiko:new_output = b42e-9970-45ce   138        Learned          BAGG5                    Y
<core>
DEBUG:netmiko:repr = 'b42e-9970-45ce   138        Learned          BAGG5                    Y\r\r\n<core>'
DEBUG:netmiko:read_channel: b42e-9970-45ce   138        Learned          BAGG5                    Y
<core>
DEBUG:paramiko.transport:starting thread (client mode): 0xc4542cd0
DEBUG:paramiko.transport:Local version/idstring: SSH-2.0-paramiko_2.7.2
DEBUG:paramiko.transport:Remote version/idstring: SSH-2.0-Comware-7.1.070
INFO:paramiko.transport:Connected (version 2.0, client Comware-7.1.070)
DEBUG:paramiko.transport:kex algos:['ecdh-sha2-nistp256', 'ecdh-sha2-nistp384', 'diffie-hellman-group-exchange-sha1', 'diffie-hellman-group14-sha1', 'diffie-hellman-group1-sha1'] server key:['ssh-rsa'] client encrypt:['aes128-ctr', 'aes192-ctr', 'aes256-ctr', 'AEAD_AES_128_GCM', 'AEAD_AES_256_GCM', 'aes128-cbc', '3des-cbc', 'aes256-cbc', 'des-cbc'] server encrypt:['aes128-ctr', 'aes192-ctr', 'aes256-ctr', 'AEAD_AES_128_GCM', 'AEAD_AES_256_GCM', 'aes128-cbc', '3des-cbc', 'aes256-cbc', 'des-cbc'] client mac:['hmac-sha2-256', 'hmac-sha2-512', 'hmac-sha1', 'hmac-md5', 'hmac-sha1-96', 'hmac-md5-96'] server mac:['hmac-sha2-256', 'hmac-sha2-512', 'hmac-sha1', 'hmac-md5', 'hmac-sha1-96', 'hmac-md5-96'] client compress:['none', 'zlib', 'zlib@openssh.com'] server compress:['none', 'zlib', 'zlib@openssh.com'] client lang:[''] server lang:[''] kex follows?False
DEBUG:paramiko.transport:Kex agreed: ecdh-sha2-nistp256
DEBUG:paramiko.transport:HostKey agreed: ssh-rsa
DEBUG:paramiko.transport:Cipher agreed: aes128-ctr
DEBUG:paramiko.transport:MAC agreed: hmac-sha2-256
DEBUG:paramiko.transport:Compression agreed: none
DEBUG:paramiko.transport:kex engine KexNistp256 specified hash_algo <built-in function openssl_sha256>
DEBUG:paramiko.transport:Switch to new keys ...
DEBUG:paramiko.transport:Adding ssh-rsa host key for 192.168.136.15: b'a69ccee95d2c99c554fed901075888ad'
DEBUG:paramiko.transport:userauth is OK
INFO:paramiko.transport:Authentication (password) successful!
DEBUG:paramiko.transport:[chan 0] Max packet in: 32768 bytes
DEBUG:paramiko.transport:[chan 0] Max packet out: 32768 bytes
DEBUG:paramiko.transport:Secsh channel 0 opened.
DEBUG:paramiko.transport:[chan 0] Sesch channel 0 request ok
DEBUG:paramiko.transport:[chan 0] Sesch channel 0 request ok
DEBUG:netmiko:Pattern is: ((Change now|Please choose))|([\]>]\s*$)
DEBUG:netmiko:_read_channel_expect read_data: 
 
DEBUG:netmiko:_read_channel_expect read_data: ******************************************************************************
* Copyright (c) 2004-2018 New H3C Technologies Co., Ltd. All rights reserved.*
* Without the owner's prior written consent,                                 *
* no decompiling or reverse-engineering shall be allowed.                    *
******************************************************************************

 
DEBUG:netmiko:_read_channel_expect read_data: <SW15>
DEBUG:netmiko:Pattern found: ((Change now|Please choose))|([\]>]\s*$) 
 ******************************************************************************
* Copyright (c) 2004-2018 New H3C Technologies Co., Ltd. All rights reserved.*
* Without the owner's prior written consent,                                 *
* no decompiling or reverse-engineering shall be allowed.                    *
******************************************************************************

 <SW15>
DEBUG:netmiko:write_channel: b'N\n'
DEBUG:netmiko:read_channel: N
      ^
 % Unrecognized command found at '^' position.
<SW15>
DEBUG:netmiko:Clear buffer detects data in the channel
DEBUG:netmiko:read_channel: 
DEBUG:netmiko:Stripping ANSI escape codes
DEBUG:netmiko:new_output = 
DEBUG:netmiko:repr = ''
DEBUG:netmiko:read_channel: 
DEBUG:netmiko:Stripping ANSI escape codes
DEBUG:netmiko:new_output = 
DEBUG:netmiko:repr = ''
DEBUG:netmiko:read_channel: 
DEBUG:netmiko:write_channel: b'\n'
DEBUG:netmiko:Stripping ANSI escape codes
DEBUG:netmiko:new_output = 
<SW15>
DEBUG:netmiko:repr = '\r\r\n<SW15>'
DEBUG:netmiko:read_channel: 
<SW15>
DEBUG:netmiko:Stripping ANSI escape codes
DEBUG:netmiko:new_output = 
DEBUG:netmiko:repr = ''
DEBUG:netmiko:read_channel: 
DEBUG:netmiko:Stripping ANSI escape codes
DEBUG:netmiko:new_output = 
DEBUG:netmiko:repr = ''
DEBUG:netmiko:read_channel: 
DEBUG:netmiko:Stripping ANSI escape codes
DEBUG:netmiko:new_output = 
DEBUG:netmiko:repr = ''
DEBUG:netmiko:read_channel: 
DEBUG:netmiko:write_channel: b'\n'
DEBUG:netmiko:Stripping ANSI escape codes
DEBUG:netmiko:new_output = 
<SW15>
DEBUG:netmiko:repr = '\r\r\n<SW15>'
DEBUG:netmiko:read_channel: 
<SW15>
DEBUG:netmiko:prompt: SW15
DEBUG:netmiko:In disable_paging
DEBUG:netmiko:Command: screen-length 0 temporary

DEBUG:netmiko:write_channel: b'screen-length 0 temporary\n'
DEBUG:netmiko:Pattern is: screen\-length\ 0\ temporary
DEBUG:netmiko:Stripping ANSI escape codes
DEBUG:netmiko:new_output = screen-length 0 temporary

DEBUG:netmiko:repr = 'screen-length 0 temporary\r\r\n'
DEBUG:netmiko:_read_channel_expect read_data: screen-length 0 temporary

DEBUG:netmiko:Pattern found: screen\-length\ 0\ temporary screen-length 0 temporary

DEBUG:netmiko:screen-length 0 temporary

DEBUG:netmiko:Exiting disable_paging
DEBUG:netmiko:Stripping ANSI escape codes
DEBUG:netmiko:new_output =                     ^
 % Unrecognized command found at '^' position.
<SW15>
DEBUG:netmiko:repr = "                    ^\r\r\n % Unrecognized command found at '^' position.\r\r\n<SW15>"
DEBUG:netmiko:read_channel:                     ^
 % Unrecognized command found at '^' position.
<SW15>
DEBUG:netmiko:Clear buffer detects data in the channel
DEBUG:netmiko:Stripping ANSI escape codes
DEBUG:netmiko:new_output = 
DEBUG:netmiko:repr = ''
DEBUG:netmiko:read_channel: 
DEBUG:netmiko:Stripping ANSI escape codes
DEBUG:netmiko:new_output = 
DEBUG:netmiko:repr = ''
DEBUG:netmiko:read_channel: 
DEBUG:netmiko:write_channel: b'\n'
DEBUG:netmiko:Stripping ANSI escape codes
DEBUG:netmiko:new_output = 
<SW15>
DEBUG:netmiko:repr = '\r\r\n<SW15>'
DEBUG:netmiko:read_channel: 
<SW15>
DEBUG:netmiko:Stripping ANSI escape codes
DEBUG:netmiko:new_output = 
DEBUG:netmiko:repr = ''
DEBUG:netmiko:read_channel: 
DEBUG:netmiko:[find_prompt()]: prompt is <SW15>
DEBUG:netmiko:Stripping ANSI escape codes
DEBUG:netmiko:new_output = 
DEBUG:netmiko:repr = ''
DEBUG:netmiko:read_channel: 
DEBUG:netmiko:write_channel: b'dis mac-address | include b42e-9970-45ce\n'
DEBUG:netmiko:Pattern is: dis\ mac\-address\ \|\ include\ b42e\-9970\-45ce
DEBUG:netmiko:Stripping ANSI escape codes
DEBUG:netmiko:new_output = dis mac-address | include b42e-9970-45ce

DEBUG:netmiko:repr = 'dis mac-address | include b42e-9970-45ce\r\r\n'
DEBUG:netmiko:_read_channel_expect read_data: dis mac-address | include b42e-9970-45ce

DEBUG:netmiko:Pattern found: dis\ mac\-address\ \|\ include\ b42e\-9970\-45ce dis mac-address | include b42e-9970-45ce

DEBUG:netmiko:Stripping ANSI escape codes
DEBUG:netmiko:new_output = 
DEBUG:netmiko:repr = ''
DEBUG:netmiko:read_channel: 
DEBUG:netmiko:Stripping ANSI escape codes
DEBUG:netmiko:new_output = 
DEBUG:netmiko:repr = ''
DEBUG:netmiko:read_channel: 
DEBUG:netmiko:Stripping ANSI escape codes
DEBUG:netmiko:new_output = b42e-9970-45ce   138        Learned          GE1/0/23                 Y
<SW15>
DEBUG:netmiko:repr = 'b42e-9970-45ce   138        Learned          GE1/0/23                 Y\r\r\n<SW15>'
DEBUG:netmiko:read_channel: b42e-9970-45ce   138        Learned          GE1/0/23                 Y
<SW15>
DEBUG:netmiko:Stripping ANSI escape codes
DEBUG:netmiko:new_output = 
DEBUG:netmiko:repr = ''
DEBUG:netmiko:read_channel: 
DEBUG:netmiko:write_channel: b'\n'
DEBUG:netmiko:Stripping ANSI escape codes
DEBUG:netmiko:new_output = 
<SW15>
DEBUG:netmiko:repr = '\r\r\n<SW15>'
DEBUG:netmiko:read_channel: 
<SW15>
DEBUG:netmiko:Stripping ANSI escape codes
DEBUG:netmiko:new_output = 
DEBUG:netmiko:repr = ''
DEBUG:netmiko:read_channel: 
DEBUG:netmiko:[find_prompt()]: prompt is <SW15>
DEBUG:netmiko:Stripping ANSI escape codes
DEBUG:netmiko:new_output = 
DEBUG:netmiko:repr = ''
DEBUG:netmiko:read_channel: 
DEBUG:netmiko:write_channel: b'dis interface GE1/0/23 brief\n'
DEBUG:netmiko:Pattern is: dis\ interface\ GE1/0/23\ brief
DEBUG:netmiko:Stripping ANSI escape codes
DEBUG:netmiko:new_output = dis
DEBUG:netmiko:repr = 'dis'
DEBUG:netmiko:_read_channel_expect read_data: dis
DEBUG:netmiko:Stripping ANSI escape codes
DEBUG:netmiko:new_output =  interface GE1/0/23 brief
Brief information on interfaces in bridge mode:
Link: ADM - administratively down; Stby - standby
Speed: (a) - auto
Duplex: (a)/A - auto; H - half; F - full
Type: A - access; T - trunk; H - hybrid
Interface            Link Speed   Duplex Type PVID Description                
GE1/0/23             UP   1G(a)   F(a)   A    138  to-69
<SW15>
DEBUG:netmiko:repr = ' interface GE1/0/23 brief\r\r\nBrief information on interfaces in bridge mode:\r\r\nLink: ADM - administratively down; Stby - standby\r\r\nSpeed: (a) - auto\r\r\nDuplex: (a)/A - auto; H - half; F - full\r\r\nType: A - access; T - trunk; H - hybrid\r\r\nInterface            Link Speed   Duplex Type PVID Description                \r\r\nGE1/0/23             UP   1G(a)   F(a)   A    138  to-69\r\r\n<SW15>'
DEBUG:netmiko:_read_channel_expect read_data:  interface GE1/0/23 brief
Brief information on interfaces in bridge mode:
Link: ADM - administratively down; Stby - standby
Speed: (a) - auto
Duplex: (a)/A - auto; H - half; F - full
Type: A - access; T - trunk; H - hybrid
Interface            Link Speed   Duplex Type PVID Description                
GE1/0/23             UP   1G(a)   F(a)   A    138  to-69
<SW15>
DEBUG:netmiko:Pattern found: dis\ interface\ GE1/0/23\ brief dis interface GE1/0/23 brief
Brief information on interfaces in bridge mode:
Link: ADM - administratively down; Stby - standby
Speed: (a) - auto
Duplex: (a)/A - auto; H - half; F - full
Type: A - access; T - trunk; H - hybrid
Interface            Link Speed   Duplex Type PVID Description                
GE1/0/23             UP   1G(a)   F(a)   A    138  to-69
<SW15>
DEBUG:netmiko:write_channel: b'exit\n'
DEBUG:paramiko.transport:EOF in transport thread
DEBUG:netmiko:Stripping ANSI escape codes
DEBUG:netmiko:new_output = 
DEBUG:netmiko:repr = ''
DEBUG:netmiko:read_channel: 
DEBUG:netmiko:write_channel: b'\n'
DEBUG:netmiko:Stripping ANSI escape codes
DEBUG:netmiko:new_output = 
<core>
DEBUG:netmiko:repr = '\r\r\n<core>'
DEBUG:netmiko:read_channel: 
<core>
DEBUG:netmiko:Stripping ANSI escape codes
DEBUG:netmiko:new_output = 
DEBUG:netmiko:repr = ''
DEBUG:netmiko:read_channel: 
DEBUG:netmiko:[find_prompt()]: prompt is <core>
DEBUG:netmiko:Stripping ANSI escape codes
DEBUG:netmiko:new_output = 
DEBUG:netmiko:repr = ''
DEBUG:netmiko:read_channel: 
DEBUG:netmiko:write_channel: b'dis dhcp server ip-in-use | include "192.168.138.32   \\w+"\n'
DEBUG:netmiko:Pattern is: dis\ dhcp\ server\ ip\-in\-use\ \|\ include\ "192\.168\.138\.32\ \ \ \\w\+"
DEBUG:netmiko:Stripping ANSI escape codes
DEBUG:netmiko:new_output = dis dhcp server ip-in-use | include "192.168.138.32   \w+"
DEBUG:netmiko:repr = 'dis dhcp server ip-in-use | include "192.168.138.32   \\w+"'
DEBUG:netmiko:_read_channel_expect read_data: dis dhcp server ip-in-use | include "192.168.138.32   \w+"
DEBUG:netmiko:Pattern found: dis\ dhcp\ server\ ip\-in\-use\ \|\ include\ "192\.168\.138\.32\ \ \ \\w\+" dis dhcp server ip-in-use | include "192.168.138.32   \w+"
DEBUG:netmiko:Stripping ANSI escape codes
DEBUG:netmiko:new_output = 

DEBUG:netmiko:repr = '\r\r\n'
DEBUG:netmiko:read_channel: 

DEBUG:netmiko:Stripping ANSI escape codes
DEBUG:netmiko:new_output = 
DEBUG:netmiko:repr = ''
DEBUG:netmiko:read_channel: 
DEBUG:netmiko:Stripping ANSI escape codes
DEBUG:netmiko:new_output = 
DEBUG:netmiko:repr = ''
DEBUG:netmiko:read_channel: 
DEBUG:netmiko:Stripping ANSI escape codes
DEBUG:netmiko:new_output = <core>
DEBUG:netmiko:repr = '<core>'
DEBUG:netmiko:read_channel: <core>
DEBUG:netmiko:write_channel: b'exit\n'
DEBUG:paramiko.transport:starting thread (client mode): 0x8711c970
DEBUG:paramiko.transport:Local version/idstring: SSH-2.0-paramiko_2.7.2
DEBUG:paramiko.transport:Remote version/idstring: SSH-2.0-Comware-7.1.070
INFO:paramiko.transport:Connected (version 2.0, client Comware-7.1.070)
DEBUG:paramiko.transport:kex algos:['ecdh-sha2-nistp256', 'ecdh-sha2-nistp384', 'diffie-hellman-group-exchange-sha1', 'diffie-hellman-group14-sha1', 'diffie-hellman-group1-sha1'] server key:['ssh-rsa'] client encrypt:['aes128-ctr', 'aes192-ctr', 'aes256-ctr', 'AEAD_AES_128_GCM', 'AEAD_AES_256_GCM', 'aes128-cbc', '3des-cbc', 'aes256-cbc', 'des-cbc'] server encrypt:['aes128-ctr', 'aes192-ctr', 'aes256-ctr', 'AEAD_AES_128_GCM', 'AEAD_AES_256_GCM', 'aes128-cbc', '3des-cbc', 'aes256-cbc', 'des-cbc'] client mac:['hmac-sha2-256', 'hmac-sha2-512', 'hmac-sha1', 'hmac-md5', 'hmac-sha1-96', 'hmac-md5-96'] server mac:['hmac-sha2-256', 'hmac-sha2-512', 'hmac-sha1', 'hmac-md5', 'hmac-sha1-96', 'hmac-md5-96'] client compress:['none', 'zlib', 'zlib@openssh.com'] server compress:['none', 'zlib', 'zlib@openssh.com'] client lang:[''] server lang:[''] kex follows?False
DEBUG:paramiko.transport:Kex agreed: ecdh-sha2-nistp256
DEBUG:paramiko.transport:HostKey agreed: ssh-rsa
DEBUG:paramiko.transport:Cipher agreed: aes128-ctr
DEBUG:paramiko.transport:MAC agreed: hmac-sha2-256
DEBUG:paramiko.transport:Compression agreed: none
DEBUG:paramiko.transport:kex engine KexNistp256 specified hash_algo <built-in function openssl_sha256>
DEBUG:paramiko.transport:Switch to new keys ...
DEBUG:paramiko.transport:Adding ssh-rsa host key for 192.168.136.1: b'91b6fba4d581f09405ec87eabef48312'
DEBUG:paramiko.transport:userauth is OK
INFO:paramiko.transport:Authentication (password) successful!
DEBUG:paramiko.transport:[chan 0] Max packet in: 32768 bytes
DEBUG:paramiko.transport:[chan 0] Max packet out: 32768 bytes
DEBUG:paramiko.transport:Secsh channel 0 opened.
DEBUG:paramiko.transport:[chan 0] Sesch channel 0 request ok
DEBUG:paramiko.transport:[chan 0] Sesch channel 0 request ok
DEBUG:netmiko:Pattern is: ((Change now|Please choose))|([\]>]\s*$)
DEBUG:netmiko:_read_channel_expect read_data: 
 
DEBUG:netmiko:_read_channel_expect read_data: ******************************************************************************
* Copyright (c) 2004-2019 New H3C Technologies Co., Ltd. All rights reserved.*
* Without the owner's prior written consent,                                 *
* no decompiling or reverse-engineering shall be allowed.                    *
******************************************************************************

 
DEBUG:netmiko:_read_channel_expect read_data: <core>
DEBUG:netmiko:Pattern found: ((Change now|Please choose))|([\]>]\s*$) 
 ******************************************************************************
* Copyright (c) 2004-2019 New H3C Technologies Co., Ltd. All rights reserved.*
* Without the owner's prior written consent,                                 *
* no decompiling or reverse-engineering shall be allowed.                    *
******************************************************************************

 <core>
DEBUG:netmiko:write_channel: b'N\n'
DEBUG:netmiko:read_channel: N
      ^
 % Unrecognized command found at '^' position.
<core>
DEBUG:netmiko:Clear buffer detects data in the channel
DEBUG:netmiko:read_channel: 
DEBUG:netmiko:Stripping ANSI escape codes
DEBUG:netmiko:new_output = 
DEBUG:netmiko:repr = ''
DEBUG:netmiko:read_channel: 
DEBUG:netmiko:Stripping ANSI escape codes
DEBUG:netmiko:new_output = 
DEBUG:netmiko:repr = ''
DEBUG:netmiko:read_channel: 
DEBUG:netmiko:write_channel: b'\n'
DEBUG:netmiko:Stripping ANSI escape codes
DEBUG:netmiko:new_output = 
<core>
DEBUG:netmiko:repr = '\r\r\n<core>'
DEBUG:netmiko:read_channel: 
<core>
DEBUG:netmiko:Stripping ANSI escape codes
DEBUG:netmiko:new_output = 
DEBUG:netmiko:repr = ''
DEBUG:netmiko:read_channel: 
DEBUG:netmiko:Stripping ANSI escape codes
DEBUG:netmiko:new_output = 
DEBUG:netmiko:repr = ''
DEBUG:netmiko:read_channel: 
DEBUG:netmiko:Stripping ANSI escape codes
DEBUG:netmiko:new_output = 
DEBUG:netmiko:repr = ''
DEBUG:netmiko:read_channel: 
DEBUG:netmiko:write_channel: b'\n'
DEBUG:netmiko:Stripping ANSI escape codes
DEBUG:netmiko:new_output = 
<core>
DEBUG:netmiko:repr = '\r\r\n<core>'
DEBUG:netmiko:read_channel: 
<core>
DEBUG:netmiko:prompt: core
DEBUG:netmiko:In disable_paging
DEBUG:netmiko:Command: screen-length 0 temporary

DEBUG:netmiko:write_channel: b'screen-length 0 temporary\n'
DEBUG:netmiko:Pattern is: screen\-length\ 0\ temporary
DEBUG:netmiko:Stripping ANSI escape codes
DEBUG:netmiko:new_output = screen-length 0 temporary

DEBUG:netmiko:repr = 'screen-length 0 temporary\r\r\n'
DEBUG:netmiko:_read_channel_expect read_data: screen-length 0 temporary

DEBUG:netmiko:Pattern found: screen\-length\ 0\ temporary screen-length 0 temporary

DEBUG:netmiko:screen-length 0 temporary

DEBUG:netmiko:Exiting disable_paging
DEBUG:netmiko:Stripping ANSI escape codes
DEBUG:netmiko:new_output =                     ^
 % Unrecognized command found at '^' position.
<core>
DEBUG:netmiko:repr = "                    ^\r\r\n % Unrecognized command found at '^' position.\r\r\n<core>"
DEBUG:netmiko:read_channel:                     ^
 % Unrecognized command found at '^' position.
<core>
DEBUG:netmiko:Clear buffer detects data in the channel
DEBUG:netmiko:Stripping ANSI escape codes
DEBUG:netmiko:new_output = 
DEBUG:netmiko:repr = ''
DEBUG:netmiko:read_channel: 
DEBUG:netmiko:Stripping ANSI escape codes
DEBUG:netmiko:new_output = 
DEBUG:netmiko:repr = ''
DEBUG:netmiko:read_channel: 
DEBUG:netmiko:write_channel: b'\n'
DEBUG:netmiko:Stripping ANSI escape codes
DEBUG:netmiko:new_output = 
<core>
DEBUG:netmiko:repr = '\r\r\n<core>'
DEBUG:netmiko:read_channel: 
<core>
DEBUG:netmiko:Stripping ANSI escape codes
DEBUG:netmiko:new_output = 
DEBUG:netmiko:repr = ''
DEBUG:netmiko:read_channel: 
DEBUG:netmiko:[find_prompt()]: prompt is <core>
DEBUG:netmiko:Stripping ANSI escape codes
DEBUG:netmiko:new_output = 
DEBUG:netmiko:repr = ''
DEBUG:netmiko:read_channel: 
DEBUG:netmiko:write_channel: b'dis current-configuration | include static-bind.*b42e-9950-9301\n'
DEBUG:netmiko:Pattern is: dis\ current\-configuration\ \|\ include\ static\-bind\.\*b42e\-9950\-9301
DEBUG:netmiko:Stripping ANSI escape codes
DEBUG:netmiko:new_output = dis current-configuration 
DEBUG:netmiko:repr = 'dis current-configuration '
DEBUG:netmiko:_read_channel_expect read_data: dis current-configuration 
DEBUG:netmiko:Stripping ANSI escape codes
DEBUG:netmiko:new_output = | include static-bind.*b42e-9950-9301

DEBUG:netmiko:repr = '| include static-bind.*b42e-9950-9301\r\r\n'
DEBUG:netmiko:_read_channel_expect read_data: | include static-bind.*b42e-9950-9301

DEBUG:netmiko:Pattern found: dis\ current\-configuration\ \|\ include\ static\-bind\.\*b42e\-9950\-9301 dis current-configuration | include static-bind.*b42e-9950-9301

DEBUG:netmiko:Stripping ANSI escape codes
DEBUG:netmiko:new_output = 
DEBUG:netmiko:repr = ''
DEBUG:netmiko:read_channel: 
DEBUG:netmiko:Stripping ANSI escape codes
DEBUG:netmiko:new_output = 
DEBUG:netmiko:repr = ''
DEBUG:netmiko:read_channel: 
DEBUG:netmiko:Stripping ANSI escape codes
DEBUG:netmiko:new_output = 
DEBUG:netmiko:repr = ''
DEBUG:netmiko:read_channel: 
DEBUG:netmiko:Stripping ANSI escape codes
DEBUG:netmiko:new_output = 
DEBUG:netmiko:repr = ''
DEBUG:netmiko:read_channel: 
DEBUG:netmiko:Stripping ANSI escape codes
DEBUG:netmiko:new_output = 
DEBUG:netmiko:repr = ''
DEBUG:netmiko:read_channel: 
DEBUG:netmiko:Stripping ANSI escape codes
DEBUG:netmiko:new_output = 
DEBUG:netmiko:repr = ''
DEBUG:netmiko:read_channel: 
DEBUG:netmiko:Stripping ANSI escape codes
DEBUG:netmiko:new_output = 
DEBUG:netmiko:repr = ''
DEBUG:netmiko:read_channel: 
DEBUG:netmiko:Stripping ANSI escape codes
DEBUG:netmiko:new_output = 
DEBUG:netmiko:repr = ''
DEBUG:netmiko:read_channel: 
DEBUG:netmiko:Stripping ANSI escape codes
DEBUG:netmiko:new_output = <core>
DEBUG:netmiko:repr = '<core>'
DEBUG:netmiko:read_channel: <core>
DEBUG:netmiko:Stripping ANSI escape codes
DEBUG:netmiko:new_output = 
DEBUG:netmiko:repr = ''
DEBUG:netmiko:read_channel: 
DEBUG:netmiko:write_channel: b'\n'
DEBUG:netmiko:Stripping ANSI escape codes
DEBUG:netmiko:new_output = 
<core>
DEBUG:netmiko:repr = '\r\r\n<core>'
DEBUG:netmiko:read_channel: 
<core>
DEBUG:netmiko:Stripping ANSI escape codes
DEBUG:netmiko:new_output = 
DEBUG:netmiko:repr = ''
DEBUG:netmiko:read_channel: 
DEBUG:netmiko:[find_prompt()]: prompt is <core>
DEBUG:netmiko:Stripping ANSI escape codes
DEBUG:netmiko:new_output = 
DEBUG:netmiko:repr = ''
DEBUG:netmiko:read_channel: 
DEBUG:netmiko:write_channel: b'dis current-configuration | include "static-bind.*192.168.212.43 mask"\n'
DEBUG:netmiko:Pattern is: dis\ current\-configuration\ \|\ include\ "static\-bind\.\*192\.168\.212\.43\ mask"
DEBUG:netmiko:Stripping ANSI escape codes
DEBUG:netmiko:new_output = dis current-configuration | include "static-bind.*192.168.212.43 mask"

DEBUG:netmiko:repr = 'dis current-configuration | include "static-bind.*192.168.212.43 mask"\r\r\n'
DEBUG:netmiko:_read_channel_expect read_data: dis current-configuration | include "static-bind.*192.168.212.43 mask"

DEBUG:netmiko:Pattern found: dis\ current\-configuration\ \|\ include\ "static\-bind\.\*192\.168\.212\.43\ mask" dis current-configuration | include "static-bind.*192.168.212.43 mask"

DEBUG:netmiko:Stripping ANSI escape codes
DEBUG:netmiko:new_output = 
DEBUG:netmiko:repr = ''
DEBUG:netmiko:read_channel: 
DEBUG:netmiko:Stripping ANSI escape codes
DEBUG:netmiko:new_output = 
DEBUG:netmiko:repr = ''
DEBUG:netmiko:read_channel: 
DEBUG:netmiko:Stripping ANSI escape codes
DEBUG:netmiko:new_output = 
DEBUG:netmiko:repr = ''
DEBUG:netmiko:read_channel: 
DEBUG:netmiko:Stripping ANSI escape codes
DEBUG:netmiko:new_output = 
DEBUG:netmiko:repr = ''
DEBUG:netmiko:read_channel: 
DEBUG:netmiko:Stripping ANSI escape codes
DEBUG:netmiko:new_output = 
DEBUG:netmiko:repr = ''
DEBUG:netmiko:read_channel: 
DEBUG:netmiko:Stripping ANSI escape codes
DEBUG:netmiko:new_output = 
DEBUG:netmiko:repr = ''
DEBUG:netmiko:read_channel: 
DEBUG:netmiko:Stripping ANSI escape codes
DEBUG:netmiko:new_output = 
DEBUG:netmiko:repr = ''
DEBUG:netmiko:read_channel: 
DEBUG:netmiko:Stripping ANSI escape codes
DEBUG:netmiko:new_output = 
DEBUG:netmiko:repr = ''
DEBUG:netmiko:read_channel: 
DEBUG:netmiko:Stripping ANSI escape codes
DEBUG:netmiko:new_output = 
DEBUG:netmiko:repr = ''
DEBUG:netmiko:read_channel: 
DEBUG:netmiko:Stripping ANSI escape codes
DEBUG:netmiko:new_output = 
DEBUG:netmiko:repr = ''
DEBUG:netmiko:read_channel: 
DEBUG:netmiko:Stripping ANSI escape codes
DEBUG:netmiko:new_output = <core>
DEBUG:netmiko:repr = '<core>'
DEBUG:netmiko:read_channel: <core>
DEBUG:netmiko:write_channel: b'\n'
DEBUG:netmiko:Stripping ANSI escape codes
DEBUG:netmiko:new_output = 
<core>
DEBUG:netmiko:repr = '\r\r\n<core>'
DEBUG:netmiko:read_channel: 
<core>
DEBUG:netmiko:Stripping ANSI escape codes
DEBUG:netmiko:new_output = 
DEBUG:netmiko:repr = ''
DEBUG:netmiko:read_channel: 
DEBUG:netmiko:Stripping ANSI escape codes
DEBUG:netmiko:new_output = 
DEBUG:netmiko:repr = ''
DEBUG:netmiko:read_channel: 
DEBUG:netmiko:write_channel: b'system-view\n'
DEBUG:netmiko:Pattern is: system\-view
DEBUG:netmiko:Stripping ANSI escape codes
DEBUG:netmiko:new_output = system-view

DEBUG:netmiko:repr = 'system-view\r\r\n'
DEBUG:netmiko:_read_channel_expect read_data: system-view

DEBUG:netmiko:Pattern found: system\-view system-view

DEBUG:netmiko:Pattern is: core
DEBUG:netmiko:Stripping ANSI escape codes
DEBUG:netmiko:new_output = System View: return to User View with Ctrl+Z.

DEBUG:netmiko:repr = 'System View: return to User View with Ctrl+Z.\r\r\n'
DEBUG:netmiko:_read_channel_expect read_data: System View: return to User View with Ctrl+Z.

DEBUG:netmiko:Stripping ANSI escape codes
DEBUG:netmiko:new_output = [core]
DEBUG:netmiko:repr = '[core]'
DEBUG:netmiko:_read_channel_expect read_data: [core]
DEBUG:netmiko:Pattern found: core System View: return to User View with Ctrl+Z.
[core]
DEBUG:netmiko:write_channel: b'\n'
DEBUG:netmiko:Stripping ANSI escape codes
DEBUG:netmiko:new_output = 
[core]
DEBUG:netmiko:repr = '\r\r\n[core]'
DEBUG:netmiko:read_channel: 
[core]
DEBUG:netmiko:Stripping ANSI escape codes
DEBUG:netmiko:new_output = 
DEBUG:netmiko:repr = ''
DEBUG:netmiko:read_channel: 
DEBUG:netmiko:Stripping ANSI escape codes
DEBUG:netmiko:new_output = 
DEBUG:netmiko:repr = ''
DEBUG:netmiko:read_channel: 
DEBUG:netmiko:write_channel: b'dhcp server ip-pool vlan212\n'
DEBUG:netmiko:Pattern is: dhcp\ server\ ip\-pool\ vlan212
DEBUG:netmiko:Stripping ANSI escape codes
DEBUG:netmiko:new_output = dhcp s
DEBUG:netmiko:repr = 'dhcp s'
DEBUG:netmiko:_read_channel_expect read_data: dhcp s
DEBUG:netmiko:Stripping ANSI escape codes
DEBUG:netmiko:new_output = erver ip-pool vlan212
[core-dhcp-pool-vlan212]
DEBUG:netmiko:repr = 'erver ip-pool vlan212\r\r\n[core-dhcp-pool-vlan212]'
DEBUG:netmiko:_read_channel_expect read_data: erver ip-pool vlan212
[core-dhcp-pool-vlan212]
DEBUG:netmiko:Pattern found: dhcp\ server\ ip\-pool\ vlan212 dhcp server ip-pool vlan212
[core-dhcp-pool-vlan212]
DEBUG:netmiko:write_channel: b'static-bind ip-address 192.168.212.43 24 hardware-address b42e-9950-9301\n'
DEBUG:netmiko:Pattern is: static\-bind\ ip\-address\ 192\.168\.212\.43\ 24\ hardware\-address\ b42e\-9950\-9301
DEBUG:netmiko:Stripping ANSI escape codes
DEBUG:netmiko:new_output = s
DEBUG:netmiko:repr = 's'
DEBUG:netmiko:_read_channel_expect read_data: s
DEBUG:netmiko:Stripping ANSI escape codes
DEBUG:netmiko:new_output = tatic-bind ip-address 192.168.212.43 24 hardware-address b42e-9950-9301
[core-dhcp-pool-vlan212]
DEBUG:netmiko:repr = 'tatic-bind ip-address 192.168.212.43 24 hardware-address b42e-9950-9301\r\r\n[core-dhcp-pool-vlan212]'
DEBUG:netmiko:_read_channel_expect read_data: tatic-bind ip-address 192.168.212.43 24 hardware-address b42e-9950-9301
[core-dhcp-pool-vlan212]
DEBUG:netmiko:Pattern found: static\-bind\ ip\-address\ 192\.168\.212\.43\ 24\ hardware\-address\ b42e\-9950\-9301 static-bind ip-address 192.168.212.43 24 hardware-address b42e-9950-9301
[core-dhcp-pool-vlan212]
DEBUG:netmiko:write_channel: b'\n'
DEBUG:netmiko:Stripping ANSI escape codes
DEBUG:netmiko:new_output = 
[core-dhcp-pool-vlan212]
DEBUG:netmiko:repr = '\r\r\n[core-dhcp-pool-vlan212]'
DEBUG:netmiko:read_channel: 
[core-dhcp-pool-vlan212]
DEBUG:netmiko:Stripping ANSI escape codes
DEBUG:netmiko:new_output = 
DEBUG:netmiko:repr = ''
DEBUG:netmiko:read_channel: 
DEBUG:netmiko:Stripping ANSI escape codes
DEBUG:netmiko:new_output = 
DEBUG:netmiko:repr = ''
DEBUG:netmiko:read_channel: 
DEBUG:netmiko:write_channel: b'return\n'
DEBUG:netmiko:Pattern is: return
DEBUG:netmiko:Stripping ANSI escape codes
DEBUG:netmiko:new_output = return

DEBUG:netmiko:repr = 'return\r\r\n'
DEBUG:netmiko:_read_channel_expect read_data: return

DEBUG:netmiko:Pattern found: return return

DEBUG:netmiko:Pattern is: >
DEBUG:netmiko:Stripping ANSI escape codes
DEBUG:netmiko:new_output = <core>
DEBUG:netmiko:repr = '<core>'
DEBUG:netmiko:_read_channel_expect read_data: <core>
DEBUG:netmiko:Pattern found: > <core>
DEBUG:netmiko:write_channel: b'\n'
DEBUG:netmiko:Stripping ANSI escape codes
DEBUG:netmiko:new_output = 
<core>
DEBUG:netmiko:repr = '\r\r\n<core>'
DEBUG:netmiko:read_channel: 
<core>
DEBUG:netmiko:Stripping ANSI escape codes
DEBUG:netmiko:new_output = 
DEBUG:netmiko:repr = ''
DEBUG:netmiko:read_channel: 
DEBUG:netmiko:Stripping ANSI escape codes
DEBUG:netmiko:new_output = 
DEBUG:netmiko:repr = ''
DEBUG:netmiko:read_channel: 
DEBUG:netmiko:exit_config_mode: return
<core>
DEBUG:netmiko:system-view
System View: return to User View with Ctrl+Z.
[core]dhcp server ip-pool vlan212
[core-dhcp-pool-vlan212]static-bind ip-address 192.168.212.43 24 hardware-address b42e-9950-9301
[core-dhcp-pool-vlan212]return
<core>
DEBUG:paramiko.transport:starting thread (client mode): 0x870ef0a0
DEBUG:paramiko.transport:Local version/idstring: SSH-2.0-paramiko_2.7.2
DEBUG:paramiko.transport:Remote version/idstring: SSH-2.0-Comware-7.1.070
INFO:paramiko.transport:Connected (version 2.0, client Comware-7.1.070)
DEBUG:paramiko.transport:kex algos:['ecdh-sha2-nistp256', 'ecdh-sha2-nistp384', 'diffie-hellman-group-exchange-sha1', 'diffie-hellman-group14-sha1', 'diffie-hellman-group1-sha1'] server key:['ssh-rsa'] client encrypt:['aes128-ctr', 'aes192-ctr', 'aes256-ctr', 'AEAD_AES_128_GCM', 'AEAD_AES_256_GCM', 'aes128-cbc', '3des-cbc', 'aes256-cbc', 'des-cbc'] server encrypt:['aes128-ctr', 'aes192-ctr', 'aes256-ctr', 'AEAD_AES_128_GCM', 'AEAD_AES_256_GCM', 'aes128-cbc', '3des-cbc', 'aes256-cbc', 'des-cbc'] client mac:['hmac-sha2-256', 'hmac-sha2-512', 'hmac-sha1', 'hmac-md5', 'hmac-sha1-96', 'hmac-md5-96'] server mac:['hmac-sha2-256', 'hmac-sha2-512', 'hmac-sha1', 'hmac-md5', 'hmac-sha1-96', 'hmac-md5-96'] client compress:['none', 'zlib', 'zlib@openssh.com'] server compress:['none', 'zlib', 'zlib@openssh.com'] client lang:[''] server lang:[''] kex follows?False
DEBUG:paramiko.transport:Kex agreed: ecdh-sha2-nistp256
DEBUG:paramiko.transport:HostKey agreed: ssh-rsa
DEBUG:paramiko.transport:Cipher agreed: aes128-ctr
DEBUG:paramiko.transport:MAC agreed: hmac-sha2-256
DEBUG:paramiko.transport:Compression agreed: none
DEBUG:paramiko.transport:kex engine KexNistp256 specified hash_algo <built-in function openssl_sha256>
DEBUG:paramiko.transport:Switch to new keys ...
DEBUG:paramiko.transport:Adding ssh-rsa host key for 192.168.136.1: b'91b6fba4d581f09405ec87eabef48312'
DEBUG:paramiko.transport:userauth is OK
INFO:paramiko.transport:Authentication (password) successful!
DEBUG:paramiko.transport:[chan 0] Max packet in: 32768 bytes
DEBUG:paramiko.transport:[chan 0] Max packet out: 32768 bytes
DEBUG:paramiko.transport:Secsh channel 0 opened.
DEBUG:paramiko.transport:[chan 0] Sesch channel 0 request ok
DEBUG:paramiko.transport:[chan 0] Sesch channel 0 request ok
DEBUG:netmiko:write_channel: b'\n'
DEBUG:netmiko:write_channel: b'\n'
DEBUG:netmiko:write_channel: b'\n'
DEBUG:netmiko:write_channel: b'\n'
DEBUG:netmiko:read_channel: 


 ******************************************************************************
* Copyright (c) 2004-2019 New H3C Technologies Co., Ltd. All rights reserved.*
* Without the owner's prior written consent,                                 *
* no decompiling or reverse-engineering shall be allowed.                    *
******************************************************************************

 

<core>
<core>
<core>
<core>
<core>
DEBUG:netmiko:Clear buffer detects data in the channel
DEBUG:netmiko:read_channel: 
DEBUG:netmiko:read_channel: 
DEBUG:netmiko:read_channel: 
DEBUG:netmiko:write_channel: b'\n'
DEBUG:netmiko:read_channel: 
<core>
DEBUG:netmiko:read_channel: 
DEBUG:netmiko:read_channel: 
DEBUG:netmiko:read_channel: 
DEBUG:netmiko:write_channel: b'\n'
DEBUG:netmiko:read_channel: 
<core>
DEBUG:netmiko:read_channel: 
DEBUG:netmiko:[find_prompt()]: prompt is <core>
DEBUG:netmiko:In disable_paging
DEBUG:netmiko:Command: 
screen-length disable

DEBUG:netmiko:write_channel: b'\nscreen-length disable\n'
DEBUG:netmiko:Pattern is: core
DEBUG:netmiko:_read_channel_expect read_data: 
<core>screen-length disable

DEBUG:netmiko:Pattern found: core 
<core>screen-length disable

DEBUG:netmiko:
<core>screen-length disable

DEBUG:netmiko:Exiting disable_paging
DEBUG:netmiko:read_channel: <core>
DEBUG:netmiko:Clear buffer detects data in the channel
DEBUG:netmiko:read_channel: 
DEBUG:netmiko:read_channel: 
DEBUG:netmiko:write_channel: b'\n'
DEBUG:netmiko:read_channel: 
<core>
DEBUG:netmiko:read_channel: 
DEBUG:netmiko:[find_prompt()]: prompt is <core>
DEBUG:netmiko:read_channel: 
DEBUG:netmiko:write_channel: b'dis current-configuration | include "static-bind.*192.168.212.43 mask"\n'
DEBUG:netmiko:read_channel: dis current-configuration | include "static-bind.*192.168.212.43 mask"

DEBUG:netmiko:read_channel: 
DEBUG:netmiko:read_channel: 
DEBUG:netmiko:read_channel: 
DEBUG:netmiko:read_channel: 
DEBUG:netmiko:read_channel: 
DEBUG:netmiko:read_channel: 
DEBUG:netmiko:read_channel: 
DEBUG:netmiko:read_channel: 
DEBUG:netmiko:read_channel: 
DEBUG:netmiko:read_channel:  static-bind ip-address 192.168.212.43 mask 255.255.255.0 hardware-address b42e-9950-9301
<core>
DEBUG:netmiko:write_channel: b'\n'
DEBUG:netmiko:read_channel: 
<core>
DEBUG:netmiko:read_channel: 
DEBUG:netmiko:read_channel: 
DEBUG:netmiko:write_channel: b'system-view\n'
DEBUG:netmiko:Pattern is: core
DEBUG:netmiko:_read_channel_expect read_data: system-view

DEBUG:netmiko:_read_channel_expect read_data: System View: return to User View with Ctrl+Z.
[core]
DEBUG:netmiko:Pattern found: core system-view
System View: return to User View with Ctrl+Z.
[core]
DEBUG:netmiko:write_channel: b'\n'
DEBUG:netmiko:read_channel: 
[core]
DEBUG:netmiko:read_channel: 
DEBUG:netmiko:read_channel: 
DEBUG:netmiko:write_channel: b'acl number 2020\n'
DEBUG:netmiko:Pattern is: acl\ number\ 2020
DEBUG:netmiko:_read_channel_expect read_data: acl number 2020

DEBUG:netmiko:Pattern found: acl\ number\ 2020 acl number 2020

DEBUG:netmiko:Pattern is: (?:core|#)
DEBUG:netmiko:_read_channel_expect read_data: [core-acl-ipv4-basic-2020]
DEBUG:netmiko:Pattern found: (?:core|#) [core-acl-ipv4-basic-2020]
DEBUG:netmiko:write_channel: b'dis this\n'
DEBUG:netmiko:Pattern is: dis\ this
DEBUG:netmiko:_read_channel_expect read_data: d
DEBUG:netmiko:_read_channel_expect read_data: is this

DEBUG:netmiko:Pattern found: dis\ this dis this

DEBUG:netmiko:Pattern is: (?:core|#)
DEBUG:netmiko:_read_channel_expect read_data: #
acl number 2020
 description fanqiang_NAT
 rule 2 permit source 192.168.112.0 0.0.0.255
 rule 7 permit source 172.16.30.0 0.0.0.255
 rule 10 permit source 192.168.138.44 0
 rule 15 permit source 172.16.22.229 0
 rule 20 permit source 172.16.22.190 0
 rule 25 permit source 172.16.23.176 0
 rule 30 permit source 172.16.22.39 0
 rule 35 permit source 172.16.22.213 0
 rule 40 permit source 172.16.23.97 0
 rule 45 permit source 192.168.214.35 0
 rule 50 permit source 172.16.23.239 0
 rule 55 permit source 172.16.23.39 0
 rule 60 permit source 172.16.23.95 0
 rule 65 permit source 172.16.22.222 0
 rule 70 permit source 172.16.23.58 0
 rule 75 permit source 172.16.22.129 0
 rule 80 permit source 172.16.22.180 0
 rule 85 permit source 172.16.40.4 0
 rule 90 permit source 192.168.138.27 0
 rule 95 permit source 192.168.214.116 0
 rule 100 permit source 192.168.214.102 0
 rule 105 permit source 192.168.138.5 0
 rule 110 permit source 172.16.22.231 0
 rule 115 permit source 192.168.214.101 0
 rule 125 permit source 172.16.40.197 0
 rule 130 permit source 172.16.40.198 0
 rule 135 permit source 192.168.216.71 0
 rule 140 permit source 192.168.138.101 0
 rule 145 permit source 192.168.214.115 0
 rule 150 permit source 192.168.216.70 0
 rule 160 permit source 172.16.22.200 0
#
return

DEBUG:netmiko:Pattern found: (?:core|#) #
acl number 2020
 description fanqiang_NAT
 rule 2 permit source 192.168.112.0 0.0.0.255
 rule 7 permit source 172.16.30.0 0.0.0.255
 rule 10 permit source 192.168.138.44 0
 rule 15 permit source 172.16.22.229 0
 rule 20 permit source 172.16.22.190 0
 rule 25 permit source 172.16.23.176 0
 rule 30 permit source 172.16.22.39 0
 rule 35 permit source 172.16.22.213 0
 rule 40 permit source 172.16.23.97 0
 rule 45 permit source 192.168.214.35 0
 rule 50 permit source 172.16.23.239 0
 rule 55 permit source 172.16.23.39 0
 rule 60 permit source 172.16.23.95 0
 rule 65 permit source 172.16.22.222 0
 rule 70 permit source 172.16.23.58 0
 rule 75 permit source 172.16.22.129 0
 rule 80 permit source 172.16.22.180 0
 rule 85 permit source 172.16.40.4 0
 rule 90 permit source 192.168.138.27 0
 rule 95 permit source 192.168.214.116 0
 rule 100 permit source 192.168.214.102 0
 rule 105 permit source 192.168.138.5 0
 rule 110 permit source 172.16.22.231 0
 rule 115 permit source 192.168.214.101 0
 rule 125 permit source 172.16.40.197 0
 rule 130 permit source 172.16.40.198 0
 rule 135 permit source 192.168.216.71 0
 rule 140 permit source 192.168.138.101 0
 rule 145 permit source 192.168.214.115 0
 rule 150 permit source 192.168.216.70 0
 rule 160 permit source 172.16.22.200 0
#
return

DEBUG:netmiko:write_channel: b'\n'
DEBUG:netmiko:read_channel: [core-acl-ipv4-basic-2020]
[core-acl-ipv4-basic-2020]
DEBUG:netmiko:read_channel: 
DEBUG:netmiko:read_channel: 
DEBUG:netmiko:write_channel: b'return\n'
DEBUG:netmiko:Pattern is: >
DEBUG:netmiko:_read_channel_expect read_data: return
DEBUG:netmiko:_read_channel_expect read_data: 
<core>
DEBUG:netmiko:Pattern found: > return
<core>
DEBUG:netmiko:write_channel: b'\n'
DEBUG:netmiko:read_channel: 
<core>
DEBUG:netmiko:read_channel: 
DEBUG:netmiko:read_channel: 
DEBUG:netmiko:exit_config_mode: return
<core>
DEBUG:netmiko:system-view
System View: return to User View with Ctrl+Z.
[core]acl number 2020
[core-acl-ipv4-basic-2020]dis this
#
acl number 2020
 description fanqiang_NAT
 rule 2 permit source 192.168.112.0 0.0.0.255
 rule 7 permit source 172.16.30.0 0.0.0.255
 rule 10 permit source 192.168.138.44 0
 rule 15 permit source 172.16.22.229 0
 rule 20 permit source 172.16.22.190 0
 rule 25 permit source 172.16.23.176 0
 rule 30 permit source 172.16.22.39 0
 rule 35 permit source 172.16.22.213 0
 rule 40 permit source 172.16.23.97 0
 rule 45 permit source 192.168.214.35 0
 rule 50 permit source 172.16.23.239 0
 rule 55 permit source 172.16.23.39 0
 rule 60 permit source 172.16.23.95 0
 rule 65 permit source 172.16.22.222 0
 rule 70 permit source 172.16.23.58 0
 rule 75 permit source 172.16.22.129 0
 rule 80 permit source 172.16.22.180 0
 rule 85 permit source 172.16.40.4 0
 rule 90 permit source 192.168.138.27 0
 rule 95 permit source 192.168.214.116 0
 rule 100 permit source 192.168.214.102 0
 rule 105 permit source 192.168.138.5 0
 rule 110 permit source 172.16.22.231 0
 rule 115 permit source 192.168.214.101 0
 rule 125 permit source 172.16.40.197 0
 rule 130 permit source 172.16.40.198 0
 rule 135 permit source 192.168.216.71 0
 rule 140 permit source 192.168.138.101 0
 rule 145 permit source 192.168.214.115 0
 rule 150 permit source 192.168.216.70 0
 rule 160 permit source 172.16.22.200 0
#
return
return
<core>
DEBUG:netmiko:write_channel: b'\n'
DEBUG:netmiko:read_channel: 
<core>
DEBUG:netmiko:read_channel: 
DEBUG:netmiko:read_channel: 
DEBUG:netmiko:write_channel: b'system-view\n'
DEBUG:netmiko:Pattern is: core
DEBUG:netmiko:_read_channel_expect read_data: system-vi
DEBUG:netmiko:_read_channel_expect read_data: ew
System View: return to User View with Ctrl+Z.
[core]
DEBUG:netmiko:Pattern found: core system-view
System View: return to User View with Ctrl+Z.
[core]
DEBUG:netmiko:write_channel: b'\n'
DEBUG:netmiko:read_channel: 
[core]
DEBUG:netmiko:read_channel: 
DEBUG:netmiko:read_channel: 
DEBUG:netmiko:write_channel: b'acl number 2020\n'
DEBUG:netmiko:Pattern is: acl\ number\ 2020
DEBUG:netmiko:_read_channel_expect read_data: acl number 2020

DEBUG:netmiko:Pattern found: acl\ number\ 2020 acl number 2020

DEBUG:netmiko:Pattern is: (?:core|#)
DEBUG:netmiko:_read_channel_expect read_data: [core-acl-ipv4-basic-2020]
DEBUG:netmiko:Pattern found: (?:core|#) [core-acl-ipv4-basic-2020]
DEBUG:netmiko:write_channel: b'rule 165 permit source 192.168.212.43 0\n'
DEBUG:netmiko:Pattern is: rule\ 165\ permit\ source\ 192\.168\.212\.43\ 0
DEBUG:netmiko:_read_channel_expect read_data: r
DEBUG:netmiko:_read_channel_expect read_data: ule 165 permit source 192.168.212.43 0

DEBUG:netmiko:Pattern found: rule\ 165\ permit\ source\ 192\.168\.212\.43\ 0 rule 165 permit source 192.168.212.43 0

DEBUG:netmiko:Pattern is: (?:core|#)
DEBUG:netmiko:_read_channel_expect read_data: [core-acl-ipv4-basic-2020]
DEBUG:netmiko:Pattern found: (?:core|#) [core-acl-ipv4-basic-2020]
DEBUG:netmiko:write_channel: b'\n'
DEBUG:netmiko:read_channel: 
[core-acl-ipv4-basic-2020]
DEBUG:netmiko:read_channel: 
DEBUG:netmiko:read_channel: 
DEBUG:netmiko:write_channel: b'return\n'
DEBUG:netmiko:Pattern is: >
DEBUG:netmiko:_read_channel_expect read_data: return

DEBUG:netmiko:_read_channel_expect read_data: <core>
DEBUG:netmiko:Pattern found: > return
<core>
DEBUG:netmiko:write_channel: b'\n'
DEBUG:netmiko:read_channel: 
<core>
DEBUG:netmiko:read_channel: 
DEBUG:netmiko:read_channel: 
DEBUG:netmiko:exit_config_mode: return
<core>
DEBUG:netmiko:system-view
System View: return to User View with Ctrl+Z.
[core]acl number 2020
[core-acl-ipv4-basic-2020]rule 165 permit source 192.168.212.43 0
[core-acl-ipv4-basic-2020]return
<core>
DEBUG:netmiko:write_channel: b'exit\n'
DEBUG:paramiko.transport:EOF in transport thread
DEBUG:paramiko.transport:starting thread (client mode): 0x8534f5b0
DEBUG:paramiko.transport:Local version/idstring: SSH-2.0-paramiko_2.7.2
DEBUG:paramiko.transport:Remote version/idstring: SSH-2.0-Comware-7.1.070
INFO:paramiko.transport:Connected (version 2.0, client Comware-7.1.070)
DEBUG:paramiko.transport:kex algos:['ecdh-sha2-nistp256', 'ecdh-sha2-nistp384', 'diffie-hellman-group-exchange-sha1', 'diffie-hellman-group14-sha1', 'diffie-hellman-group1-sha1'] server key:['ssh-rsa'] client encrypt:['aes128-ctr', 'aes192-ctr', 'aes256-ctr', 'AEAD_AES_128_GCM', 'AEAD_AES_256_GCM', 'aes128-cbc', '3des-cbc', 'aes256-cbc', 'des-cbc'] server encrypt:['aes128-ctr', 'aes192-ctr', 'aes256-ctr', 'AEAD_AES_128_GCM', 'AEAD_AES_256_GCM', 'aes128-cbc', '3des-cbc', 'aes256-cbc', 'des-cbc'] client mac:['hmac-sha2-256', 'hmac-sha2-512', 'hmac-sha1', 'hmac-md5', 'hmac-sha1-96', 'hmac-md5-96'] server mac:['hmac-sha2-256', 'hmac-sha2-512', 'hmac-sha1', 'hmac-md5', 'hmac-sha1-96', 'hmac-md5-96'] client compress:['none', 'zlib', 'zlib@openssh.com'] server compress:['none', 'zlib', 'zlib@openssh.com'] client lang:[''] server lang:[''] kex follows?False
DEBUG:paramiko.transport:Kex agreed: ecdh-sha2-nistp256
DEBUG:paramiko.transport:HostKey agreed: ssh-rsa
DEBUG:paramiko.transport:Cipher agreed: aes128-ctr
DEBUG:paramiko.transport:MAC agreed: hmac-sha2-256
DEBUG:paramiko.transport:Compression agreed: none
DEBUG:paramiko.transport:kex engine KexNistp256 specified hash_algo <built-in function openssl_sha256>
DEBUG:paramiko.transport:Switch to new keys ...
DEBUG:paramiko.transport:Adding ssh-rsa host key for 192.168.136.1: b'91b6fba4d581f09405ec87eabef48312'
DEBUG:paramiko.transport:userauth is OK
INFO:paramiko.transport:Authentication (password) successful!
DEBUG:paramiko.transport:[chan 0] Max packet in: 32768 bytes
DEBUG:paramiko.transport:[chan 0] Max packet out: 32768 bytes
DEBUG:paramiko.transport:Secsh channel 0 opened.
DEBUG:paramiko.transport:[chan 0] Sesch channel 0 request ok
DEBUG:paramiko.transport:[chan 0] Sesch channel 0 request ok
DEBUG:netmiko:write_channel: b'\n'
DEBUG:netmiko:write_channel: b'\n'
DEBUG:netmiko:write_channel: b'\n'
DEBUG:netmiko:write_channel: b'\n'
DEBUG:netmiko:read_channel: 


 ******************************************************************************
* Copyright (c) 2004-2019 New H3C Technologies Co., Ltd. All rights reserved.*
* Without the owner's prior written consent,                                 *
* no decompiling or reverse-engineering shall be allowed.                    *
******************************************************************************

 


DEBUG:netmiko:Clear buffer detects data in the channel
DEBUG:netmiko:read_channel: <core>
<core>
<core>
<core>
<core>
DEBUG:netmiko:Clear buffer detects data in the channel
DEBUG:netmiko:read_channel: 
DEBUG:netmiko:read_channel: 
DEBUG:netmiko:read_channel: 
DEBUG:netmiko:write_channel: b'\n'
DEBUG:netmiko:read_channel: 
<core>
DEBUG:netmiko:read_channel: 
DEBUG:netmiko:read_channel: 
DEBUG:netmiko:read_channel: 
DEBUG:netmiko:write_channel: b'\n'
DEBUG:netmiko:read_channel: 
<core>
DEBUG:netmiko:read_channel: 
DEBUG:netmiko:[find_prompt()]: prompt is <core>
DEBUG:netmiko:In disable_paging
DEBUG:netmiko:Command: 
screen-length disable

DEBUG:netmiko:write_channel: b'\nscreen-length disable\n'
DEBUG:netmiko:Pattern is: core
DEBUG:netmiko:_read_channel_expect read_data: 
<core>screen-length disable

DEBUG:netmiko:Pattern found: core 
<core>screen-length disable

DEBUG:netmiko:
<core>screen-length disable

DEBUG:netmiko:Exiting disable_paging
DEBUG:netmiko:read_channel: <core>
DEBUG:netmiko:Clear buffer detects data in the channel
DEBUG:netmiko:read_channel: 
DEBUG:netmiko:read_channel: 
DEBUG:netmiko:write_channel: b'\n'
DEBUG:netmiko:read_channel: 
<core>
DEBUG:netmiko:read_channel: 
DEBUG:netmiko:[find_prompt()]: prompt is <core>
DEBUG:netmiko:read_channel: 
DEBUG:netmiko:write_channel: b'dis acl 2020\n'
DEBUG:netmiko:read_channel: dis acl 2020
Basic IPv4 ACL 2020, 32 rules,
fanqiang_NAT
ACL's step is 5, start ID is 0
 rule 2 permit source 192.168.112.0 0.0.0.255
 rule 7 permit source 172.16.30.0 0.0.0.255
 rule 10 permit source 192.168.138.44 0
 rule 15 permit source 172.16.22.229 0
 rule 20 permit source 172.16.22.190 0
 rule 25 permit source 172.16.23.176 0
 rule 30 permit source 172.16.22.39 0
 rule 35 permit source 172.16.22.213 0
 rule 40 permit source 172.16.23.97 0
 rule 45 permit source 192.168.214.35 0
 rule 50 permit source 172.16.23.239 0
 rule 55 permit source 172.16.23.39 0
 rule 60 permit source 172.16.23.95 0
 rule 65 permit source 172.16.22.222 0
 rule 70 permit source 172.16.23.58 0
 rule 75 permit source 172.16.22.129 0
 rule 80 permit source 172.16.22.180 0
 rule 85 permit source 172.16.40.4 0
 rule 90 permit source 192.168.138.27 0
 rule 95 permit source 192.168.214.116 0
 rule 100 permit source 192.168.214.102 0
 rule 105 permit source 192.168.138.5 0
 rule 110 permit source 172.16.22.231 0
 rule 115 permit source 192.168.214.101 0
 rule 125 permit source 172.16.40.197 0
 rule 130 permit source 172.16.40.198 0
 rule 135 permit source 192.168.216.71 0
 rule 140 permit source 192.168.138.101 0
 rule 145 permit source 192.168.214.115 0
 rule 150 permit source 192.168.216.70 0
 rule 160 permit source 172.16.22.200 0
 rule 165 permit source 192.168.212.43 0

<core>
DEBUG:netmiko:write_channel: b'exit\n'
DEBUG:paramiko.transport:EOF in transport thread
DEBUG:netmiko:Stripping ANSI escape codes
DEBUG:netmiko:new_output = 
DEBUG:netmiko:repr = ''
DEBUG:netmiko:read_channel: 
DEBUG:netmiko:write_channel: b'\n'
DEBUG:netmiko:Stripping ANSI escape codes
DEBUG:netmiko:new_output = 
<core>
DEBUG:netmiko:repr = '\r\r\n<core>'
DEBUG:netmiko:read_channel: 
<core>
DEBUG:netmiko:Stripping ANSI escape codes
DEBUG:netmiko:new_output = 
DEBUG:netmiko:repr = ''
DEBUG:netmiko:read_channel: 
DEBUG:netmiko:[find_prompt()]: prompt is <core>
DEBUG:netmiko:Stripping ANSI escape codes
DEBUG:netmiko:new_output = 
DEBUG:netmiko:repr = ''
DEBUG:netmiko:read_channel: 
DEBUG:netmiko:write_channel: b'save force\n'
DEBUG:netmiko:Pattern is: save\ force
DEBUG:netmiko:Stripping ANSI escape codes
DEBUG:netmiko:new_output = save force

DEBUG:netmiko:repr = 'save force\r\r\n'
DEBUG:netmiko:_read_channel_expect read_data: save force

DEBUG:netmiko:Pattern found: save\ force save force

DEBUG:netmiko:Stripping ANSI escape codes
DEBUG:netmiko:new_output = Validating file. Please wait...

DEBUG:netmiko:repr = 'Validating file. Please wait...\r\r\n'
DEBUG:netmiko:read_channel: Validating file. Please wait...

DEBUG:netmiko:Stripping ANSI escape codes
DEBUG:netmiko:new_output = 
DEBUG:netmiko:repr = ''
DEBUG:netmiko:read_channel: 
DEBUG:netmiko:Stripping ANSI escape codes
DEBUG:netmiko:new_output = 
DEBUG:netmiko:repr = ''
DEBUG:netmiko:read_channel: 
DEBUG:netmiko:Stripping ANSI escape codes
DEBUG:netmiko:new_output = 
DEBUG:netmiko:repr = ''
DEBUG:netmiko:read_channel: 
DEBUG:netmiko:Stripping ANSI escape codes
DEBUG:netmiko:new_output = 
DEBUG:netmiko:repr = ''
DEBUG:netmiko:read_channel: 
DEBUG:netmiko:Stripping ANSI escape codes
DEBUG:netmiko:new_output = 
DEBUG:netmiko:repr = ''
DEBUG:netmiko:read_channel: 
DEBUG:netmiko:Stripping ANSI escape codes
DEBUG:netmiko:new_output = 
DEBUG:netmiko:repr = ''
DEBUG:netmiko:read_channel: 
DEBUG:netmiko:Stripping ANSI escape codes
DEBUG:netmiko:new_output = 
DEBUG:netmiko:repr = ''
DEBUG:netmiko:read_channel: 
DEBUG:netmiko:Stripping ANSI escape codes
DEBUG:netmiko:new_output = 
DEBUG:netmiko:repr = ''
DEBUG:netmiko:read_channel: 
DEBUG:netmiko:Stripping ANSI escape codes
DEBUG:netmiko:new_output = 
DEBUG:netmiko:repr = ''
DEBUG:netmiko:read_channel: 
DEBUG:netmiko:Stripping ANSI escape codes
DEBUG:netmiko:new_output = 
DEBUG:netmiko:repr = ''
DEBUG:netmiko:read_channel: 
DEBUG:netmiko:Stripping ANSI escape codes
DEBUG:netmiko:new_output = 
DEBUG:netmiko:repr = ''
DEBUG:netmiko:read_channel: 
DEBUG:netmiko:Stripping ANSI escape codes
DEBUG:netmiko:new_output = 
DEBUG:netmiko:repr = ''
DEBUG:netmiko:read_channel: 
DEBUG:netmiko:Stripping ANSI escape codes
DEBUG:netmiko:new_output = 
DEBUG:netmiko:repr = ''
DEBUG:netmiko:read_channel: 
DEBUG:netmiko:Stripping ANSI escape codes
DEBUG:netmiko:new_output = 
DEBUG:netmiko:repr = ''
DEBUG:netmiko:read_channel: 
DEBUG:netmiko:Stripping ANSI escape codes
DEBUG:netmiko:new_output = 
DEBUG:netmiko:repr = ''
DEBUG:netmiko:read_channel: 
DEBUG:netmiko:Stripping ANSI escape codes
DEBUG:netmiko:new_output = 
DEBUG:netmiko:repr = ''
DEBUG:netmiko:read_channel: 
DEBUG:netmiko:Stripping ANSI escape codes
DEBUG:netmiko:new_output = Saved the current configuration to mainboard device successfully.
Slot 1:

DEBUG:netmiko:repr = 'Saved the current configuration to mainboard device successfully.\r\r\nSlot 1:\r\r\n'
DEBUG:netmiko:read_channel: Saved the current configuration to mainboard device successfully.
Slot 1:

DEBUG:netmiko:Stripping ANSI escape codes
DEBUG:netmiko:new_output = 
DEBUG:netmiko:repr = ''
DEBUG:netmiko:read_channel: 
DEBUG:netmiko:Stripping ANSI escape codes
DEBUG:netmiko:new_output = 
DEBUG:netmiko:repr = ''
DEBUG:netmiko:read_channel: 
DEBUG:netmiko:Stripping ANSI escape codes
DEBUG:netmiko:new_output = 
DEBUG:netmiko:repr = ''
DEBUG:netmiko:read_channel: 
DEBUG:netmiko:Stripping ANSI escape codes
DEBUG:netmiko:new_output = 
DEBUG:netmiko:repr = ''
DEBUG:netmiko:read_channel: 
DEBUG:netmiko:Stripping ANSI escape codes
DEBUG:netmiko:new_output = 
DEBUG:netmiko:repr = ''
DEBUG:netmiko:read_channel: 
DEBUG:netmiko:Stripping ANSI escape codes
DEBUG:netmiko:new_output = 
DEBUG:netmiko:repr = ''
DEBUG:netmiko:read_channel: 
DEBUG:netmiko:Stripping ANSI escape codes
DEBUG:netmiko:new_output = 
DEBUG:netmiko:repr = ''
DEBUG:netmiko:read_channel: 
DEBUG:netmiko:Stripping ANSI escape codes
DEBUG:netmiko:new_output = 
DEBUG:netmiko:repr = ''
DEBUG:netmiko:read_channel: 
DEBUG:netmiko:Stripping ANSI escape codes
DEBUG:netmiko:new_output = 
DEBUG:netmiko:repr = ''
DEBUG:netmiko:read_channel: 
DEBUG:netmiko:Stripping ANSI escape codes
DEBUG:netmiko:new_output = 
DEBUG:netmiko:repr = ''
DEBUG:netmiko:read_channel: 
DEBUG:netmiko:Stripping ANSI escape codes
DEBUG:netmiko:new_output = 
DEBUG:netmiko:repr = ''
DEBUG:netmiko:read_channel: 
DEBUG:netmiko:Stripping ANSI escape codes
DEBUG:netmiko:new_output = 
DEBUG:netmiko:repr = ''
DEBUG:netmiko:read_channel: 
DEBUG:netmiko:Stripping ANSI escape codes
DEBUG:netmiko:new_output = 
DEBUG:netmiko:repr = ''
DEBUG:netmiko:read_channel: 
DEBUG:netmiko:Stripping ANSI escape codes
DEBUG:netmiko:new_output = 
DEBUG:netmiko:repr = ''
DEBUG:netmiko:read_channel: 
DEBUG:netmiko:Stripping ANSI escape codes
DEBUG:netmiko:new_output = 
DEBUG:netmiko:repr = ''
DEBUG:netmiko:read_channel: 
DEBUG:netmiko:Stripping ANSI escape codes
DEBUG:netmiko:new_output = 
DEBUG:netmiko:repr = ''
DEBUG:netmiko:read_channel: 
DEBUG:netmiko:Stripping ANSI escape codes
DEBUG:netmiko:new_output = 
DEBUG:netmiko:repr = ''
DEBUG:netmiko:read_channel: 
DEBUG:netmiko:Stripping ANSI escape codes
DEBUG:netmiko:new_output = 
DEBUG:netmiko:repr = ''
DEBUG:netmiko:read_channel: 
DEBUG:netmiko:Stripping ANSI escape codes
DEBUG:netmiko:new_output = 
DEBUG:netmiko:repr = ''
DEBUG:netmiko:read_channel: 
DEBUG:netmiko:Stripping ANSI escape codes
DEBUG:netmiko:new_output = 
DEBUG:netmiko:repr = ''
DEBUG:netmiko:read_channel: 
DEBUG:netmiko:Stripping ANSI escape codes
DEBUG:netmiko:new_output = 
DEBUG:netmiko:repr = ''
DEBUG:netmiko:read_channel: 
DEBUG:netmiko:Stripping ANSI escape codes
DEBUG:netmiko:new_output = Save next configuration file successfully.
<core>
DEBUG:netmiko:repr = 'Save next configuration file successfully.\r\r\n<core>'
DEBUG:netmiko:read_channel: Save next configuration file successfully.
<core>
DEBUG:netmiko:write_channel: b'exit\n'
DEBUG:paramiko.transport:starting thread (client mode): 0x6f3cb970
DEBUG:paramiko.transport:Local version/idstring: SSH-2.0-paramiko_2.7.2
DEBUG:paramiko.transport:Remote version/idstring: SSH-2.0-Comware-7.1.070
INFO:paramiko.transport:Connected (version 2.0, client Comware-7.1.070)
DEBUG:paramiko.transport:kex algos:['ecdh-sha2-nistp256', 'ecdh-sha2-nistp384', 'diffie-hellman-group-exchange-sha1', 'diffie-hellman-group14-sha1', 'diffie-hellman-group1-sha1'] server key:['ssh-rsa'] client encrypt:['aes128-ctr', 'aes192-ctr', 'aes256-ctr', 'AEAD_AES_128_GCM', 'AEAD_AES_256_GCM', 'aes128-cbc', '3des-cbc', 'aes256-cbc', 'des-cbc'] server encrypt:['aes128-ctr', 'aes192-ctr', 'aes256-ctr', 'AEAD_AES_128_GCM', 'AEAD_AES_256_GCM', 'aes128-cbc', '3des-cbc', 'aes256-cbc', 'des-cbc'] client mac:['hmac-sha2-256', 'hmac-sha2-512', 'hmac-sha1', 'hmac-md5', 'hmac-sha1-96', 'hmac-md5-96'] server mac:['hmac-sha2-256', 'hmac-sha2-512', 'hmac-sha1', 'hmac-md5', 'hmac-sha1-96', 'hmac-md5-96'] client compress:['none', 'zlib', 'zlib@openssh.com'] server compress:['none', 'zlib', 'zlib@openssh.com'] client lang:[''] server lang:[''] kex follows?False
DEBUG:paramiko.transport:Kex agreed: ecdh-sha2-nistp256
DEBUG:paramiko.transport:HostKey agreed: ssh-rsa
DEBUG:paramiko.transport:Cipher agreed: aes128-ctr
DEBUG:paramiko.transport:MAC agreed: hmac-sha2-256
DEBUG:paramiko.transport:Compression agreed: none
DEBUG:paramiko.transport:kex engine KexNistp256 specified hash_algo <built-in function openssl_sha256>
DEBUG:paramiko.transport:Switch to new keys ...
DEBUG:paramiko.transport:Adding ssh-rsa host key for 192.168.136.1: b'91b6fba4d581f09405ec87eabef48312'
DEBUG:paramiko.transport:userauth is OK
INFO:paramiko.transport:Authentication (password) successful!
DEBUG:paramiko.transport:[chan 0] Max packet in: 32768 bytes
DEBUG:paramiko.transport:[chan 0] Max packet out: 32768 bytes
DEBUG:paramiko.transport:Secsh channel 0 opened.
DEBUG:paramiko.transport:[chan 0] Sesch channel 0 request ok
DEBUG:paramiko.transport:[chan 0] Sesch channel 0 request ok
DEBUG:netmiko:Pattern is: ((Change now|Please choose))|([\]>]\s*$)
DEBUG:netmiko:_read_channel_expect read_data: 
 
DEBUG:netmiko:_read_channel_expect read_data: ******************************************************************************
* Copyright (c) 2004-2019 New H3C Technologies Co., Ltd. All rights reserved.*
* Without the owner's prior written consent,                                 *
* no decompiling or reverse-engineering shall be allowed.                    *
******************************************************************************

 
DEBUG:netmiko:_read_channel_expect read_data: <core>
DEBUG:netmiko:Pattern found: ((Change now|Please choose))|([\]>]\s*$) 
 ******************************************************************************
* Copyright (c) 2004-2019 New H3C Technologies Co., Ltd. All rights reserved.*
* Without the owner's prior written consent,                                 *
* no decompiling or reverse-engineering shall be allowed.                    *
******************************************************************************

 <core>
DEBUG:netmiko:write_channel: b'N\n'
DEBUG:netmiko:read_channel: N
      ^
 % Unrecognized command found at '^' position.
<core>
DEBUG:netmiko:Clear buffer detects data in the channel
DEBUG:netmiko:read_channel: 
DEBUG:netmiko:Stripping ANSI escape codes
DEBUG:netmiko:new_output = 
DEBUG:netmiko:repr = ''
DEBUG:netmiko:read_channel: 
DEBUG:netmiko:Stripping ANSI escape codes
DEBUG:netmiko:new_output = 
DEBUG:netmiko:repr = ''
DEBUG:netmiko:read_channel: 
DEBUG:netmiko:write_channel: b'\n'
DEBUG:netmiko:Stripping ANSI escape codes
DEBUG:netmiko:new_output = 
<core>
DEBUG:netmiko:repr = '\r\r\n<core>'
DEBUG:netmiko:read_channel: 
<core>
DEBUG:netmiko:Stripping ANSI escape codes
DEBUG:netmiko:new_output = 
DEBUG:netmiko:repr = ''
DEBUG:netmiko:read_channel: 
DEBUG:netmiko:Stripping ANSI escape codes
DEBUG:netmiko:new_output = 
DEBUG:netmiko:repr = ''
DEBUG:netmiko:read_channel: 
DEBUG:netmiko:Stripping ANSI escape codes
DEBUG:netmiko:new_output = 
DEBUG:netmiko:repr = ''
DEBUG:netmiko:read_channel: 
DEBUG:netmiko:write_channel: b'\n'
DEBUG:netmiko:Stripping ANSI escape codes
DEBUG:netmiko:new_output = 
<core>
DEBUG:netmiko:repr = '\r\r\n<core>'
DEBUG:netmiko:read_channel: 
<core>
DEBUG:netmiko:prompt: core
DEBUG:netmiko:In disable_paging
DEBUG:netmiko:Command: screen-length 0 temporary

DEBUG:netmiko:write_channel: b'screen-length 0 temporary\n'
DEBUG:netmiko:Pattern is: screen\-length\ 0\ temporary
DEBUG:netmiko:Stripping ANSI escape codes
DEBUG:netmiko:new_output = screen-length 0 temporary

DEBUG:netmiko:repr = 'screen-length 0 temporary\r\r\n'
DEBUG:netmiko:_read_channel_expect read_data: screen-length 0 temporary

DEBUG:netmiko:Pattern found: screen\-length\ 0\ temporary screen-length 0 temporary

DEBUG:netmiko:screen-length 0 temporary

DEBUG:netmiko:Exiting disable_paging
DEBUG:netmiko:Stripping ANSI escape codes
DEBUG:netmiko:new_output =                     ^
 % Unrecognized command found at '^' position.
<core>
DEBUG:netmiko:repr = "                    ^\r\r\n % Unrecognized command found at '^' position.\r\r\n<core>"
DEBUG:netmiko:read_channel:                     ^
 % Unrecognized command found at '^' position.
<core>
DEBUG:netmiko:Clear buffer detects data in the channel
DEBUG:netmiko:Stripping ANSI escape codes
DEBUG:netmiko:new_output = 
DEBUG:netmiko:repr = ''
DEBUG:netmiko:read_channel: 
DEBUG:paramiko.transport:starting thread (client mode): 0xc2e85970
DEBUG:paramiko.transport:Local version/idstring: SSH-2.0-paramiko_2.7.2
DEBUG:paramiko.transport:Remote version/idstring: SSH-2.0-Comware-7.1.070
INFO:paramiko.transport:Connected (version 2.0, client Comware-7.1.070)
DEBUG:paramiko.transport:kex algos:['ecdh-sha2-nistp256', 'ecdh-sha2-nistp384', 'diffie-hellman-group-exchange-sha1', 'diffie-hellman-group14-sha1', 'diffie-hellman-group1-sha1'] server key:['ssh-rsa'] client encrypt:['aes128-ctr', 'aes192-ctr', 'aes256-ctr', 'AEAD_AES_128_GCM', 'AEAD_AES_256_GCM', 'aes128-cbc', '3des-cbc', 'aes256-cbc', 'des-cbc'] server encrypt:['aes128-ctr', 'aes192-ctr', 'aes256-ctr', 'AEAD_AES_128_GCM', 'AEAD_AES_256_GCM', 'aes128-cbc', '3des-cbc', 'aes256-cbc', 'des-cbc'] client mac:['hmac-sha2-256', 'hmac-sha2-512', 'hmac-sha1', 'hmac-md5', 'hmac-sha1-96', 'hmac-md5-96'] server mac:['hmac-sha2-256', 'hmac-sha2-512', 'hmac-sha1', 'hmac-md5', 'hmac-sha1-96', 'hmac-md5-96'] client compress:['none', 'zlib', 'zlib@openssh.com'] server compress:['none', 'zlib', 'zlib@openssh.com'] client lang:[''] server lang:[''] kex follows?False
DEBUG:paramiko.transport:Kex agreed: ecdh-sha2-nistp256
DEBUG:paramiko.transport:HostKey agreed: ssh-rsa
DEBUG:paramiko.transport:Cipher agreed: aes128-ctr
DEBUG:paramiko.transport:MAC agreed: hmac-sha2-256
DEBUG:paramiko.transport:Compression agreed: none
DEBUG:paramiko.transport:kex engine KexNistp256 specified hash_algo <built-in function openssl_sha256>
DEBUG:paramiko.transport:Switch to new keys ...
DEBUG:paramiko.transport:Adding ssh-rsa host key for 192.168.136.1: b'91b6fba4d581f09405ec87eabef48312'
DEBUG:paramiko.transport:userauth is OK
INFO:paramiko.transport:Authentication (password) successful!
DEBUG:paramiko.transport:[chan 0] Max packet in: 32768 bytes
DEBUG:paramiko.transport:[chan 0] Max packet out: 32768 bytes
DEBUG:paramiko.transport:Secsh channel 0 opened.
DEBUG:paramiko.transport:[chan 0] Sesch channel 0 request ok
DEBUG:paramiko.transport:[chan 0] Sesch channel 0 request ok
DEBUG:netmiko:Pattern is: ((Change now|Please choose))|([\]>]\s*$)
DEBUG:netmiko:_read_channel_expect read_data: 
 
DEBUG:netmiko:_read_channel_expect read_data: ******************************************************************************
* Copyright (c) 2004-2019 New H3C Technologies Co., Ltd. All rights reserved.*
* Without the owner's prior written consent,                                 *
* no decompiling or reverse-engineering shall be allowed.                    *
******************************************************************************

 
DEBUG:netmiko:_read_channel_expect read_data: <core>
DEBUG:netmiko:Pattern found: ((Change now|Please choose))|([\]>]\s*$) 
 ******************************************************************************
* Copyright (c) 2004-2019 New H3C Technologies Co., Ltd. All rights reserved.*
* Without the owner's prior written consent,                                 *
* no decompiling or reverse-engineering shall be allowed.                    *
******************************************************************************

 <core>
DEBUG:netmiko:write_channel: b'N\n'
DEBUG:netmiko:read_channel: N
      ^
 % Unrecognized command found at '^' position.
<core>
DEBUG:netmiko:Clear buffer detects data in the channel
DEBUG:netmiko:read_channel: 
DEBUG:netmiko:Stripping ANSI escape codes
DEBUG:netmiko:new_output = 
DEBUG:netmiko:repr = ''
DEBUG:netmiko:read_channel: 
DEBUG:netmiko:Stripping ANSI escape codes
DEBUG:netmiko:new_output = 
DEBUG:netmiko:repr = ''
DEBUG:netmiko:read_channel: 
DEBUG:netmiko:write_channel: b'\n'
DEBUG:netmiko:Stripping ANSI escape codes
DEBUG:netmiko:new_output = 
<core>
DEBUG:netmiko:repr = '\r\r\n<core>'
DEBUG:netmiko:read_channel: 
<core>
DEBUG:netmiko:Stripping ANSI escape codes
DEBUG:netmiko:new_output = 
DEBUG:netmiko:repr = ''
DEBUG:netmiko:read_channel: 
DEBUG:netmiko:Stripping ANSI escape codes
DEBUG:netmiko:new_output = 
DEBUG:netmiko:repr = ''
DEBUG:netmiko:read_channel: 
DEBUG:netmiko:Stripping ANSI escape codes
DEBUG:netmiko:new_output = 
DEBUG:netmiko:repr = ''
DEBUG:netmiko:read_channel: 
DEBUG:netmiko:write_channel: b'\n'
DEBUG:netmiko:Stripping ANSI escape codes
DEBUG:netmiko:new_output = 
<core>
DEBUG:netmiko:repr = '\r\r\n<core>'
DEBUG:netmiko:read_channel: 
<core>
DEBUG:netmiko:prompt: core
DEBUG:netmiko:In disable_paging
DEBUG:netmiko:Command: screen-length 0 temporary

DEBUG:netmiko:write_channel: b'screen-length 0 temporary\n'
DEBUG:netmiko:Pattern is: screen\-length\ 0\ temporary
DEBUG:netmiko:Stripping ANSI escape codes
DEBUG:netmiko:new_output = screen-length 0 temporary

DEBUG:netmiko:repr = 'screen-length 0 temporary\r\r\n'
DEBUG:netmiko:_read_channel_expect read_data: screen-length 0 temporary

DEBUG:netmiko:Pattern found: screen\-length\ 0\ temporary screen-length 0 temporary

DEBUG:netmiko:screen-length 0 temporary

DEBUG:netmiko:Exiting disable_paging
DEBUG:netmiko:Stripping ANSI escape codes
DEBUG:netmiko:new_output =                     ^
 % Unrecognized command found at '^' position.
<core>
DEBUG:netmiko:repr = "                    ^\r\r\n % Unrecognized command found at '^' position.\r\r\n<core>"
DEBUG:netmiko:read_channel:                     ^
 % Unrecognized command found at '^' position.
<core>
DEBUG:netmiko:Clear buffer detects data in the channel
DEBUG:netmiko:Stripping ANSI escape codes
DEBUG:netmiko:new_output = 
DEBUG:netmiko:repr = ''
DEBUG:netmiko:read_channel: 
DEBUG:paramiko.transport:starting thread (client mode): 0xf5fd1970
DEBUG:paramiko.transport:Local version/idstring: SSH-2.0-paramiko_2.7.2
DEBUG:paramiko.transport:Remote version/idstring: SSH-2.0-Comware-7.1.070
INFO:paramiko.transport:Connected (version 2.0, client Comware-7.1.070)
DEBUG:paramiko.transport:kex algos:['ecdh-sha2-nistp256', 'ecdh-sha2-nistp384', 'diffie-hellman-group-exchange-sha1', 'diffie-hellman-group14-sha1', 'diffie-hellman-group1-sha1'] server key:['ssh-rsa'] client encrypt:['aes128-ctr', 'aes192-ctr', 'aes256-ctr', 'AEAD_AES_128_GCM', 'AEAD_AES_256_GCM', 'aes128-cbc', '3des-cbc', 'aes256-cbc', 'des-cbc'] server encrypt:['aes128-ctr', 'aes192-ctr', 'aes256-ctr', 'AEAD_AES_128_GCM', 'AEAD_AES_256_GCM', 'aes128-cbc', '3des-cbc', 'aes256-cbc', 'des-cbc'] client mac:['hmac-sha2-256', 'hmac-sha2-512', 'hmac-sha1', 'hmac-md5', 'hmac-sha1-96', 'hmac-md5-96'] server mac:['hmac-sha2-256', 'hmac-sha2-512', 'hmac-sha1', 'hmac-md5', 'hmac-sha1-96', 'hmac-md5-96'] client compress:['none', 'zlib', 'zlib@openssh.com'] server compress:['none', 'zlib', 'zlib@openssh.com'] client lang:[''] server lang:[''] kex follows?False
DEBUG:paramiko.transport:Kex agreed: ecdh-sha2-nistp256
DEBUG:paramiko.transport:HostKey agreed: ssh-rsa
DEBUG:paramiko.transport:Cipher agreed: aes128-ctr
DEBUG:paramiko.transport:MAC agreed: hmac-sha2-256
DEBUG:paramiko.transport:Compression agreed: none
DEBUG:paramiko.transport:kex engine KexNistp256 specified hash_algo <built-in function openssl_sha256>
DEBUG:paramiko.transport:Switch to new keys ...
DEBUG:paramiko.transport:Adding ssh-rsa host key for 192.168.136.1: b'91b6fba4d581f09405ec87eabef48312'
DEBUG:paramiko.transport:userauth is OK
INFO:paramiko.transport:Authentication (password) successful!
DEBUG:paramiko.transport:[chan 0] Max packet in: 32768 bytes
DEBUG:paramiko.transport:[chan 0] Max packet out: 32768 bytes
DEBUG:paramiko.transport:Secsh channel 0 opened.
DEBUG:paramiko.transport:[chan 0] Sesch channel 0 request ok
DEBUG:paramiko.transport:[chan 0] Sesch channel 0 request ok
DEBUG:netmiko:Pattern is: ((Change now|Please choose))|([\]>]\s*$)
DEBUG:netmiko:_read_channel_expect read_data: 
 
DEBUG:netmiko:_read_channel_expect read_data: ******************************************************************************
* Copyright (c) 2004-2019 New H3C Technologies Co., Ltd. All rights reserved.*
* Without the owner's prior written consent,                                 *
* no decompiling or reverse-engineering shall be allowed.                    *
******************************************************************************

 
DEBUG:netmiko:_read_channel_expect read_data: <core>
DEBUG:netmiko:Pattern found: ((Change now|Please choose))|([\]>]\s*$) 
 ******************************************************************************
* Copyright (c) 2004-2019 New H3C Technologies Co., Ltd. All rights reserved.*
* Without the owner's prior written consent,                                 *
* no decompiling or reverse-engineering shall be allowed.                    *
******************************************************************************

 <core>
DEBUG:netmiko:write_channel: b'N\n'
DEBUG:netmiko:read_channel: N
      ^
 % Unrecognized command found at '^' position.
<core>
DEBUG:netmiko:Clear buffer detects data in the channel
DEBUG:netmiko:read_channel: 
DEBUG:netmiko:Stripping ANSI escape codes
DEBUG:netmiko:new_output = 
DEBUG:netmiko:repr = ''
DEBUG:netmiko:read_channel: 
DEBUG:netmiko:Stripping ANSI escape codes
DEBUG:netmiko:new_output = 
DEBUG:netmiko:repr = ''
DEBUG:netmiko:read_channel: 
DEBUG:netmiko:write_channel: b'\n'
DEBUG:netmiko:Stripping ANSI escape codes
DEBUG:netmiko:new_output = 
<core>
DEBUG:netmiko:repr = '\r\r\n<core>'
DEBUG:netmiko:read_channel: 
<core>
DEBUG:netmiko:Stripping ANSI escape codes
DEBUG:netmiko:new_output = 
DEBUG:netmiko:repr = ''
DEBUG:netmiko:read_channel: 
DEBUG:netmiko:Stripping ANSI escape codes
DEBUG:netmiko:new_output = 
DEBUG:netmiko:repr = ''
DEBUG:netmiko:read_channel: 
DEBUG:netmiko:Stripping ANSI escape codes
DEBUG:netmiko:new_output = 
DEBUG:netmiko:repr = ''
DEBUG:netmiko:read_channel: 
DEBUG:netmiko:write_channel: b'\n'
DEBUG:netmiko:Stripping ANSI escape codes
DEBUG:netmiko:new_output = 
<core>
DEBUG:netmiko:repr = '\r\r\n<core>'
DEBUG:netmiko:read_channel: 
<core>
DEBUG:netmiko:prompt: core
DEBUG:netmiko:In disable_paging
DEBUG:netmiko:Command: screen-length 0 temporary

DEBUG:netmiko:write_channel: b'screen-length 0 temporary\n'
DEBUG:netmiko:Pattern is: screen\-length\ 0\ temporary
DEBUG:netmiko:Stripping ANSI escape codes
DEBUG:netmiko:new_output = screen-length 0 temporary
                    ^
 % Unrecognized command found at '^' position.
<core>
DEBUG:netmiko:repr = "screen-length 0 temporary\r\r\n                    ^\r\r\n % Unrecognized command found at '^' position.\r\r\n<core>"
DEBUG:netmiko:_read_channel_expect read_data: screen-length 0 temporary
                    ^
 % Unrecognized command found at '^' position.
<core>
DEBUG:netmiko:Pattern found: screen\-length\ 0\ temporary screen-length 0 temporary
                    ^
 % Unrecognized command found at '^' position.
<core>
DEBUG:netmiko:screen-length 0 temporary
                    ^
 % Unrecognized command found at '^' position.
<core>
DEBUG:netmiko:Exiting disable_paging
DEBUG:netmiko:Stripping ANSI escape codes
DEBUG:netmiko:new_output = 
DEBUG:netmiko:repr = ''
DEBUG:netmiko:read_channel: 
DEBUG:paramiko.transport:starting thread (client mode): 0xf5f84c70
DEBUG:paramiko.transport:Local version/idstring: SSH-2.0-paramiko_2.7.2
DEBUG:paramiko.transport:Remote version/idstring: SSH-2.0-Comware-7.1.070
INFO:paramiko.transport:Connected (version 2.0, client Comware-7.1.070)
DEBUG:paramiko.transport:kex algos:['ecdh-sha2-nistp256', 'ecdh-sha2-nistp384', 'diffie-hellman-group-exchange-sha1', 'diffie-hellman-group14-sha1', 'diffie-hellman-group1-sha1'] server key:['ssh-rsa'] client encrypt:['aes128-ctr', 'aes192-ctr', 'aes256-ctr', 'AEAD_AES_128_GCM', 'AEAD_AES_256_GCM', 'aes128-cbc', '3des-cbc', 'aes256-cbc', 'des-cbc'] server encrypt:['aes128-ctr', 'aes192-ctr', 'aes256-ctr', 'AEAD_AES_128_GCM', 'AEAD_AES_256_GCM', 'aes128-cbc', '3des-cbc', 'aes256-cbc', 'des-cbc'] client mac:['hmac-sha2-256', 'hmac-sha2-512', 'hmac-sha1', 'hmac-md5', 'hmac-sha1-96', 'hmac-md5-96'] server mac:['hmac-sha2-256', 'hmac-sha2-512', 'hmac-sha1', 'hmac-md5', 'hmac-sha1-96', 'hmac-md5-96'] client compress:['none', 'zlib', 'zlib@openssh.com'] server compress:['none', 'zlib', 'zlib@openssh.com'] client lang:[''] server lang:[''] kex follows?False
DEBUG:paramiko.transport:Kex agreed: ecdh-sha2-nistp256
DEBUG:paramiko.transport:HostKey agreed: ssh-rsa
DEBUG:paramiko.transport:Cipher agreed: aes128-ctr
DEBUG:paramiko.transport:MAC agreed: hmac-sha2-256
DEBUG:paramiko.transport:Compression agreed: none
DEBUG:paramiko.transport:kex engine KexNistp256 specified hash_algo <built-in function openssl_sha256>
DEBUG:paramiko.transport:Switch to new keys ...
DEBUG:paramiko.transport:Adding ssh-rsa host key for 192.168.136.1: b'91b6fba4d581f09405ec87eabef48312'
DEBUG:paramiko.transport:userauth is OK
INFO:paramiko.transport:Authentication (password) successful!
DEBUG:paramiko.transport:[chan 0] Max packet in: 32768 bytes
DEBUG:paramiko.transport:[chan 0] Max packet out: 32768 bytes
DEBUG:paramiko.transport:Secsh channel 0 opened.
DEBUG:paramiko.transport:[chan 0] Sesch channel 0 request ok
DEBUG:paramiko.transport:[chan 0] Sesch channel 0 request ok
DEBUG:netmiko:write_channel: b'\n'
DEBUG:netmiko:write_channel: b'\n'
DEBUG:netmiko:write_channel: b'\n'
DEBUG:netmiko:write_channel: b'\n'
DEBUG:netmiko:read_channel: 


 ******************************************************************************
* Copyright (c) 2004-2019 New H3C Technologies Co., Ltd. All rights reserved.*
* Without the owner's prior written consent,                                 *
* no decompiling or reverse-engineering shall be allowed.                    *
******************************************************************************

 

<core>
<core>
<core>
<core>
<core>
DEBUG:netmiko:Clear buffer detects data in the channel
DEBUG:netmiko:read_channel: 
DEBUG:netmiko:read_channel: 
DEBUG:netmiko:read_channel: 
DEBUG:netmiko:write_channel: b'\n'
DEBUG:netmiko:read_channel: 
<core>
DEBUG:netmiko:read_channel: 
DEBUG:netmiko:read_channel: 
DEBUG:netmiko:read_channel: 
DEBUG:netmiko:write_channel: b'\n'
DEBUG:netmiko:read_channel: 
<core>
DEBUG:netmiko:read_channel: 
DEBUG:netmiko:[find_prompt()]: prompt is <core>
DEBUG:netmiko:In disable_paging
DEBUG:netmiko:Command: 
screen-length disable

DEBUG:netmiko:write_channel: b'\nscreen-length disable\n'
DEBUG:netmiko:Pattern is: core
DEBUG:netmiko:_read_channel_expect read_data: 
<core>scr
DEBUG:netmiko:Pattern found: core 
<core>scr
DEBUG:netmiko:
<core>scr
DEBUG:netmiko:Exiting disable_paging
DEBUG:netmiko:read_channel: een-length disable
<core>
DEBUG:netmiko:Clear buffer detects data in the channel
DEBUG:netmiko:read_channel: 
DEBUG:netmiko:read_channel: 
DEBUG:netmiko:write_channel: b'\n'
DEBUG:netmiko:read_channel: 
<core>
DEBUG:netmiko:read_channel: 
DEBUG:netmiko:[find_prompt()]: prompt is <core>
DEBUG:netmiko:read_channel: 
DEBUG:netmiko:write_channel: b'dis current-configuration | include static-bind\n'
DEBUG:netmiko:read_channel: dis current-configuration | include static-bind

DEBUG:netmiko:read_channel: 
DEBUG:netmiko:read_channel: 
DEBUG:netmiko:read_channel: 
DEBUG:netmiko:read_channel: 
DEBUG:netmiko:read_channel: 
DEBUG:netmiko:read_channel: 
DEBUG:netmiko:read_channel: 
DEBUG:netmiko:read_channel: 
DEBUG:netmiko:read_channel: 
DEBUG:netmiko:read_channel: 
DEBUG:netmiko:read_channel:  static-bind ip-address 172.16.22.39 mask 255.255.254.0 hardware-address dca4-ca17-5447
 static-bind ip-address 172.16.22.129 mask 255.255.254.0 hardware-address 3c22-fb86-3465
 static-bind ip-address 172.16.22.180 mask 255.255.0.0 hardware-address 3c22-fb6f-a872
 static-bind ip-address 172.16.22.185 mask 255.255.254.0 hardware-address 3829-5a73-dc27
 static-bind ip-address 172.16.22.190 mask 255.255.254.0 hardware-address a483-e7bf-b3a0
 static-bind ip-address 172.16.22.200 mask 255.255.255.0 hardware-address 98ca-3324-b5ac
 static-bind ip-address 172.16.22.222 mask 255.255.254.0 hardware-address 04d3-b0aa-be50
 static-bind ip-address 172.16.22.229 mask 255.255.254.0 hardware-address 3c22-fb8e-ad91
 static-bind ip-address 172.16.22.231 mask 255.255.254.0 hardware-address b8c1-11a4-975a
 static-bind ip-address 172.16.23.39 mask 255.255.254.0 hardware-address 8c85-905f-195e
 static-bind ip-address 172.16.23.58 mask 255.255.254.0 hardware-address 3436-3bce-fb44
 static-bind ip-address 172.16.23.95 mask 255.255.254.0 hardware-address 1063-c8af-4595
 static-bind ip-address 172.16.23.97 mask 255.255.254.0 hardware-address 4023-43c6-afaf
 static-bind ip-address 172.16.23.239 mask 255.255.254.0 hardware-address a45e-60f2-e207
 static-bind ip-address 172.16.23.243 mask 255.255.254.0 hardware-address 1865-90d8-902f
 static-bind ip-address 172.16.40.4 mask 255.255.255.0 hardware-address 1865-90df-49cf
 static-bind ip-address 172.16.40.197 mask 255.255.255.0 hardware-address 90f0-525d-eb2f
 static-bind ip-address 172.16.40.198 mask 255.255.255.0 hardware-address b440-a453-1a23
 static-bind ip-address 192.168.138.27 mask 255.255.255.0 hardware-address 00e0-4c36-6fa0
 static-bind ip-address 192.168.138.31 mask 255.255.255.0 hardware-address b42e-9970-644d
 static-bind ip-address 192.168.138.44 mask 255.255.255.0 hardware-address 149d-997a-2bc9
 static-bind ip-address 192.168.138.239 mask 255.255.255.0 hardware-address 00cf-e037-413f
 static-bind ip-address 192.168.212.7 mask 255.255.255.0 hardware-address b42e-9971-19b2
 static-bind ip-address 192.168.212.15 mask 255.255.255.0 hardware-address 40b0-76a3-3838
 static-bind ip-address 192.168.212.43 mask 255.255.255.0 hardware-address b42e-9950-9301
 static-bind ip-address 192.168.212.52 mask 255.255.255.0 hardware-address 18c0-4d13-6cb9
 static-bind ip-address 192.168.212.53 mask 255.255.255.0 hardware-address 00e0-7097-80b0
 static-bind ip-address 192.168.212.71 mask 255.255.255.0 hardware-address 00e0-7097-8332
 static-bind ip-address 192.168.212.248 mask 255.255.255.0 hardware-address b42e-9988-eab1
 static-bind ip-address 192.168.214.35 mask 255.255.255.0 hardware-address b42e-996b-bc58
 static-bind ip-address 192.168.214.101 mask 255.255.255.0 hardware-address 18c0-4d12-d911
 static-bind ip-address 192.168.214.102 mask 255.255.255.0 hardware-address 00e0-709f-c987
 static-bind ip-address 192.168.214.113 mask 255.255.255.0 hardware-address 000e-c664-26fd
 static-bind ip-address 192.168.214.115 mask 255.255.255.0 hardware-address 000e-c664-26f9
 static-bind ip-address 192.168.214.116 mask 255.255.255.0 hardware-address 18c0-4d13-6c4c
<core>
DEBUG:netmiko:write_channel: b'exit\n'
DEBUG:paramiko.transport:EOF in transport thread
DEBUG:paramiko.transport:starting thread (client mode): 0xf5fa0af0
DEBUG:paramiko.transport:Local version/idstring: SSH-2.0-paramiko_2.7.2
DEBUG:paramiko.transport:Remote version/idstring: SSH-2.0-Comware-7.1.070
INFO:paramiko.transport:Connected (version 2.0, client Comware-7.1.070)
DEBUG:paramiko.transport:kex algos:['ecdh-sha2-nistp256', 'ecdh-sha2-nistp384', 'diffie-hellman-group-exchange-sha1', 'diffie-hellman-group14-sha1', 'diffie-hellman-group1-sha1'] server key:['ssh-rsa'] client encrypt:['aes128-ctr', 'aes192-ctr', 'aes256-ctr', 'AEAD_AES_128_GCM', 'AEAD_AES_256_GCM', 'aes128-cbc', '3des-cbc', 'aes256-cbc', 'des-cbc'] server encrypt:['aes128-ctr', 'aes192-ctr', 'aes256-ctr', 'AEAD_AES_128_GCM', 'AEAD_AES_256_GCM', 'aes128-cbc', '3des-cbc', 'aes256-cbc', 'des-cbc'] client mac:['hmac-sha2-256', 'hmac-sha2-512', 'hmac-sha1', 'hmac-md5', 'hmac-sha1-96', 'hmac-md5-96'] server mac:['hmac-sha2-256', 'hmac-sha2-512', 'hmac-sha1', 'hmac-md5', 'hmac-sha1-96', 'hmac-md5-96'] client compress:['none', 'zlib', 'zlib@openssh.com'] server compress:['none', 'zlib', 'zlib@openssh.com'] client lang:[''] server lang:[''] kex follows?False
DEBUG:paramiko.transport:Kex agreed: ecdh-sha2-nistp256
DEBUG:paramiko.transport:HostKey agreed: ssh-rsa
DEBUG:paramiko.transport:Cipher agreed: aes128-ctr
DEBUG:paramiko.transport:MAC agreed: hmac-sha2-256
DEBUG:paramiko.transport:Compression agreed: none
DEBUG:paramiko.transport:kex engine KexNistp256 specified hash_algo <built-in function openssl_sha256>
DEBUG:paramiko.transport:Switch to new keys ...
DEBUG:paramiko.transport:Adding ssh-rsa host key for 192.168.136.1: b'91b6fba4d581f09405ec87eabef48312'
DEBUG:paramiko.transport:userauth is OK
INFO:paramiko.transport:Authentication (password) successful!
DEBUG:paramiko.transport:[chan 0] Max packet in: 32768 bytes
DEBUG:paramiko.transport:[chan 0] Max packet out: 32768 bytes
DEBUG:paramiko.transport:Secsh channel 0 opened.
DEBUG:paramiko.transport:[chan 0] Sesch channel 0 request ok
DEBUG:paramiko.transport:[chan 0] Sesch channel 0 request ok
DEBUG:netmiko:write_channel: b'\n'
DEBUG:netmiko:write_channel: b'\n'
DEBUG:netmiko:write_channel: b'\n'
DEBUG:netmiko:write_channel: b'\n'
DEBUG:netmiko:read_channel: 


 ******************************************************************************
* Copyright (c) 2004-2019 New H3C Technologies Co., Ltd. All rights reserved.*
* Without the owner's prior written consent,                                 *
* no decompiling or reverse-engineering shall be allowed.                    *
******************************************************************************

 

<core>
<core>
<core>
<core>
<core>
DEBUG:netmiko:Clear buffer detects data in the channel
DEBUG:netmiko:read_channel: 
DEBUG:netmiko:read_channel: 
DEBUG:netmiko:read_channel: 
DEBUG:netmiko:write_channel: b'\n'
DEBUG:netmiko:read_channel: 
<core>
DEBUG:netmiko:read_channel: 
DEBUG:netmiko:read_channel: 
DEBUG:netmiko:read_channel: 
DEBUG:netmiko:write_channel: b'\n'
DEBUG:netmiko:read_channel: 
<core>
DEBUG:netmiko:read_channel: 
DEBUG:netmiko:[find_prompt()]: prompt is <core>
DEBUG:netmiko:In disable_paging
DEBUG:netmiko:Command: 
screen-length disable

DEBUG:netmiko:write_channel: b'\nscreen-length disable\n'
DEBUG:netmiko:Pattern is: core
DEBUG:netmiko:_read_channel_expect read_data: 
<core>screen-length disable

DEBUG:netmiko:Pattern found: core 
<core>screen-length disable

DEBUG:netmiko:
<core>screen-length disable

DEBUG:netmiko:Exiting disable_paging
DEBUG:netmiko:read_channel: <core>
DEBUG:netmiko:Clear buffer detects data in the channel
DEBUG:netmiko:read_channel: 
DEBUG:netmiko:read_channel: 
DEBUG:netmiko:write_channel: b'\n'
DEBUG:netmiko:read_channel: 
<core>
DEBUG:netmiko:read_channel: 
DEBUG:netmiko:[find_prompt()]: prompt is <core>
DEBUG:netmiko:read_channel: 
DEBUG:netmiko:write_channel: b'dis acl 2020\n'
DEBUG:netmiko:read_channel: dis acl 2020
Basic IPv4 ACL 2020, 23 rules,
fanqiang_NAT
ACL's step is 5, start ID is 0
 rule 7 permit source 172.16.30.0 0.0.0.255
 rule 10 permit source 192.168.138.44 0
 rule 15 permit source 172.16.22.229 0
 rule 20 permit source 172.16.22.190 0
 rule 25 permit source 172.16.23.176 0
 rule 30 permit source 172.16.22.39 0
 rule 35 permit source 172.16.22.213 0
 rule 40 permit source 172.16.23.97 0
 rule 45 permit source 192.168.214.35 0
 rule 55 permit source 172.16.23.39 0
 rule 60 permit source 172.16.23.95 0
 rule 65 permit source 172.16.22.222 0
 rule 70 permit source 172.16.23.58 0
 rule 75 permit source 172.16.22.129 0
 rule 80 permit source 172.16.22.180 0
 rule 85 permit source 172.16.40.4 0
 rule 90 permit source 192.168.138.27 0
 rule 110 permit source 172.16.22.231 0
 rule 125 permit source 172.16.40.197 0
 rule 130 permit source 172.16.40.198 0
 rule 145 permit source 192.168.214.115 0
 rule 150 permit source 192.168.216.70 0
 rule 160 permit source 172.16.22.200 0

<core>
DEBUG:netmiko:write_channel: b'exit\n'
DEBUG:paramiko.transport:EOF in transport thread
DEBUG:netmiko:Stripping ANSI escape codes
DEBUG:netmiko:new_output = 
DEBUG:netmiko:repr = ''
DEBUG:netmiko:read_channel: 
DEBUG:netmiko:write_channel: b'\n'
DEBUG:netmiko:Stripping ANSI escape codes
DEBUG:netmiko:new_output = 
<core>
DEBUG:netmiko:repr = '\r\r\n<core>'
DEBUG:netmiko:read_channel: 
<core>
DEBUG:netmiko:Stripping ANSI escape codes
DEBUG:netmiko:new_output = 
DEBUG:netmiko:repr = ''
DEBUG:netmiko:read_channel: 
DEBUG:netmiko:[find_prompt()]: prompt is <core>
DEBUG:netmiko:Stripping ANSI escape codes
DEBUG:netmiko:new_output = 
DEBUG:netmiko:repr = ''
DEBUG:netmiko:read_channel: 
DEBUG:netmiko:write_channel: b'dis dhcp server ip-in-use | include "192.168.138.31   \\w+"\n'
DEBUG:netmiko:Pattern is: dis\ dhcp\ server\ ip\-in\-use\ \|\ include\ "192\.168\.138\.31\ \ \ \\w\+"
DEBUG:netmiko:Stripping ANSI escape codes
DEBUG:netmiko:new_output = dis dhcp server ip-in-use | include "192.168.138.31   \w+
DEBUG:netmiko:repr = 'dis dhcp server ip-in-use | include "192.168.138.31   \\w+'
DEBUG:netmiko:_read_channel_expect read_data: dis dhcp server ip-in-use | include "192.168.138.31   \w+
DEBUG:netmiko:Stripping ANSI escape codes
DEBUG:netmiko:new_output = "

DEBUG:netmiko:repr = '"\r\r\n'
DEBUG:netmiko:_read_channel_expect read_data: "

DEBUG:netmiko:Pattern found: dis\ dhcp\ server\ ip\-in\-use\ \|\ include\ "192\.168\.138\.31\ \ \ \\w\+" dis dhcp server ip-in-use | include "192.168.138.31   \w+"

DEBUG:netmiko:Stripping ANSI escape codes
DEBUG:netmiko:new_output = 
DEBUG:netmiko:repr = ''
DEBUG:netmiko:read_channel: 
DEBUG:netmiko:Stripping ANSI escape codes
DEBUG:netmiko:new_output = 
DEBUG:netmiko:repr = ''
DEBUG:netmiko:read_channel: 
DEBUG:netmiko:Stripping ANSI escape codes
DEBUG:netmiko:new_output = 192.168.138.31   b42e-9970-644d        Feb 19 15:45:32 2013  Static(C)          

DEBUG:netmiko:repr = '192.168.138.31   b42e-9970-644d        Feb 19 15:45:32 2013  Static(C)          \r\r\n'
DEBUG:netmiko:read_channel: 192.168.138.31   b42e-9970-644d        Feb 19 15:45:32 2013  Static(C)          

DEBUG:netmiko:Stripping ANSI escape codes
DEBUG:netmiko:new_output = <core>
DEBUG:netmiko:repr = '<core>'
DEBUG:netmiko:read_channel: <core>
DEBUG:netmiko:Stripping ANSI escape codes
DEBUG:netmiko:new_output = 
DEBUG:netmiko:repr = ''
DEBUG:netmiko:read_channel: 
DEBUG:netmiko:write_channel: b'\n'
DEBUG:netmiko:Stripping ANSI escape codes
DEBUG:netmiko:new_output = 
<core>
DEBUG:netmiko:repr = '\r\r\n<core>'
DEBUG:netmiko:read_channel: 
<core>
DEBUG:netmiko:Stripping ANSI escape codes
DEBUG:netmiko:new_output = 
DEBUG:netmiko:repr = ''
DEBUG:netmiko:read_channel: 
DEBUG:netmiko:[find_prompt()]: prompt is <core>
DEBUG:netmiko:Stripping ANSI escape codes
DEBUG:netmiko:new_output = 
DEBUG:netmiko:repr = ''
DEBUG:netmiko:read_channel: 
DEBUG:netmiko:write_channel: b'dis mac-address | include b42e-9970-644d\n'
DEBUG:netmiko:Pattern is: dis\ mac\-address\ \|\ include\ b42e\-9970\-644d
DEBUG:netmiko:Stripping ANSI escape codes
DEBUG:netmiko:new_output = dis mac-address | include b42e-9970-644d

DEBUG:netmiko:repr = 'dis mac-address | include b42e-9970-644d\r\r\n'
DEBUG:netmiko:_read_channel_expect read_data: dis mac-address | include b42e-9970-644d

DEBUG:netmiko:Pattern found: dis\ mac\-address\ \|\ include\ b42e\-9970\-644d dis mac-address | include b42e-9970-644d

DEBUG:netmiko:Stripping ANSI escape codes
DEBUG:netmiko:new_output = 
DEBUG:netmiko:repr = ''
DEBUG:netmiko:read_channel: 
DEBUG:netmiko:Stripping ANSI escape codes
DEBUG:netmiko:new_output = 
DEBUG:netmiko:repr = ''
DEBUG:netmiko:read_channel: 
DEBUG:netmiko:Stripping ANSI escape codes
DEBUG:netmiko:new_output = 
DEBUG:netmiko:repr = ''
DEBUG:netmiko:read_channel: 
DEBUG:netmiko:Stripping ANSI escape codes
DEBUG:netmiko:new_output = 
DEBUG:netmiko:repr = ''
DEBUG:netmiko:read_channel: 
DEBUG:netmiko:Stripping ANSI escape codes
DEBUG:netmiko:new_output = b42e-9970-644d   138        Learned          BAGG3                    Y
<core>
DEBUG:netmiko:repr = 'b42e-9970-644d   138        Learned          BAGG3                    Y\r\r\n<core>'
DEBUG:netmiko:read_channel: b42e-9970-644d   138        Learned          BAGG3                    Y
<core>
DEBUG:paramiko.transport:starting thread (client mode): 0xf420aa00
DEBUG:paramiko.transport:Local version/idstring: SSH-2.0-paramiko_2.7.2
DEBUG:paramiko.transport:Remote version/idstring: SSH-2.0-Comware-7.1.070
INFO:paramiko.transport:Connected (version 2.0, client Comware-7.1.070)
DEBUG:paramiko.transport:kex algos:['ecdh-sha2-nistp256', 'ecdh-sha2-nistp384', 'diffie-hellman-group-exchange-sha1', 'diffie-hellman-group14-sha1', 'diffie-hellman-group1-sha1'] server key:['ssh-rsa'] client encrypt:['aes128-ctr', 'aes192-ctr', 'aes256-ctr', 'AEAD_AES_128_GCM', 'AEAD_AES_256_GCM', 'aes128-cbc', '3des-cbc', 'aes256-cbc', 'des-cbc'] server encrypt:['aes128-ctr', 'aes192-ctr', 'aes256-ctr', 'AEAD_AES_128_GCM', 'AEAD_AES_256_GCM', 'aes128-cbc', '3des-cbc', 'aes256-cbc', 'des-cbc'] client mac:['hmac-sha2-256', 'hmac-sha2-512', 'hmac-sha1', 'hmac-md5', 'hmac-sha1-96', 'hmac-md5-96'] server mac:['hmac-sha2-256', 'hmac-sha2-512', 'hmac-sha1', 'hmac-md5', 'hmac-sha1-96', 'hmac-md5-96'] client compress:['none', 'zlib', 'zlib@openssh.com'] server compress:['none', 'zlib', 'zlib@openssh.com'] client lang:[''] server lang:[''] kex follows?False
DEBUG:paramiko.transport:Kex agreed: ecdh-sha2-nistp256
DEBUG:paramiko.transport:HostKey agreed: ssh-rsa
DEBUG:paramiko.transport:Cipher agreed: aes128-ctr
DEBUG:paramiko.transport:MAC agreed: hmac-sha2-256
DEBUG:paramiko.transport:Compression agreed: none
DEBUG:paramiko.transport:kex engine KexNistp256 specified hash_algo <built-in function openssl_sha256>
DEBUG:paramiko.transport:Switch to new keys ...
DEBUG:paramiko.transport:Adding ssh-rsa host key for 192.168.136.13: b'10926a007c7f7da5cd4c7f9f21a1b4f7'
DEBUG:paramiko.transport:userauth is OK
INFO:paramiko.transport:Authentication (password) successful!
DEBUG:paramiko.transport:[chan 0] Max packet in: 32768 bytes
DEBUG:paramiko.transport:[chan 0] Max packet out: 32768 bytes
DEBUG:paramiko.transport:Secsh channel 0 opened.
DEBUG:paramiko.transport:[chan 0] Sesch channel 0 request ok
DEBUG:paramiko.transport:[chan 0] Sesch channel 0 request ok
DEBUG:netmiko:Pattern is: ((Change now|Please choose))|([\]>]\s*$)
DEBUG:netmiko:_read_channel_expect read_data: 
 
DEBUG:netmiko:_read_channel_expect read_data: ******************************************************************************
* Copyright (c) 2004-2018 New H3C Technologies Co., Ltd. All rights reserved.*
* Without the owner's prior written consent,                                 *
* no decompiling or reverse-engineering shall be allowed.                    *
******************************************************************************

 
DEBUG:netmiko:_read_channel_expect read_data: <SW13>
DEBUG:netmiko:Pattern found: ((Change now|Please choose))|([\]>]\s*$) 
 ******************************************************************************
* Copyright (c) 2004-2018 New H3C Technologies Co., Ltd. All rights reserved.*
* Without the owner's prior written consent,                                 *
* no decompiling or reverse-engineering shall be allowed.                    *
******************************************************************************

 <SW13>
DEBUG:netmiko:write_channel: b'N\n'
DEBUG:netmiko:read_channel: N
      ^
 % Unrecognized command found at '^' position.
<SW13>
DEBUG:netmiko:Clear buffer detects data in the channel
DEBUG:netmiko:read_channel: 
DEBUG:netmiko:Stripping ANSI escape codes
DEBUG:netmiko:new_output = 
DEBUG:netmiko:repr = ''
DEBUG:netmiko:read_channel: 
DEBUG:netmiko:Stripping ANSI escape codes
DEBUG:netmiko:new_output = 
DEBUG:netmiko:repr = ''
DEBUG:netmiko:read_channel: 
DEBUG:netmiko:write_channel: b'\n'
DEBUG:netmiko:Stripping ANSI escape codes
DEBUG:netmiko:new_output = 
<SW13>
DEBUG:netmiko:repr = '\r\r\n<SW13>'
DEBUG:netmiko:read_channel: 
<SW13>
DEBUG:netmiko:Stripping ANSI escape codes
DEBUG:netmiko:new_output = 
DEBUG:netmiko:repr = ''
DEBUG:netmiko:read_channel: 
DEBUG:netmiko:Stripping ANSI escape codes
DEBUG:netmiko:new_output = 
DEBUG:netmiko:repr = ''
DEBUG:netmiko:read_channel: 
DEBUG:netmiko:Stripping ANSI escape codes
DEBUG:netmiko:new_output = 
DEBUG:netmiko:repr = ''
DEBUG:netmiko:read_channel: 
DEBUG:netmiko:write_channel: b'\n'
DEBUG:netmiko:Stripping ANSI escape codes
DEBUG:netmiko:new_output = 
<SW13>
DEBUG:netmiko:repr = '\r\r\n<SW13>'
DEBUG:netmiko:read_channel: 
<SW13>
DEBUG:netmiko:prompt: SW13
DEBUG:netmiko:In disable_paging
DEBUG:netmiko:Command: screen-length 0 temporary

DEBUG:netmiko:write_channel: b'screen-length 0 temporary\n'
DEBUG:netmiko:Pattern is: screen\-length\ 0\ temporary
DEBUG:netmiko:Stripping ANSI escape codes
DEBUG:netmiko:new_output = screen-length 0 temporary

DEBUG:netmiko:repr = 'screen-length 0 temporary\r\r\n'
DEBUG:netmiko:_read_channel_expect read_data: screen-length 0 temporary

DEBUG:netmiko:Pattern found: screen\-length\ 0\ temporary screen-length 0 temporary

DEBUG:netmiko:screen-length 0 temporary

DEBUG:netmiko:Exiting disable_paging
DEBUG:netmiko:Stripping ANSI escape codes
DEBUG:netmiko:new_output =                     ^
 % Unrecognized command found at '^' position.
<SW13>
DEBUG:netmiko:repr = "                    ^\r\r\n % Unrecognized command found at '^' position.\r\r\n<SW13>"
DEBUG:netmiko:read_channel:                     ^
 % Unrecognized command found at '^' position.
<SW13>
DEBUG:netmiko:Clear buffer detects data in the channel
DEBUG:netmiko:Stripping ANSI escape codes
DEBUG:netmiko:new_output = 
DEBUG:netmiko:repr = ''
DEBUG:netmiko:read_channel: 
DEBUG:netmiko:Stripping ANSI escape codes
DEBUG:netmiko:new_output = 
DEBUG:netmiko:repr = ''
DEBUG:netmiko:read_channel: 
DEBUG:netmiko:write_channel: b'\n'
DEBUG:netmiko:Stripping ANSI escape codes
DEBUG:netmiko:new_output = 
<SW13>
DEBUG:netmiko:repr = '\r\r\n<SW13>'
DEBUG:netmiko:read_channel: 
<SW13>
DEBUG:netmiko:Stripping ANSI escape codes
DEBUG:netmiko:new_output = 
DEBUG:netmiko:repr = ''
DEBUG:netmiko:read_channel: 
DEBUG:netmiko:[find_prompt()]: prompt is <SW13>
DEBUG:netmiko:Stripping ANSI escape codes
DEBUG:netmiko:new_output = 
DEBUG:netmiko:repr = ''
DEBUG:netmiko:read_channel: 
DEBUG:netmiko:write_channel: b'dis mac-address | include b42e-9970-644d\n'
DEBUG:netmiko:Pattern is: dis\ mac\-address\ \|\ include\ b42e\-9970\-644d
DEBUG:netmiko:Stripping ANSI escape codes
DEBUG:netmiko:new_output = dis mac-address | include b42e-9970-644d

DEBUG:netmiko:repr = 'dis mac-address | include b42e-9970-644d\r\r\n'
DEBUG:netmiko:_read_channel_expect read_data: dis mac-address | include b42e-9970-644d

DEBUG:netmiko:Pattern found: dis\ mac\-address\ \|\ include\ b42e\-9970\-644d dis mac-address | include b42e-9970-644d

DEBUG:netmiko:Stripping ANSI escape codes
DEBUG:netmiko:new_output = 
DEBUG:netmiko:repr = ''
DEBUG:netmiko:read_channel: 
DEBUG:netmiko:Stripping ANSI escape codes
DEBUG:netmiko:new_output = 
DEBUG:netmiko:repr = ''
DEBUG:netmiko:read_channel: 
DEBUG:netmiko:Stripping ANSI escape codes
DEBUG:netmiko:new_output = b42e-9970-644d   138        Learned          GE1/0/27                 Y
<SW13>
DEBUG:netmiko:repr = 'b42e-9970-644d   138        Learned          GE1/0/27                 Y\r\r\n<SW13>'
DEBUG:netmiko:read_channel: b42e-9970-644d   138        Learned          GE1/0/27                 Y
<SW13>
DEBUG:netmiko:Stripping ANSI escape codes
DEBUG:netmiko:new_output = 
DEBUG:netmiko:repr = ''
DEBUG:netmiko:read_channel: 
DEBUG:netmiko:write_channel: b'\n'
DEBUG:netmiko:Stripping ANSI escape codes
DEBUG:netmiko:new_output = 
<SW13>
DEBUG:netmiko:repr = '\r\r\n<SW13>'
DEBUG:netmiko:read_channel: 
<SW13>
DEBUG:netmiko:Stripping ANSI escape codes
DEBUG:netmiko:new_output = 
DEBUG:netmiko:repr = ''
DEBUG:netmiko:read_channel: 
DEBUG:netmiko:[find_prompt()]: prompt is <SW13>
DEBUG:netmiko:Stripping ANSI escape codes
DEBUG:netmiko:new_output = 
DEBUG:netmiko:repr = ''
DEBUG:netmiko:read_channel: 
DEBUG:netmiko:write_channel: b'dis interface GE1/0/27 brief\n'
DEBUG:netmiko:Pattern is: dis\ interface\ GE1/0/27\ brief
DEBUG:netmiko:Stripping ANSI escape codes
DEBUG:netmiko:new_output = dis int
DEBUG:netmiko:repr = 'dis int'
DEBUG:netmiko:_read_channel_expect read_data: dis int
DEBUG:netmiko:Stripping ANSI escape codes
DEBUG:netmiko:new_output = erface GE1/0/27 brief
Brief information on interfaces in bridge mode:
Link: ADM - administratively down; Stby - standby
Speed: (a) - auto
Duplex: (a)/A - auto; H - half; F - full
Type: A - access; T - trunk; H - hybrid
Interface            Link Speed   Duplex Type PVID Description                
GE1/0/27             UP   1G(a)   F(a)   A    138  to-171
<SW13>
DEBUG:netmiko:repr = 'erface GE1/0/27 brief\r\r\nBrief information on interfaces in bridge mode:\r\r\nLink: ADM - administratively down; Stby - standby\r\r\nSpeed: (a) - auto\r\r\nDuplex: (a)/A - auto; H - half; F - full\r\r\nType: A - access; T - trunk; H - hybrid\r\r\nInterface            Link Speed   Duplex Type PVID Description                \r\r\nGE1/0/27             UP   1G(a)   F(a)   A    138  to-171\r\r\n<SW13>'
DEBUG:netmiko:_read_channel_expect read_data: erface GE1/0/27 brief
Brief information on interfaces in bridge mode:
Link: ADM - administratively down; Stby - standby
Speed: (a) - auto
Duplex: (a)/A - auto; H - half; F - full
Type: A - access; T - trunk; H - hybrid
Interface            Link Speed   Duplex Type PVID Description                
GE1/0/27             UP   1G(a)   F(a)   A    138  to-171
<SW13>
DEBUG:netmiko:Pattern found: dis\ interface\ GE1/0/27\ brief dis interface GE1/0/27 brief
Brief information on interfaces in bridge mode:
Link: ADM - administratively down; Stby - standby
Speed: (a) - auto
Duplex: (a)/A - auto; H - half; F - full
Type: A - access; T - trunk; H - hybrid
Interface            Link Speed   Duplex Type PVID Description                
GE1/0/27             UP   1G(a)   F(a)   A    138  to-171
<SW13>
DEBUG:netmiko:write_channel: b'exit\n'
DEBUG:paramiko.transport:EOF in transport thread
DEBUG:netmiko:Stripping ANSI escape codes
DEBUG:netmiko:new_output = 
DEBUG:netmiko:repr = ''
DEBUG:netmiko:read_channel: 
DEBUG:netmiko:write_channel: b'\n'
DEBUG:netmiko:Stripping ANSI escape codes
DEBUG:netmiko:new_output = 
<core>
DEBUG:netmiko:repr = '\r\r\n<core>'
DEBUG:netmiko:read_channel: 
<core>
DEBUG:netmiko:Stripping ANSI escape codes
DEBUG:netmiko:new_output = 
DEBUG:netmiko:repr = ''
DEBUG:netmiko:read_channel: 
DEBUG:netmiko:[find_prompt()]: prompt is <core>
DEBUG:netmiko:Stripping ANSI escape codes
DEBUG:netmiko:new_output = 
DEBUG:netmiko:repr = ''
DEBUG:netmiko:read_channel: 
DEBUG:netmiko:write_channel: b'save force\n'
DEBUG:netmiko:Pattern is: save\ force
DEBUG:netmiko:Stripping ANSI escape codes
DEBUG:netmiko:new_output = save force

DEBUG:netmiko:repr = 'save force\r\r\n'
DEBUG:netmiko:_read_channel_expect read_data: save force

DEBUG:netmiko:Pattern found: save\ force save force

DEBUG:netmiko:Stripping ANSI escape codes
DEBUG:netmiko:new_output = Validating file. Please wait...

DEBUG:netmiko:repr = 'Validating file. Please wait...\r\r\n'
DEBUG:netmiko:read_channel: Validating file. Please wait...

DEBUG:netmiko:Stripping ANSI escape codes
DEBUG:netmiko:new_output = 
DEBUG:netmiko:repr = ''
DEBUG:netmiko:read_channel: 
DEBUG:netmiko:Stripping ANSI escape codes
DEBUG:netmiko:new_output = 
DEBUG:netmiko:repr = ''
DEBUG:netmiko:read_channel: 
DEBUG:netmiko:Stripping ANSI escape codes
DEBUG:netmiko:new_output = 
DEBUG:netmiko:repr = ''
DEBUG:netmiko:read_channel: 
DEBUG:netmiko:Stripping ANSI escape codes
DEBUG:netmiko:new_output = 
DEBUG:netmiko:repr = ''
DEBUG:netmiko:read_channel: 
DEBUG:netmiko:Stripping ANSI escape codes
DEBUG:netmiko:new_output = 
DEBUG:netmiko:repr = ''
DEBUG:netmiko:read_channel: 
DEBUG:netmiko:Stripping ANSI escape codes
DEBUG:netmiko:new_output = 
DEBUG:netmiko:repr = ''
DEBUG:netmiko:read_channel: 
DEBUG:netmiko:Stripping ANSI escape codes
DEBUG:netmiko:new_output = 
DEBUG:netmiko:repr = ''
DEBUG:netmiko:read_channel: 
DEBUG:netmiko:Stripping ANSI escape codes
DEBUG:netmiko:new_output = 
DEBUG:netmiko:repr = ''
DEBUG:netmiko:read_channel: 
DEBUG:netmiko:Stripping ANSI escape codes
DEBUG:netmiko:new_output = 
DEBUG:netmiko:repr = ''
DEBUG:netmiko:read_channel: 
DEBUG:netmiko:Stripping ANSI escape codes
DEBUG:netmiko:new_output = 
DEBUG:netmiko:repr = ''
DEBUG:netmiko:read_channel: 
DEBUG:netmiko:Stripping ANSI escape codes
DEBUG:netmiko:new_output = 
DEBUG:netmiko:repr = ''
DEBUG:netmiko:read_channel: 
DEBUG:netmiko:Stripping ANSI escape codes
DEBUG:netmiko:new_output = 
DEBUG:netmiko:repr = ''
DEBUG:netmiko:read_channel: 
DEBUG:netmiko:Stripping ANSI escape codes
DEBUG:netmiko:new_output = 
DEBUG:netmiko:repr = ''
DEBUG:netmiko:read_channel: 
DEBUG:netmiko:Stripping ANSI escape codes
DEBUG:netmiko:new_output = 
DEBUG:netmiko:repr = ''
DEBUG:netmiko:read_channel: 
DEBUG:netmiko:Stripping ANSI escape codes
DEBUG:netmiko:new_output = 
DEBUG:netmiko:repr = ''
DEBUG:netmiko:read_channel: 
DEBUG:netmiko:Stripping ANSI escape codes
DEBUG:netmiko:new_output = 
DEBUG:netmiko:repr = ''
DEBUG:netmiko:read_channel: 
DEBUG:netmiko:Stripping ANSI escape codes
DEBUG:netmiko:new_output = 
DEBUG:netmiko:repr = ''
DEBUG:netmiko:read_channel: 
DEBUG:netmiko:Stripping ANSI escape codes
DEBUG:netmiko:new_output = Saved the current configuration to mainboard device successfully.
Slot 1:

DEBUG:netmiko:repr = 'Saved the current configuration to mainboard device successfully.\r\r\nSlot 1:\r\r\n'
DEBUG:netmiko:read_channel: Saved the current configuration to mainboard device successfully.
Slot 1:

DEBUG:netmiko:Stripping ANSI escape codes
DEBUG:netmiko:new_output = 
DEBUG:netmiko:repr = ''
DEBUG:netmiko:read_channel: 
DEBUG:netmiko:Stripping ANSI escape codes
DEBUG:netmiko:new_output = 
DEBUG:netmiko:repr = ''
DEBUG:netmiko:read_channel: 
DEBUG:netmiko:Stripping ANSI escape codes
DEBUG:netmiko:new_output = 
DEBUG:netmiko:repr = ''
DEBUG:netmiko:read_channel: 
DEBUG:netmiko:Stripping ANSI escape codes
DEBUG:netmiko:new_output = 
DEBUG:netmiko:repr = ''
DEBUG:netmiko:read_channel: 
DEBUG:netmiko:Stripping ANSI escape codes
DEBUG:netmiko:new_output = 
DEBUG:netmiko:repr = ''
DEBUG:netmiko:read_channel: 
DEBUG:netmiko:Stripping ANSI escape codes
DEBUG:netmiko:new_output = 
DEBUG:netmiko:repr = ''
DEBUG:netmiko:read_channel: 
DEBUG:netmiko:Stripping ANSI escape codes
DEBUG:netmiko:new_output = 
DEBUG:netmiko:repr = ''
DEBUG:netmiko:read_channel: 
DEBUG:netmiko:Stripping ANSI escape codes
DEBUG:netmiko:new_output = 
DEBUG:netmiko:repr = ''
DEBUG:netmiko:read_channel: 
DEBUG:netmiko:Stripping ANSI escape codes
DEBUG:netmiko:new_output = 
DEBUG:netmiko:repr = ''
DEBUG:netmiko:read_channel: 
DEBUG:netmiko:Stripping ANSI escape codes
DEBUG:netmiko:new_output = 
DEBUG:netmiko:repr = ''
DEBUG:netmiko:read_channel: 
DEBUG:netmiko:Stripping ANSI escape codes
DEBUG:netmiko:new_output = 
DEBUG:netmiko:repr = ''
DEBUG:netmiko:read_channel: 
DEBUG:netmiko:Stripping ANSI escape codes
DEBUG:netmiko:new_output = 
DEBUG:netmiko:repr = ''
DEBUG:netmiko:read_channel: 
DEBUG:netmiko:Stripping ANSI escape codes
DEBUG:netmiko:new_output = 
DEBUG:netmiko:repr = ''
DEBUG:netmiko:read_channel: 
DEBUG:netmiko:Stripping ANSI escape codes
DEBUG:netmiko:new_output = 
DEBUG:netmiko:repr = ''
DEBUG:netmiko:read_channel: 
DEBUG:netmiko:Stripping ANSI escape codes
DEBUG:netmiko:new_output = 
DEBUG:netmiko:repr = ''
DEBUG:netmiko:read_channel: 
DEBUG:netmiko:Stripping ANSI escape codes
DEBUG:netmiko:new_output = 
DEBUG:netmiko:repr = ''
DEBUG:netmiko:read_channel: 
DEBUG:netmiko:Stripping ANSI escape codes
DEBUG:netmiko:new_output = 
DEBUG:netmiko:repr = ''
DEBUG:netmiko:read_channel: 
DEBUG:netmiko:Stripping ANSI escape codes
DEBUG:netmiko:new_output = 
DEBUG:netmiko:repr = ''
DEBUG:netmiko:read_channel: 
DEBUG:netmiko:Stripping ANSI escape codes
DEBUG:netmiko:new_output = 
DEBUG:netmiko:repr = ''
DEBUG:netmiko:read_channel: 
DEBUG:netmiko:Stripping ANSI escape codes
DEBUG:netmiko:new_output = 
DEBUG:netmiko:repr = ''
DEBUG:netmiko:read_channel: 
DEBUG:netmiko:Stripping ANSI escape codes
DEBUG:netmiko:new_output = Save next configuration file successfully.
<core>
DEBUG:netmiko:repr = 'Save next configuration file successfully.\r\r\n<core>'
DEBUG:netmiko:read_channel: Save next configuration file successfully.
<core>
DEBUG:netmiko:write_channel: b'exit\n'
